Component: ARM Compiler 5.06 update 6 (build 750) Tool: armlink [4d35ed]

==============================================================================

Section Cross References

    stm32746g_discovery.o(i.BSP_COM_DeInit) refers to stm32f7xx_hal_uart.o(i.HAL_UART_DeInit) for HAL_UART_DeInit
    stm32746g_discovery.o(i.BSP_COM_DeInit) refers to stm32746g_discovery.o(.data) for .data
    stm32746g_discovery.o(i.BSP_COM_Init) refers to stm32f7xx_hal_gpio.o(i.HAL_GPIO_Init) for HAL_GPIO_Init
    stm32746g_discovery.o(i.BSP_COM_Init) refers to stm32f7xx_hal_uart.o(i.HAL_UART_Init) for HAL_UART_Init
    stm32746g_discovery.o(i.BSP_COM_Init) refers to stm32746g_discovery.o(.constdata) for .constdata
    stm32746g_discovery.o(i.BSP_COM_Init) refers to stm32746g_discovery.o(.data) for .data
    stm32746g_discovery.o(i.BSP_LED_DeInit) refers to stm32f7xx_hal_gpio.o(i.HAL_GPIO_WritePin) for HAL_GPIO_WritePin
    stm32746g_discovery.o(i.BSP_LED_DeInit) refers to stm32f7xx_hal_gpio.o(i.HAL_GPIO_DeInit) for HAL_GPIO_DeInit
    stm32746g_discovery.o(i.BSP_LED_DeInit) refers to stm32746g_discovery.o(.constdata) for .constdata
    stm32746g_discovery.o(i.BSP_LED_Init) refers to stm32f7xx_hal_gpio.o(i.HAL_GPIO_Init) for HAL_GPIO_Init
    stm32746g_discovery.o(i.BSP_LED_Init) refers to stm32f7xx_hal_gpio.o(i.HAL_GPIO_WritePin) for HAL_GPIO_WritePin
    stm32746g_discovery.o(i.BSP_LED_Init) refers to stm32746g_discovery.o(.constdata) for .constdata
    stm32746g_discovery.o(i.BSP_LED_Off) refers to stm32f7xx_hal_gpio.o(i.HAL_GPIO_WritePin) for HAL_GPIO_WritePin
    stm32746g_discovery.o(i.BSP_LED_Off) refers to stm32746g_discovery.o(.constdata) for .constdata
    stm32746g_discovery.o(i.BSP_LED_On) refers to stm32f7xx_hal_gpio.o(i.HAL_GPIO_WritePin) for HAL_GPIO_WritePin
    stm32746g_discovery.o(i.BSP_LED_On) refers to stm32746g_discovery.o(.constdata) for .constdata
    stm32746g_discovery.o(i.BSP_LED_Toggle) refers to stm32f7xx_hal_gpio.o(i.HAL_GPIO_TogglePin) for HAL_GPIO_TogglePin
    stm32746g_discovery.o(i.BSP_LED_Toggle) refers to stm32746g_discovery.o(.constdata) for .constdata
    stm32746g_discovery.o(i.BSP_PB_DeInit) refers to stm32f7xx_hal_cortex.o(i.HAL_NVIC_DisableIRQ) for HAL_NVIC_DisableIRQ
    stm32746g_discovery.o(i.BSP_PB_DeInit) refers to stm32f7xx_hal_gpio.o(i.HAL_GPIO_DeInit) for HAL_GPIO_DeInit
    stm32746g_discovery.o(i.BSP_PB_DeInit) refers to stm32746g_discovery.o(.constdata) for .constdata
    stm32746g_discovery.o(i.BSP_PB_DeInit) refers to stm32746g_discovery.o(.data) for .data
    stm32746g_discovery.o(i.BSP_PB_GetState) refers to stm32f7xx_hal_gpio.o(i.HAL_GPIO_ReadPin) for HAL_GPIO_ReadPin
    stm32746g_discovery.o(i.BSP_PB_GetState) refers to stm32746g_discovery.o(.constdata) for .constdata
    stm32746g_discovery.o(i.BSP_PB_GetState) refers to stm32746g_discovery.o(.data) for .data
    stm32746g_discovery.o(i.BSP_PB_Init) refers to stm32f7xx_hal_gpio.o(i.HAL_GPIO_Init) for HAL_GPIO_Init
    stm32746g_discovery.o(i.BSP_PB_Init) refers to stm32f7xx_hal_cortex.o(i.HAL_NVIC_SetPriority) for HAL_NVIC_SetPriority
    stm32746g_discovery.o(i.BSP_PB_Init) refers to stm32f7xx_hal_cortex.o(i.HAL_NVIC_EnableIRQ) for HAL_NVIC_EnableIRQ
    stm32746g_discovery.o(i.BSP_PB_Init) refers to stm32746g_discovery.o(.constdata) for .constdata
    stm32746g_discovery.o(i.BSP_PB_Init) refers to stm32746g_discovery.o(.data) for .data
    stm32746g_discovery.o(i._Z10I2Cx_ErrorP19__I2C_HandleTypeDefh) refers to stm32f7xx_hal_i2c.o(i.HAL_I2C_DeInit) for HAL_I2C_DeInit
    stm32746g_discovery.o(i._Z10I2Cx_ErrorP19__I2C_HandleTypeDefh) refers to stm32746g_discovery.o(i._Z9I2Cx_InitP19__I2C_HandleTypeDef) for I2Cx_Init(__I2C_HandleTypeDef*)
    stm32746g_discovery.o(i._Z10TS_IO_Initv) refers to stm32746g_discovery.o(i._Z9I2Cx_InitP19__I2C_HandleTypeDef) for I2Cx_Init(__I2C_HandleTypeDef*)
    stm32746g_discovery.o(i._Z10TS_IO_Initv) refers to stm32746g_discovery.o(.bss) for .bss
    stm32746g_discovery.o(i._Z10TS_IO_Readhh) refers to stm32746g_discovery.o(i._Z17I2Cx_ReadMultipleP19__I2C_HandleTypeDefhttPht) for I2Cx_ReadMultiple(__I2C_HandleTypeDef*, unsigned char, unsigned short, unsigned short, unsigned char*, unsigned short)
    stm32746g_discovery.o(i._Z10TS_IO_Readhh) refers to stm32746g_discovery.o(.bss) for .bss
    stm32746g_discovery.o(i._Z11TS_IO_Delayj) refers to stm32f7xx_hal.o(i.HAL_Delay) for HAL_Delay
    stm32746g_discovery.o(i._Z11TS_IO_Writehhh) refers to stm32746g_discovery.o(i._Z18I2Cx_WriteMultipleP19__I2C_HandleTypeDefhttPht) for I2Cx_WriteMultiple(__I2C_HandleTypeDef*, unsigned char, unsigned short, unsigned short, unsigned char*, unsigned short)
    stm32746g_discovery.o(i._Z11TS_IO_Writehhh) refers to stm32746g_discovery.o(.bss) for .bss
    stm32746g_discovery.o(i._Z12CAMERA_Delayj) refers to stm32f7xx_hal.o(i.HAL_Delay) for HAL_Delay
    stm32746g_discovery.o(i._Z12I2Cx_MspInitP19__I2C_HandleTypeDef) refers to stm32f7xx_hal_gpio.o(i.HAL_GPIO_Init) for HAL_GPIO_Init
[...]
    .ARM.Collect$$rtentry$$00000009          0x08000256   Section        0  __rtentry2.o(.ARM.Collect$$rtentry$$00000009)
    .ARM.Collect$$rtentry$$0000000A          0x08000256   Section        4  __rtentry2.o(.ARM.Collect$$rtentry$$0000000A)
    .ARM.Collect$$rtentry$$0000000C          0x0800025a   Section        0  __rtentry2.o(.ARM.Collect$$rtentry$$0000000C)
    .ARM.Collect$$rtentry$$0000000D          0x0800025a   Section        8  __rtentry2.o(.ARM.Collect$$rtentry$$0000000D)
    .ARM.Collect$$rtexit$$00000000           0x08000262   Section        2  rtexit.o(.ARM.Collect$$rtexit$$00000000)
    .ARM.Collect$$rtexit$$00000002           0x08000264   Section        0  rtexit2.o(.ARM.Collect$$rtexit$$00000002)
    .ARM.Collect$$rtexit$$00000003           0x08000264   Section        4  rtexit2.o(.ARM.Collect$$rtexit$$00000003)
    .ARM.Collect$$rtexit$$00000004           0x08000268   Section        6  rtexit2.o(.ARM.Collect$$rtexit$$00000004)
    .emb_text                                0x08000270   Section        0  maybetermalloc1.o(.emb_text)
    .text                                    0x08000270   Section       64  startup_stm32f746xx.o(.text)
    $v0                                      0x08000270   Number         0  startup_stm32f746xx.o(.text)
    .text                                    0x080002b0   Section        0  calloc.o(.text)
    .text                                    0x080002d8   Section        0  h1_free.o(.text)
    .text                                    0x08000326   Section      238  lludivv7m.o(.text)
    .text                                    0x08000414   Section      100  rt_memcpy_w.o(.text)
    .text                                    0x08000478   Section        0  heapauxi.o(.text)
    .text                                    0x08000480   Section        8  rt_heap_descriptor_intlibspace.o(.text)
    .text                                    0x08000488   Section        0  hguard.o(.text)
    .text                                    0x0800048c   Section        0  init_alloc.o(.text)
    .text                                    0x08000516   Section        0  h1_alloc.o(.text)
    .text                                    0x08000574   Section       68  rt_memclr.o(.text)
    .text                                    0x080005b8   Section        8  libspace.o(.text)
    .text                                    0x080005c0   Section        0  h1_init.o(.text)
    .text                                    0x080005ce   Section        0  h1_extend.o(.text)
    .text                                    0x08000602   Section        0  defsig_rtmem_outer.o(.text)
    .text                                    0x08000610   Section       78  rt_memclr_w.o(.text)
    .text                                    0x0800065e   Section       74  sys_stackheap_outer.o(.text)
    .text                                    0x080006a8   Section        0  exit.o(.text)
    .text                                    0x080006ba   Section        0  defsig_exit.o(.text)
    .text                                    0x080006c4   Section        0  defsig_rtmem_inner.o(.text)
    .text                                    0x08000714   Section        0  sys_exit.o(.text)
    .text                                    0x08000720   Section        2  use_no_semi.o(.text)
    .text                                    0x08000722   Section        0  defsig_general.o(.text)
    .text                                    0x08000722   Section        0  indicate_semi.o(.text)
    .text                                    0x08000754   Section        0  sys_wrch.o(.text)
    i.BSP_LCD_Clear                          0x08000764   Section        0  stm32746g_discovery_lcd.o(i.BSP_LCD_Clear)
    i.BSP_LCD_ClockConfig                    0x0800079c   Section        0  stm32746g_discovery_lcd.o(i.BSP_LCD_ClockConfig)
    i.BSP_LCD_DisplayOn                      0x080007bc   Section        0  stm32746g_discovery_lcd.o(i.BSP_LCD_DisplayOn)
    i.BSP_LCD_DrawBitmap                     0x080007f0   Section        0  stm32746g_discovery_lcd.o(i.BSP_LCD_DrawBitmap)
    i.BSP_LCD_GetXSize                       0x080008c0   Section        0  stm32746g_discovery_lcd.o(i.BSP_LCD_GetXSize)
    i.BSP_LCD_GetYSize                       0x080008e0   Section        0  stm32746g_discovery_lcd.o(i.BSP_LCD_GetYSize)
    i.BSP_LCD_Init                           0x08000900   Section        0  stm32746g_discovery_lcd.o(i.BSP_LCD_Init)
    i.BSP_LCD_LayerDefaultInit               0x080009a0   Section        0  stm32746g_discovery_lcd.o(i.BSP_LCD_LayerDefaultInit)
    i.BSP_LCD_MspInit                        0x08000a18   Section        0  stm32746g_discovery_lcd.o(i.BSP_LCD_MspInit)
    i.BSP_LCD_SelectLayer                    0x08000b50   Section        0  stm32746g_discovery_lcd.o(i.BSP_LCD_SelectLayer)
    i.BSP_LCD_SetFont                        0x08000b5c   Section        0  stm32746g_discovery_lcd.o(i.BSP_LCD_SetFont)
    i.BSP_LCD_SetTransparency                0x08000b78   Section        0  stm32746g_discovery_lcd.o(i.BSP_LCD_SetTransparency)
    i.BSP_PB_Init                            0x08000b84   Section        0  stm32746g_discovery.o(i.BSP_PB_Init)
    i.BSP_SD_AbortCallback                   0x08000c18   Section        0  stm32746g_discovery_sd.o(i.BSP_SD_AbortCallback)
    i.BSP_SD_Detect_MspInit                  0x08000c1c   Section        0  stm32746g_discovery_sd.o(i.BSP_SD_Detect_MspInit)
    i.BSP_SD_Init                            0x08000c54   Section        0  stm32746g_discovery_sd.o(i.BSP_SD_Init)
    i.BSP_SD_IsDetected                      0x08000cac   Section        0  stm32746g_discovery_sd.o(i.BSP_SD_IsDetected)
    i.BSP_SD_MspInit                         0x08000cd0   Section        0  stm32746g_discovery_sd.o(i.BSP_SD_MspInit)
    i.BSP_SD_ReadCpltCallback                0x08000e1c   Section        0  stm32746g_discovery_sd.o(i.BSP_SD_ReadCpltCallback)
    i.BSP_SD_WriteCpltCallback               0x08000e1e   Section        0  stm32746g_discovery_sd.o(i.BSP_SD_WriteCpltCallback)
    i.BusFault_Handler                       0x08000e20   Section        0  stm32f7xx_it.o(i.BusFault_Handler)
    i.DMA2_Stream3_IRQHandler                0x08000e24   Section        0  stm32f7xx_it.o(i.DMA2_Stream3_IRQHandler)
    i.DebugMon_Handler                       0x08000e30   Section        0  stm32f7xx_it.o(i.DebugMon_Handler)
    i.HAL_DMA2D_ConfigLayer                  0x08000e34   Section        0  stm32f7xx_hal_dma2d.o(i.HAL_DMA2D_ConfigLayer)
    i.HAL_DMA2D_Init                         0x08000ed8   Section        0  stm32f7xx_hal_dma2d.o(i.HAL_DMA2D_Init)
    i.HAL_DMA2D_MspInit                      0x08000f32   Section        0  stm32f7xx_hal_dma2d.o(i.HAL_DMA2D_MspInit)
    i.HAL_DMA2D_PollForTransfer              0x08000f34   Section        0  stm32f7xx_hal_dma2d.o(i.HAL_DMA2D_PollForTransfer)
    i.HAL_DMA2D_Start                        0x08001040   Section        0  stm32f7xx_hal_dma2d.o(i.HAL_DMA2D_Start)
    i.HAL_DMA_Abort_IT                       0x08001074   Section        0  stm32f7xx_hal_dma.o(i.HAL_DMA_Abort_IT)
    i.HAL_DMA_DeInit                         0x08001098   Section        0  stm32f7xx_hal_dma.o(i.HAL_DMA_DeInit)
    i.HAL_DMA_IRQHandler                     0x080010fc   Section        0  stm32f7xx_hal_dma.o(i.HAL_DMA_IRQHandler)
    i.HAL_DMA_Init                           0x0800129c   Section        0  stm32f7xx_hal_dma.o(i.HAL_DMA_Init)
    i.HAL_Delay                              0x08001380   Section        0  stm32f7xx_hal.o(i.HAL_Delay)
    i.HAL_GPIO_Init                          0x080013a4   Section        0  stm32f7xx_hal_gpio.o(i.HAL_GPIO_Init)
    i.HAL_GPIO_ReadPin                       0x0800157c   Section        0  stm32f7xx_hal_gpio.o(i.HAL_GPIO_ReadPin)
    i.HAL_GPIO_WritePin                      0x08001586   Section        0  stm32f7xx_hal_gpio.o(i.HAL_GPIO_WritePin)
    i.HAL_GetTick                            0x08001590   Section        0  stm32f7xx_hal.o(i.HAL_GetTick)
    i.HAL_IncTick                            0x0800159c   Section        0  stm32f7xx_hal.o(i.HAL_IncTick)
    i.HAL_Init                               0x080015ac   Section        0  stm32f7xx_hal.o(i.HAL_Init)
    i.HAL_InitTick                           0x080015d0   Section        0  stm32f7xx_hal.o(i.HAL_InitTick)
    i.HAL_LTDC_ConfigLayer                   0x08001610   Section        0  stm32f7xx_hal_ltdc.o(i.HAL_LTDC_ConfigLayer)
    i.HAL_LTDC_GetState                      0x08001662   Section        0  stm32f7xx_hal_ltdc.o(i.HAL_LTDC_GetState)
    i.HAL_LTDC_Init                          0x08001668   Section        0  stm32f7xx_hal_ltdc.o(i.HAL_LTDC_Init)
    i.HAL_LTDC_MspInit                       0x08001768   Section        0  stm32f7xx_hal_ltdc.o(i.HAL_LTDC_MspInit)
    i.HAL_LTDC_SetAlpha                      0x0800176a   Section        0  stm32f7xx_hal_ltdc.o(i.HAL_LTDC_SetAlpha)
    i.HAL_MspInit                            0x080017ae   Section        0  stm32f7xx_hal.o(i.HAL_MspInit)
    i.HAL_NVIC_EnableIRQ                     0x080017b0   Section        0  stm32f7xx_hal_cortex.o(i.HAL_NVIC_EnableIRQ)
    i.HAL_NVIC_SetPriority                   0x080017cc   Section        0  stm32f7xx_hal_cortex.o(i.HAL_NVIC_SetPriority)
    i.HAL_NVIC_SetPriorityGrouping           0x0800180c   Section        0  stm32f7xx_hal_cortex.o(i.HAL_NVIC_SetPriorityGrouping)
    i.HAL_PWREx_EnableOverDrive              0x08001830   Section        0  stm32f7xx_hal_pwr_ex.o(i.HAL_PWREx_EnableOverDrive)
    i.HAL_RCCEx_PeriphCLKConfig              0x0800189c   Section        0  stm32f7xx_hal_rcc_ex.o(i.HAL_RCCEx_PeriphCLKConfig)
    i.HAL_RCC_ClockConfig                    0x08001d98   Section        0  stm32f7xx_hal_rcc.o(i.HAL_RCC_ClockConfig)
    i.HAL_RCC_GetSysClockFreq                0x08001ec4   Section        0  stm32f7xx_hal_rcc.o(i.HAL_RCC_GetSysClockFreq)
    i.HAL_RCC_OscConfig                      0x08001f28   Section        0  stm32f7xx_hal_rcc.o(i.HAL_RCC_OscConfig)
    i.HAL_SD_AbortCallback                   0x08002260   Section        0  stm32746g_discovery_sd.o(i.HAL_SD_AbortCallback)
    i.HAL_SD_ConfigWideBusOperation          0x08002268   Section        0  stm32f7xx_hal_sd.o(i.HAL_SD_ConfigWideBusOperation)
    i.HAL_SD_ErrorCallback                   0x080022e0   Section        0  stm32f7xx_hal_sd.o(i.HAL_SD_ErrorCallback)
    i.HAL_SD_GetCardCSD                      0x080022e2   Section        0  stm32f7xx_hal_sd.o(i.HAL_SD_GetCardCSD)
    i.HAL_SD_GetCardState                    0x080024dc   Section        0  stm32f7xx_hal_sd.o(i.HAL_SD_GetCardState)
    i.HAL_SD_IRQHandler                      0x08002508   Section        0  stm32f7xx_hal_sd.o(i.HAL_SD_IRQHandler)
    i.HAL_SD_Init                            0x080026b0   Section        0  stm32f7xx_hal_sd.o(i.HAL_SD_Init)
    i.HAL_SD_InitCard                        0x080026e6   Section        0  stm32f7xx_hal_sd.o(i.HAL_SD_InitCard)
    i.HAL_SD_MspInit                         0x08002742   Section        0  stm32f7xx_hal_sd.o(i.HAL_SD_MspInit)
    i.HAL_SD_RxCpltCallback                  0x08002744   Section        0  stm32746g_discovery_sd.o(i.HAL_SD_RxCpltCallback)
    i.HAL_SD_TxCpltCallback                  0x0800274c   Section        0  stm32746g_discovery_sd.o(i.HAL_SD_TxCpltCallback)
    i.HAL_SYSTICK_Config                     0x08002754   Section        0  stm32f7xx_hal_cortex.o(i.HAL_SYSTICK_Config)
    i.HardFault_Handler                      0x0800277a   Section        0  stm32f7xx_it.o(i.HardFault_Handler)
    i.MemManage_Handler                      0x0800277c   Section        0  stm32f7xx_it.o(i.MemManage_Handler)
    i.NMI_Handler                            0x0800277e   Section        0  stm32f7xx_it.o(i.NMI_Handler)
    i.PendSV_Handler                         0x08002780   Section        0  stm32f7xx_it.o(i.PendSV_Handler)
    i.SDMMC1_IRQHandler                      0x08002784   Section        0  stm32f7xx_it.o(i.SDMMC1_IRQHandler)
    i.SDMMC_CmdAppCommand                    0x08002790   Section        0  stm32f7xx_ll_sdmmc.o(i.SDMMC_CmdAppCommand)
    i.SDMMC_CmdAppOperCommand                0x080027c4   Section        0  stm32f7xx_ll_sdmmc.o(i.SDMMC_CmdAppOperCommand)
    i.SDMMC_CmdBlockLength                   0x080027f8   Section        0  stm32f7xx_ll_sdmmc.o(i.SDMMC_CmdBlockLength)
    i.SDMMC_CmdBusWidth                      0x0800282a   Section        0  stm32f7xx_ll_sdmmc.o(i.SDMMC_CmdBusWidth)
    i.SDMMC_CmdGoIdleState                   0x0800285c   Section        0  stm32f7xx_ll_sdmmc.o(i.SDMMC_CmdGoIdleState)
    i.SDMMC_CmdOperCond                      0x080028ac   Section        0  stm32f7xx_ll_sdmmc.o(i.SDMMC_CmdOperCond)
    i.SDMMC_CmdSelDesel                      0x08002910   Section        0  stm32f7xx_ll_sdmmc.o(i.SDMMC_CmdSelDesel)
    i.SDMMC_CmdSendCID                       0x08002940   Section        0  stm32f7xx_ll_sdmmc.o(i.SDMMC_CmdSendCID)
    i.SDMMC_CmdSendCSD                       0x0800296a   Section        0  stm32f7xx_ll_sdmmc.o(i.SDMMC_CmdSendCSD)
    i.SDMMC_CmdSendSCR                       0x08002998   Section        0  stm32f7xx_ll_sdmmc.o(i.SDMMC_CmdSendSCR)
    i.SDMMC_CmdSendStatus                    0x080029c8   Section        0  stm32f7xx_ll_sdmmc.o(i.SDMMC_CmdSendStatus)
    i.SDMMC_CmdSetRelAdd                     0x080029fa   Section        0  stm32f7xx_ll_sdmmc.o(i.SDMMC_CmdSetRelAdd)
    i.SDMMC_CmdStopTransfer                  0x08002a2c   Section        0  stm32f7xx_ll_sdmmc.o(i.SDMMC_CmdStopTransfer)
    i.SDMMC_ConfigData                       0x08002a60   Section        0  stm32f7xx_ll_sdmmc.o(i.SDMMC_ConfigData)
    i.SDMMC_GetPowerState                    0x08002a86   Section        0  stm32f7xx_ll_sdmmc.o(i.SDMMC_GetPowerState)
    i.SDMMC_GetResponse                      0x08002a8e   Section        0  stm32f7xx_ll_sdmmc.o(i.SDMMC_GetResponse)
    i.SDMMC_Init                             0x08002a9a   Section        0  stm32f7xx_ll_sdmmc.o(i.SDMMC_Init)
    i.SDMMC_PowerState_ON                    0x08002abc   Section        0  stm32f7xx_ll_sdmmc.o(i.SDMMC_PowerState_ON)
    i.SDMMC_ReadFIFO                         0x08002ac4   Section        0  stm32f7xx_ll_sdmmc.o(i.SDMMC_ReadFIFO)
    i.SDMMC_SendCommand                      0x08002aca   Section        0  stm32f7xx_ll_sdmmc.o(i.SDMMC_SendCommand)
    i.SDMMC_WriteFIFO                        0x08002aec   Section        0  stm32f7xx_ll_sdmmc.o(i.SDMMC_WriteFIFO)
    i.SVC_Handler                            0x08002af6   Section        0  stm32f7xx_it.o(i.SVC_Handler)
    i.SysTick_Handler                        0x08002af8   Section        0  stm32f7xx_it.o(i.SysTick_Handler)
    i.SystemInit                             0x08002afc   Section        0  system_stm32f7xx.o(i.SystemInit)
    i.UsageFault_Handler                     0x08002b54   Section        0  stm32f7xx_it.o(i.UsageFault_Handler)
    i._Z10SD_FindSCRP16SD_HandleTypeDefPj    0x08002b56   Section        0  stm32f7xx_hal_sd.o(i._Z10SD_FindSCRP16SD_HandleTypeDefPj)
    SD_FindSCR(SD_HandleTypeDef*, unsigned*) 0x08002b57   Thumb Code   214  stm32f7xx_hal_sd.o(i._Z10SD_FindSCRP16SD_HandleTypeDefPj)
    i._Z10SD_PowerONP16SD_HandleTypeDef      0x08002c2c   Section        0  stm32f7xx_hal_sd.o(i._Z10SD_PowerONP16SD_HandleTypeDef)
    SD_PowerON(SD_HandleTypeDef*)            0x08002c2d   Thumb Code   166  stm32f7xx_hal_sd.o(i._Z10SD_PowerONP16SD_HandleTypeDef)
    i._Z11SD_InitCardP16SD_HandleTypeDef     0x08002cd2   Section        0  stm32f7xx_hal_sd.o(i._Z11SD_InitCardP16SD_HandleTypeDef)
    SD_InitCard(SD_HandleTypeDef*)           0x08002cd3   Thumb Code   230  stm32f7xx_hal_sd.o(i._Z11SD_InitCardP16SD_HandleTypeDef)
    i._Z13LL_FillBufferjPvjjjj               0x08002db8   Section        0  stm32746g_discovery_lcd.o(i._Z13LL_FillBufferjPvjjjj)
    LL_FillBuffer(unsigned, void*, unsigned, unsigned, unsigned, unsigned) 0x08002db9   Thumb Code   116  stm32746g_discovery_lcd.o(i._Z13LL_FillBufferjPvjjjj)
    i._Z13SD_DMARxAbortP19__DMA_HandleTypeDef 0x08002e38   Section        0  stm32f7xx_hal_sd.o(i._Z13SD_DMARxAbortP19__DMA_HandleTypeDef)
    SD_DMARxAbort(__DMA_HandleTypeDef*)      0x08002e39   Thumb Code    72  stm32f7xx_hal_sd.o(i._Z13SD_DMARxAbortP19__DMA_HandleTypeDef)
    i._Z13SD_DMATxAbortP19__DMA_HandleTypeDef 0x08002e80   Section        0  stm32f7xx_hal_sd.o(i._Z13SD_DMATxAbortP19__DMA_HandleTypeDef)
    SD_DMATxAbort(__DMA_HandleTypeDef*)      0x08002e81   Thumb Code    72  stm32f7xx_hal_sd.o(i._Z13SD_DMATxAbortP19__DMA_HandleTypeDef)
    i._Z14LTDC_SetConfigP18LTDC_HandleTypeDefP20LTDC_LayerCfgTypeDefj 0x08002ec8   Section        0  stm32f7xx_hal_ltdc.o(i._Z14LTDC_SetConfigP18LTDC_HandleTypeDefP20LTDC_LayerCfgTypeDefj)
    LTDC_SetConfig(LTDC_HandleTypeDef*, LTDC_LayerCfgTypeDef*, unsigned) 0x08002ec9   Thumb Code   464  stm32f7xx_hal_ltdc.o(i._Z14LTDC_SetConfigP18LTDC_HandleTypeDefP20LTDC_LayerCfgTypeDefj)
    i._Z15DMA2D_SetConfigP21__DMA2D_HandleTypeDefjjjj 0x08003098   Section        0  stm32f7xx_hal_dma2d.o(i._Z15DMA2D_SetConfigP21__DMA2D_HandleTypeDefjjjj)
    DMA2D_SetConfig(__DMA2D_HandleTypeDef*, unsigned, unsigned, unsigned, unsigned) 0x08003099   Thumb Code   146  stm32f7xx_hal_dma2d.o(i._Z15DMA2D_SetConfigP21__DMA2D_HandleTypeDefjjjj)
    i._Z16CPU_CACHE_Enablev                  0x0800312c   Section        0  main.o(i._Z16CPU_CACHE_Enablev)
    CPU_CACHE_Enable()                       0x0800312d   Thumb Code   116  main.o(i._Z16CPU_CACHE_Enablev)
    i._Z17SDMMC_GetCmdResp1P13SDMMC_TypeDefhj 0x080031a8   Section        0  stm32f7xx_ll_sdmmc.o(i._Z17SDMMC_GetCmdResp1P13SDMMC_TypeDefhj)
    SDMMC_GetCmdResp1(SDMMC_TypeDef*, unsigned char, unsigned) 0x080031a9   Thumb Code   276  stm32f7xx_ll_sdmmc.o(i._Z17SDMMC_GetCmdResp1P13SDMMC_TypeDefhj)
    i._Z17SDMMC_GetCmdResp2P13SDMMC_TypeDef  0x080032c4   Section        0  stm32f7xx_ll_sdmmc.o(i._Z17SDMMC_GetCmdResp2P13SDMMC_TypeDef)
    SDMMC_GetCmdResp2(SDMMC_TypeDef*)        0x080032c5   Thumb Code    74  stm32f7xx_ll_sdmmc.o(i._Z17SDMMC_GetCmdResp2P13SDMMC_TypeDef)
    i._Z17SDMMC_GetCmdResp3P13SDMMC_TypeDef  0x08003314   Section        0  stm32f7xx_ll_sdmmc.o(i._Z17SDMMC_GetCmdResp3P13SDMMC_TypeDef)
    SDMMC_GetCmdResp3(SDMMC_TypeDef*)        0x08003315   Thumb Code    60  stm32f7xx_ll_sdmmc.o(i._Z17SDMMC_GetCmdResp3P13SDMMC_TypeDef)
    i._Z17SDMMC_GetCmdResp6P13SDMMC_TypeDefhPt 0x08003354   Section        0  stm32f7xx_ll_sdmmc.o(i._Z17SDMMC_GetCmdResp6P13SDMMC_TypeDefhPt)
    SDMMC_GetCmdResp6(SDMMC_TypeDef*, unsigned char, unsigned short*) 0x08003355   Thumb Code   128  stm32f7xx_ll_sdmmc.o(i._Z17SDMMC_GetCmdResp6P13SDMMC_TypeDefhPt)
    i._Z17SD_WideBus_EnableP16SD_HandleTypeDef 0x080033d8   Section        0  stm32f7xx_hal_sd.o(i._Z17SD_WideBus_EnableP16SD_HandleTypeDef)
    SD_WideBus_Enable(SD_HandleTypeDef*)     0x080033d9   Thumb Code    78  stm32f7xx_hal_sd.o(i._Z17SD_WideBus_EnableP16SD_HandleTypeDef)
    i._Z18DMA_CheckFifoParamP19__DMA_HandleTypeDef 0x08003426   Section        0  stm32f7xx_hal_dma.o(i._Z18DMA_CheckFifoParamP19__DMA_HandleTypeDef)
    DMA_CheckFifoParam(__DMA_HandleTypeDef*) 0x08003427   Thumb Code    84  stm32f7xx_hal_dma.o(i._Z18DMA_CheckFifoParamP19__DMA_HandleTypeDef)
    i._Z18SD_WideBus_DisableP16SD_HandleTypeDef 0x0800347a   Section        0  stm32f7xx_hal_sd.o(i._Z18SD_WideBus_DisableP16SD_HandleTypeDef)
    SD_WideBus_Disable(SD_HandleTypeDef*)    0x0800347b   Thumb Code    78  stm32f7xx_hal_sd.o(i._Z18SD_WideBus_DisableP16SD_HandleTypeDef)
    i._Z18__NVIC_SetPriority9IRQn_Typej      0x080034c8   Section        0  stm32f7xx_hal_cortex.o(i._Z18__NVIC_SetPriority9IRQn_Typej)
    __NVIC_SetPriority(IRQn_Type, unsigned)  0x080034c9   Thumb Code    34  stm32f7xx_hal_cortex.o(i._Z18__NVIC_SetPriority9IRQn_Typej)
    i._Z20SystemInit_ExtMemCtlv              0x080034ec   Section        0  system_stm32f7xx.o(i._Z20SystemInit_ExtMemCtlv)
    SystemInit_ExtMemCtl()                   0x080034ed   Thumb Code   418  system_stm32f7xx.o(i._Z20SystemInit_ExtMemCtlv)
    i._Z23DMA_CalcBaseAndBitshiftP19__DMA_HandleTypeDef 0x080036d0   Section        0  stm32f7xx_hal_dma.o(i._Z23DMA_CalcBaseAndBitshiftP19__DMA_HandleTypeDef)
    DMA_CalcBaseAndBitshift(__DMA_HandleTypeDef*) 0x080036d1   Thumb Code    34  stm32f7xx_hal_dma.o(i._Z23DMA_CalcBaseAndBitshiftP19__DMA_HandleTypeDef)
    i._Z24LL_ConvertLineToARGB8888PvS_jj     0x080036f8   Section        0  stm32746g_discovery_lcd.o(i._Z24LL_ConvertLineToARGB8888PvS_jj)
    LL_ConvertLineToARGB8888(void*, void*, unsigned, unsigned) 0x080036f9   Thumb Code    94  stm32746g_discovery_lcd.o(i._Z24LL_ConvertLineToARGB8888PvS_jj)
    i._ZN3BMP4initEv                         0x08003760   Section        0  bmp.o(i._ZN3BMP4initEv)
    i._ZN3BMP8getImageEv                     0x080037da   Section        0  bmp.o(i._ZN3BMP8getImageEv)
    i._ZN3BMPC1Ett                           0x080037de   Section        0  bmp.o(i._ZN3BMPC1Ett)
    i.main                                   0x080037e4   Section        0  main.o(i.main)
    x$fpl$fpinit                             0x080038d4   Section       10  fpinit.o(x$fpl$fpinit)
    $v0                                      0x080038d4   Number         0  fpinit.o(x$fpl$fpinit)
    .constdata                               0x080038e0   Section       24  stm32746g_discovery.o(.constdata)
    COM_TX_PIN                               0x080038e0   Data           2  stm32746g_discovery.o(.constdata)
    COM_RX_PIN                               0x080038e2   Data           2  stm32746g_discovery.o(.constdata)
    COM_TX_AF                                0x080038e4   Data           2  stm32746g_discovery.o(.constdata)
    COM_RX_AF                                0x080038e6   Data           2  stm32746g_discovery.o(.constdata)
    GPIO_PIN                                 0x080038e8   Data           4  stm32746g_discovery.o(.constdata)
    BUTTON_PIN                               0x080038ec   Data           6  stm32746g_discovery.o(.constdata)
    BUTTON_IRQn                              0x080038f2   Data           6  stm32746g_discovery.o(.constdata)
    .constdata                               0x080038f8   Section     6840  stm32746g_discovery_lcd.o(.constdata)
    Font24_Table                             0x080038f8   Data        6840  stm32746g_discovery_lcd.o(.constdata)
    .constdata                               0x080053b0   Section        8  stm32f7xx_hal_dma.o(.constdata)
    flagBitshiftOffset                       0x080053b0   Data           8  stm32f7xx_hal_dma.o(.constdata)
    .constdata                               0x080053b8   Section       16  system_stm32f7xx.o(.constdata)
    .data                                    0x20000000   Section       24  stm32746g_discovery.o(.data)
    .data                                    0x20000018   Section       12  stm32746g_discovery_lcd.o(.data)
    ActiveLayer                              0x20000018   Data           4  stm32746g_discovery_lcd.o(.data)
    .data                                    0x20000024   Section       12  stm32f7xx_hal.o(.data)
    .data                                    0x20000030   Section        4  main.o(.data)
    .data                                    0x20000034   Section        4  system_stm32f7xx.o(.data)
    .bss                                     0x20000038   Section      388  stm32746g_discovery_lcd.o(.bss)
    periph_clk_init_struct                   0x20000038   Data         132  stm32746g_discovery_lcd.o(.bss)
    hDma2dHandler                            0x20000164   Data          64  stm32746g_discovery_lcd.o(.bss)
    DrawProp                                 0x200001a4   Data          24  stm32746g_discovery_lcd.o(.bss)
    .bss                                     0x200001bc   Section      516  stm32746g_discovery_sd.o(.bss)
    dma_rx_handle                            0x200001bc   Data          96  stm32746g_discovery_sd.o(.bss)
    dma_tx_handle                            0x2000021c   Data          96  stm32746g_discovery_sd.o(.bss)
    dma_rx_handle                            0x2000027c   Data          96  stm32746g_discovery_sd.o(.bss)
    dma_tx_handle                            0x200002dc   Data          96  stm32746g_discovery_sd.o(.bss)
    .bss                                     0x200003c0   Section       96  libspace.o(.bss)
    STACK                                    0x20000420   Section     4096  startup_stm32f746xx.o(STACK)
    Stack_Mem                                0x20000420   Data        4096  startup_stm32f746xx.o(STACK)
    __initial_sp                             0x20001420   Data           0  startup_stm32f746xx.o(STACK)
    HEAP                                     0xc0000000   Section    4194304  startup_stm32f746xx.o(HEAP)
    Heap_Mem                                 0xc0000000   Data       4194304  startup_stm32f746xx.o(HEAP)

    Global Symbols

    Symbol Name                              Value     Ov Type        Size  Object(Section)

    BuildAttributes$$THM_ISAv4$E$P$D$K$B$S$7EM$VFPi5$EXTD16$VFPS$VFMA$PE$PLD8$A:L22UL41UL21$X:L11$S22US41US21$IEEE1$IW$USESV6$~STKCKD$USESV7$~SHL$OTIME$ROPI$EBA8$UX$STANDARDLIB$REQ8$PRES8$EABIv2 0x00000000   Number         0  anon$$obj.o ABSOLUTE
    __ARM_use_no_argv                        0x00000000   Number         0  main.o ABSOLUTE
    __ARM_exceptions_init                     - Undefined Weak Reference
    __alloca_initialize                       - Undefined Weak Reference
    __arm_preinit_                            - Undefined Weak Reference
    __cpp_initialize__aeabi_                  - Undefined Weak Reference
    __cxa_finalize                            - Undefined Weak Reference
    __rt_locale                               - Undefined Weak Reference
    __sigvec_lookup                           - Undefined Weak Reference
    __user_heap_extent                        - Undefined Weak Reference
    _atexit_init                              - Undefined Weak Reference
    _call_atexit_fns                          - Undefined Weak Reference
    _clock_init                               - Undefined Weak Reference
    _fp_trap_init                             - Undefined Weak Reference
    _fp_trap_shutdown                         - Undefined Weak Reference
    _get_lc_collate                           - Undefined Weak Reference
    _get_lc_ctype                             - Undefined Weak Reference
    _get_lc_monetary                          - Undefined Weak Reference
    _get_lc_numeric                           - Undefined Weak Reference
    _get_lc_time                              - Undefined Weak Reference
    _getenv_init                              - Undefined Weak Reference
    _handle_redirection                       - Undefined Weak Reference
    _initio                                   - Undefined Weak Reference
    _mutex_acquire                            - Undefined Weak Reference
    _mutex_free                               - Undefined Weak Reference
    _mutex_release                            - Undefined Weak Reference
    _printf_mbtowc                            - Undefined Weak Reference
    _printf_post_padding                      - Undefined Weak Reference
    _printf_pre_padding                       - Undefined Weak Reference
    _rand_init                                - Undefined Weak Reference
    _signal_finish                            - Undefined Weak Reference
    _signal_init                              - Undefined Weak Reference
    _terminateio                              - Undefined Weak Reference
    __Vectors_Size                           0x000001c8   Number         0  startup_stm32f746xx.o ABSOLUTE
    __Vectors                                0x08000000   Data           4  startup_stm32f746xx.o(RESET)
    __Vectors_End                            0x080001c8   Data           0  startup_stm32f746xx.o(RESET)
    __main                                   0x080001c9   Thumb Code     8  __main.o(!!!main)
    __scatterload                            0x080001d1   Thumb Code     0  __scatter.o(!!!scatter)
    __scatterload_rt2                        0x080001d1   Thumb Code    44  __scatter.o(!!!scatter)
    __scatterload_rt2_thumb_only             0x080001d1   Thumb Code     0  __scatter.o(!!!scatter)
    __scatterload_null                       0x080001df   Thumb Code     0  __scatter.o(!!!scatter)
    __scatterload_copy                       0x08000205   Thumb Code    26  __scatter_copy.o(!!handler_copy)
    __scatterload_zeroinit                   0x08000221   Thumb Code    28  __scatter_zi.o(!!handler_zi)
    __rt_lib_init                            0x0800023d   Thumb Code     0  libinit.o(.ARM.Collect$$libinit$$00000000)
    __rt_lib_init_fp_1                       0x0800023f   Thumb Code     0  libinit2.o(.ARM.Collect$$libinit$$00000001)
    __rt_lib_init_heap_2                     0x08000243   Thumb Code     0  libinit2.o(.ARM.Collect$$libinit$$00000005)
    __rt_lib_init_preinit_1                  0x08000243   Thumb Code     0  libinit2.o(.ARM.Collect$$libinit$$00000004)
    __rt_lib_init_alloca_1                   0x0800024b   Thumb Code     0  libinit2.o(.ARM.Collect$$libinit$$0000002E)
    __rt_lib_init_argv_1                     0x0800024b   Thumb Code     0  libinit2.o(.ARM.Collect$$libinit$$0000002C)
    __rt_lib_init_atexit_1                   0x0800024b   Thumb Code     0  libinit2.o(.ARM.Collect$$libinit$$0000001B)
    __rt_lib_init_clock_1                    0x0800024b   Thumb Code     0  libinit2.o(.ARM.Collect$$libinit$$00000021)
    __rt_lib_init_cpp_1                      0x0800024b   Thumb Code     0  libinit2.o(.ARM.Collect$$libinit$$00000032)
    __rt_lib_init_exceptions_1               0x0800024b   Thumb Code     0  libinit2.o(.ARM.Collect$$libinit$$00000030)
    __rt_lib_init_fp_trap_1                  0x0800024b   Thumb Code     0  libinit2.o(.ARM.Collect$$libinit$$0000001F)
    __rt_lib_init_getenv_1                   0x0800024b   Thumb Code     0  libinit2.o(.ARM.Collect$$libinit$$00000023)
    __rt_lib_init_heap_1                     0x0800024b   Thumb Code     0  libinit2.o(.ARM.Collect$$libinit$$0000000A)
    __rt_lib_init_lc_collate_1               0x0800024b   Thumb Code     0  libinit2.o(.ARM.Collect$$libinit$$00000011)
    __rt_lib_init_lc_ctype_1                 0x0800024b   Thumb Code     0  libinit2.o(.ARM.Collect$$libinit$$00000013)
    __rt_lib_init_lc_monetary_1              0x0800024b   Thumb Code     0  libinit2.o(.ARM.Collect$$libinit$$00000015)
    __rt_lib_init_lc_numeric_1               0x0800024b   Thumb Code     0  libinit2.o(.ARM.Collect$$libinit$$00000017)
    __rt_lib_init_lc_time_1                  0x0800024b   Thumb Code     0  libinit2.o(.ARM.Collect$$libinit$$00000019)
    __rt_lib_init_rand_1                     0x0800024b   Thumb Code     0  libinit2.o(.ARM.Collect$$libinit$$0000000E)
    __rt_lib_init_return                     0x0800024b   Thumb Code     0  libinit2.o(.ARM.Collect$$libinit$$00000033)
    __rt_lib_init_signal_1                   0x0800024b   Thumb Code     0  libinit2.o(.ARM.Collect$$libinit$$0000001D)
    __rt_lib_init_stdio_1                    0x0800024b   Thumb Code     0  libinit2.o(.ARM.Collect$$libinit$$00000025)
    __rt_lib_init_user_alloc_1               0x0800024b   Thumb Code     0  libinit2.o(.ARM.Collect$$libinit$$0000000C)
    __rt_lib_shutdown                        0x0800024d   Thumb Code     0  libshutdown.o(.ARM.Collect$$libshutdown$$00000000)
    __rt_lib_shutdown_cpp_1                  0x0800024f   Thumb Code     0  libshutdown2.o(.ARM.Collect$$libshutdown$$00000002)
    __rt_lib_shutdown_fp_trap_1              0x0800024f   Thumb Code     0  libshutdown2.o(.ARM.Collect$$libshutdown$$00000007)
    __rt_lib_shutdown_heap_1                 0x0800024f   Thumb Code     0  libshutdown2.o(.ARM.Collect$$libshutdown$$0000000F)
    __rt_lib_shutdown_return                 0x0800024f   Thumb Code     0  libshutdown2.o(.ARM.Collect$$libshutdown$$00000010)
    __rt_lib_shutdown_signal_1               0x0800024f   Thumb Code     0  libshutdown2.o(.ARM.Collect$$libshutdown$$0000000A)
    __rt_lib_shutdown_stdio_1                0x0800024f   Thumb Code     0  libshutdown2.o(.ARM.Collect$$libshutdown$$00000004)
    __rt_lib_shutdown_user_alloc_1           0x0800024f   Thumb Code     0  libshutdown2.o(.ARM.Collect$$libshutdown$$0000000C)
    __rt_entry                               0x08000251   Thumb Code     0  __rtentry.o(.ARM.Collect$$rtentry$$00000000)
    __rt_entry_presh_1                       0x08000251   Thumb Code     0  __rtentry2.o(.ARM.Collect$$rtentry$$00000002)
    __rt_entry_sh                            0x08000251   Thumb Code     0  __rtentry4.o(.ARM.Collect$$rtentry$$00000004)
    __rt_entry_li                            0x08000257   Thumb Code     0  __rtentry2.o(.ARM.Collect$$rtentry$$0000000A)
    __rt_entry_postsh_1                      0x08000257   Thumb Code     0  __rtentry2.o(.ARM.Collect$$rtentry$$00000009)
    __rt_entry_main                          0x0800025b   Thumb Code     0  __rtentry2.o(.ARM.Collect$$rtentry$$0000000D)
    __rt_entry_postli_1                      0x0800025b   Thumb Code     0  __rtentry2.o(.ARM.Collect$$rtentry$$0000000C)
    __rt_exit                                0x08000263   Thumb Code     0  rtexit.o(.ARM.Collect$$rtexit$$00000000)
    __rt_exit_ls                             0x08000265   Thumb Code     0  rtexit2.o(.ARM.Collect$$rtexit$$00000003)
    __rt_exit_prels_1                        0x08000265   Thumb Code     0  rtexit2.o(.ARM.Collect$$rtexit$$00000002)
    __rt_exit_exit                           0x08000269   Thumb Code     0  rtexit2.o(.ARM.Collect$$rtexit$$00000004)
    Reset_Handler                            0x08000271   Thumb Code     8  startup_stm32f746xx.o(.text)
    _maybe_terminate_alloc                   0x08000271   Thumb Code     0  maybetermalloc1.o(.emb_text)
    ADC_IRQHandler                           0x0800028b   Thumb Code     0  startup_stm32f746xx.o(.text)
    CAN1_RX0_IRQHandler                      0x0800028b   Thumb Code     0  startup_stm32f746xx.o(.text)
    CAN1_RX1_IRQHandler                      0x0800028b   Thumb Code     0  startup_stm32f746xx.o(.text)
    CAN1_SCE_IRQHandler                      0x0800028b   Thumb Code     0  startup_stm32f746xx.o(.text)
    CAN1_TX_IRQHandler                       0x0800028b   Thumb Code     0  startup_stm32f746xx.o(.text)
    CAN2_RX0_IRQHandler                      0x0800028b   Thumb Code     0  startup_stm32f746xx.o(.text)
    CAN2_RX1_IRQHandler                      0x0800028b   Thumb Code     0  startup_stm32f746xx.o(.text)
    CAN2_SCE_IRQHandler                      0x0800028b   Thumb Code     0  startup_stm32f746xx.o(.text)
    CAN2_TX_IRQHandler                       0x0800028b   Thumb Code     0  startup_stm32f746xx.o(.text)
    CEC_IRQHandler                           0x0800028b   Thumb Code     0  startup_stm32f746xx.o(.text)
    DCMI_IRQHandler                          0x0800028b   Thumb Code     0  startup_stm32f746xx.o(.text)
    DMA1_Stream0_IRQHandler                  0x0800028b   Thumb Code     0  startup_stm32f746xx.o(.text)
    DMA1_Stream1_IRQHandler                  0x0800028b   Thumb Code     0  startup_stm32f746xx.o(.text)
    DMA1_Stream2_IRQHandler                  0x0800028b   Thumb Code     0  startup_stm32f746xx.o(.text)
    DMA1_Stream3_IRQHandler                  0x0800028b   Thumb Code     0  startup_stm32f746xx.o(.text)
    DMA1_Stream4_IRQHandler                  0x0800028b   Thumb Code     0  startup_stm32f746xx.o(.text)
    DMA1_Stream5_IRQHandler                  0x0800028b   Thumb Code     0  startup_stm32f746xx.o(.text)
    DMA1_Stream6_IRQHandler                  0x0800028b   Thumb Code     0  startup_stm32f746xx.o(.text)
    DMA1_Stream7_IRQHandler                  0x0800028b   Thumb Code     0  startup_stm32f746xx.o(.text)
    DMA2D_IRQHandler                         0x0800028b   Thumb Code     0  startup_stm32f746xx.o(.text)
    DMA2_Stream0_IRQHandler                  0x0800028b   Thumb Code     0  startup_stm32f746xx.o(.text)
    DMA2_Stream1_IRQHandler                  0x0800028b   Thumb Code     0  startup_stm32f746xx.o(.text)
    DMA2_Stream2_IRQHandler                  0x0800028b   Thumb Code     0  startup_stm32f746xx.o(.text)
    DMA2_Stream4_IRQHandler                  0x0800028b   Thumb Code     0  startup_stm32f746xx.o(.text)
    DMA2_Stream5_IRQHandler                  0x0800028b   Thumb Code     0  startup_stm32f746xx.o(.text)
    DMA2_Stream6_IRQHandler                  0x0800028b   Thumb Code     0  startup_stm32f746xx.o(.text)
    DMA2_Stream7_IRQHandler                  0x0800028b   Thumb Code     0  startup_stm32f746xx.o(.text)
    ETH_IRQHandler                           0x0800028b   Thumb Code     0  startup_stm32f746xx.o(.text)
    ETH_WKUP_IRQHandler                      0x0800028b   Thumb Code     0  startup_stm32f746xx.o(.text)
    EXTI0_IRQHandler                         0x0800028b   Thumb Code     0  startup_stm32f746xx.o(.text)
    EXTI15_10_IRQHandler                     0x0800028b   Thumb Code     0  startup_stm32f746xx.o(.text)
    EXTI1_IRQHandler                         0x0800028b   Thumb Code     0  startup_stm32f746xx.o(.text)
    EXTI2_IRQHandler                         0x0800028b   Thumb Code     0  startup_stm32f746xx.o(.text)
    EXTI3_IRQHandler                         0x0800028b   Thumb Code     0  startup_stm32f746xx.o(.text)
    EXTI4_IRQHandler                         0x0800028b   Thumb Code     0  startup_stm32f746xx.o(.text)
    EXTI9_5_IRQHandler                       0x0800028b   Thumb Code     0  startup_stm32f746xx.o(.text)
    FLASH_IRQHandler                         0x0800028b   Thumb Code     0  startup_stm32f746xx.o(.text)
    FMC_IRQHandler                           0x0800028b   Thumb Code     0  startup_stm32f746xx.o(.text)
    FPU_IRQHandler                           0x0800028b   Thumb Code     0  startup_stm32f746xx.o(.text)
    I2C1_ER_IRQHandler                       0x0800028b   Thumb Code     0  startup_stm32f746xx.o(.text)
    I2C1_EV_IRQHandler                       0x0800028b   Thumb Code     0  startup_stm32f746xx.o(.text)
    I2C2_ER_IRQHandler                       0x0800028b   Thumb Code     0  startup_stm32f746xx.o(.text)
    I2C2_EV_IRQHandler                       0x0800028b   Thumb Code     0  startup_stm32f746xx.o(.text)
    I2C3_ER_IRQHandler                       0x0800028b   Thumb Code     0  startup_stm32f746xx.o(.text)
    I2C3_EV_IRQHandler                       0x0800028b   Thumb Code     0  startup_stm32f746xx.o(.text)
    I2C4_ER_IRQHandler                       0x0800028b   Thumb Code     0  startup_stm32f746xx.o(.text)
    I2C4_EV_IRQHandler                       0x0800028b   Thumb Code     0  startup_stm32f746xx.o(.text)
    LPTIM1_IRQHandler                        0x0800028b   Thumb Code     0  startup_stm32f746xx.o(.text)
    LTDC_ER_IRQHandler                       0x0800028b   Thumb Code     0  startup_stm32f746xx.o(.text)
    LTDC_IRQHandler                          0x0800028b   Thumb Code     0  startup_stm32f746xx.o(.text)
    OTG_FS_IRQHandler                        0x0800028b   Thumb Code     0  startup_stm32f746xx.o(.text)
    OTG_FS_WKUP_IRQHandler                   0x0800028b   Thumb Code     0  startup_stm32f746xx.o(.text)
    OTG_HS_EP1_IN_IRQHandler                 0x0800028b   Thumb Code     0  startup_stm32f746xx.o(.text)
    OTG_HS_EP1_OUT_IRQHandler                0x0800028b   Thumb Code     0  startup_stm32f746xx.o(.text)
    OTG_HS_IRQHandler                        0x0800028b   Thumb Code     0  startup_stm32f746xx.o(.text)
    OTG_HS_WKUP_IRQHandler                   0x0800028b   Thumb Code     0  startup_stm32f746xx.o(.text)
    PVD_IRQHandler                           0x0800028b   Thumb Code     0  startup_stm32f746xx.o(.text)
    QUADSPI_IRQHandler                       0x0800028b   Thumb Code     0  startup_stm32f746xx.o(.text)
    RCC_IRQHandler                           0x0800028b   Thumb Code     0  startup_stm32f746xx.o(.text)
    RNG_IRQHandler                           0x0800028b   Thumb Code     0  startup_stm32f746xx.o(.text)
    RTC_Alarm_IRQHandler                     0x0800028b   Thumb Code     0  startup_stm32f746xx.o(.text)
    RTC_WKUP_IRQHandler                      0x0800028b   Thumb Code     0  startup_stm32f746xx.o(.text)
    SAI1_IRQHandler                          0x0800028b   Thumb Code     0  startup_stm32f746xx.o(.text)
    SAI2_IRQHandler                          0x0800028b   Thumb Code     0  startup_stm32f746xx.o(.text)
    SPDIF_RX_IRQHandler                      0x0800028b   Thumb Code     0  startup_stm32f746xx.o(.text)
    SPI1_IRQHandler                          0x0800028b   Thumb Code     0  startup_stm32f746xx.o(.text)
    SPI2_IRQHandler                          0x0800028b   Thumb Code     0  startup_stm32f746xx.o(.text)
    SPI3_IRQHandler                          0x0800028b   Thumb Code     0  startup_stm32f746xx.o(.text)
    SPI4_IRQHandler                          0x0800028b   Thumb Code     0  startup_stm32f746xx.o(.text)
    SPI5_IRQHandler                          0x0800028b   Thumb Code     0  startup_stm32f746xx.o(.text)
    SPI6_IRQHandler                          0x0800028b   Thumb Code     0  startup_stm32f746xx.o(.text)
    TAMP_STAMP_IRQHandler                    0x0800028b   Thumb Code     0  startup_stm32f746xx.o(.text)
    TIM1_BRK_TIM9_IRQHandler                 0x0800028b   Thumb Code     0  startup_stm32f746xx.o(.text)
    TIM1_CC_IRQHandler                       0x0800028b   Thumb Code     0  startup_stm32f746xx.o(.text)
    TIM1_TRG_COM_TIM11_IRQHandler            0x0800028b   Thumb Code     0  startup_stm32f746xx.o(.text)
    TIM1_UP_TIM10_IRQHandler                 0x0800028b   Thumb Code     0  startup_stm32f746xx.o(.text)
    TIM2_IRQHandler                          0x0800028b   Thumb Code     0  startup_stm32f746xx.o(.text)
    TIM3_IRQHandler                          0x0800028b   Thumb Code     0  startup_stm32f746xx.o(.text)
    TIM4_IRQHandler                          0x0800028b   Thumb Code     0  startup_stm32f746xx.o(.text)
    TIM5_IRQHandler                          0x0800028b   Thumb Code     0  startup_stm32f746xx.o(.text)
    TIM6_DAC_IRQHandler                      0x0800028b   Thumb Code     0  startup_stm32f746xx.o(.text)
    TIM7_IRQHandler                          0x0800028b   Thumb Code     0  startup_stm32f746xx.o(.text)
    TIM8_BRK_TIM12_IRQHandler                0x0800028b   Thumb Code     0  startup_stm32f746xx.o(.text)
    TIM8_CC_IRQHandler                       0x0800028b   Thumb Code     0  startup_stm32f746xx.o(.text)
    TIM8_TRG_COM_TIM14_IRQHandler            0x0800028b   Thumb Code     0  startup_stm32f746xx.o(.text)
    TIM8_UP_TIM13_IRQHandler                 0x0800028b   Thumb Code     0  startup_stm32f746xx.o(.text)
    UART4_IRQHandler                         0x0800028b   Thumb Code     0  startup_stm32f746xx.o(.text)
    UART5_IRQHandler                         0x0800028b   Thumb Code     0  startup_stm32f746xx.o(.text)
    UART7_IRQHandler                         0x0800028b   Thumb Code     0  startup_stm32f746xx.o(.text)
    UART8_IRQHandler                         0x0800028b   Thumb Code     0  startup_stm32f746xx.o(.text)
    USART1_IRQHandler                        0x0800028b   Thumb Code     0  startup_stm32f746xx.o(.text)
    USART2_IRQHandler                        0x0800028b   Thumb Code     0  startup_stm32f746xx.o(.text)
    USART3_IRQHandler                        0x0800028b   Thumb Code     0  startup_stm32f746xx.o(.text)
    USART6_IRQHandler                        0x0800028b   Thumb Code     0  startup_stm32f746xx.o(.text)
    WWDG_IRQHandler                          0x0800028b   Thumb Code     0  startup_stm32f746xx.o(.text)
    __user_initial_stackheap                 0x0800028d   Thumb Code     0  startup_stm32f746xx.o(.text)
    calloc                                   0x080002b1   Thumb Code    40  calloc.o(.text)
    free                                     0x080002d9   Thumb Code    78  h1_free.o(.text)
    __aeabi_uldivmod                         0x08000327   Thumb Code     0  lludivv7m.o(.text)
    _ll_udiv                                 0x08000327   Thumb Code   238  lludivv7m.o(.text)
    __aeabi_memcpy4                          0x08000415   Thumb Code     0  rt_memcpy_w.o(.text)
    __aeabi_memcpy8                          0x08000415   Thumb Code     0  rt_memcpy_w.o(.text)
    __rt_memcpy_w                            0x08000415   Thumb Code   100  rt_memcpy_w.o(.text)
    _memcpy_lastbytes_aligned                0x0800045d   Thumb Code     0  rt_memcpy_w.o(.text)
    __use_two_region_memory                  0x08000479   Thumb Code     2  heapauxi.o(.text)
    __rt_heap_escrow                         0x0800047b   Thumb Code     2  heapauxi.o(.text)
    __rt_heap_expand                         0x0800047d   Thumb Code     2  heapauxi.o(.text)
    __rt_heap_descriptor                     0x08000481   Thumb Code     8  rt_heap_descriptor_intlibspace.o(.text)
    __use_no_heap                            0x08000489   Thumb Code     2  hguard.o(.text)
    __heap$guard                             0x0800048b   Thumb Code     2  hguard.o(.text)
    _terminate_user_alloc                    0x0800048d   Thumb Code     2  init_alloc.o(.text)
    _init_user_alloc                         0x0800048f   Thumb Code     2  init_alloc.o(.text)
    __Heap_Full                              0x08000491   Thumb Code    34  init_alloc.o(.text)
    __Heap_Broken                            0x080004b3   Thumb Code     6  init_alloc.o(.text)
    _init_alloc                              0x080004b9   Thumb Code    94  init_alloc.o(.text)
    malloc                                   0x08000517   Thumb Code    94  h1_alloc.o(.text)
    __aeabi_memclr                           0x08000575   Thumb Code     0  rt_memclr.o(.text)
    __rt_memclr                              0x08000575   Thumb Code    68  rt_memclr.o(.text)
    _memset                                  0x08000579   Thumb Code     0  rt_memclr.o(.text)
    __user_libspace                          0x080005b9   Thumb Code     8  libspace.o(.text)
    __user_perproc_libspace                  0x080005b9   Thumb Code     0  libspace.o(.text)
    __user_perthread_libspace                0x080005b9   Thumb Code     0  libspace.o(.text)
    __Heap_Initialize                        0x080005c1   Thumb Code    10  h1_init.o(.text)
    __Heap_DescSize                          0x080005cb   Thumb Code     4  h1_init.o(.text)
    __Heap_ProvideMemory                     0x080005cf   Thumb Code    52  h1_extend.o(.text)
    __rt_SIGRTMEM                            0x08000603   Thumb Code    14  defsig_rtmem_outer.o(.text)
    __aeabi_memclr4                          0x08000611   Thumb Code     0  rt_memclr_w.o(.text)
    __aeabi_memclr8                          0x08000611   Thumb Code     0  rt_memclr_w.o(.text)
    __rt_memclr_w                            0x08000611   Thumb Code    78  rt_memclr_w.o(.text)
    _memset_w                                0x08000615   Thumb Code     0  rt_memclr_w.o(.text)
    __user_setup_stackheap                   0x0800065f   Thumb Code    74  sys_stackheap_outer.o(.text)
    exit                                     0x080006a9   Thumb Code    18  exit.o(.text)
    __sig_exit                               0x080006bb   Thumb Code    10  defsig_exit.o(.text)
    __rt_SIGRTMEM_inner                      0x080006c5   Thumb Code    22  defsig_rtmem_inner.o(.text)
    _sys_exit                                0x08000715   Thumb Code     8  sys_exit.o(.text)
    __I$use$semihosting                      0x08000721   Thumb Code     0  use_no_semi.o(.text)
    __use_no_semihosting_swi                 0x08000721   Thumb Code     2  use_no_semi.o(.text)
    __default_signal_display                 0x08000723   Thumb Code    50  defsig_general.o(.text)
    __semihosting_library_function           0x08000723   Thumb Code     0  indicate_semi.o(.text)
    _ttywrch                                 0x08000755   Thumb Code    14  sys_wrch.o(.text)
    BSP_LCD_Clear                            0x08000765   Thumb Code    48  stm32746g_discovery_lcd.o(i.BSP_LCD_Clear)
    BSP_LCD_ClockConfig                      0x0800079d   Thumb Code    26  stm32746g_discovery_lcd.o(i.BSP_LCD_ClockConfig)
    BSP_LCD_DisplayOn                        0x080007bd   Thumb Code    38  stm32746g_discovery_lcd.o(i.BSP_LCD_DisplayOn)
    BSP_LCD_DrawBitmap                       0x080007f1   Thumb Code   198  stm32746g_discovery_lcd.o(i.BSP_LCD_DrawBitmap)
    BSP_LCD_GetXSize                         0x080008c1   Thumb Code    22  stm32746g_discovery_lcd.o(i.BSP_LCD_GetXSize)
    BSP_LCD_GetYSize                         0x080008e1   Thumb Code    22  stm32746g_discovery_lcd.o(i.BSP_LCD_GetYSize)
    BSP_LCD_Init                             0x08000901   Thumb Code   138  stm32746g_discovery_lcd.o(i.BSP_LCD_Init)
    BSP_LCD_LayerDefaultInit                 0x080009a1   Thumb Code   112  stm32746g_discovery_lcd.o(i.BSP_LCD_LayerDefaultInit)
    BSP_LCD_MspInit                          0x08000a19   Thumb Code   286  stm32746g_discovery_lcd.o(i.BSP_LCD_MspInit)
    BSP_LCD_SelectLayer                      0x08000b51   Thumb Code     6  stm32746g_discovery_lcd.o(i.BSP_LCD_SelectLayer)
    BSP_LCD_SetFont                          0x08000b5d   Thumb Code    18  stm32746g_discovery_lcd.o(i.BSP_LCD_SetFont)
    BSP_LCD_SetTransparency                  0x08000b79   Thumb Code     8  stm32746g_discovery_lcd.o(i.BSP_LCD_SetTransparency)
    BSP_PB_Init                              0x08000b85   Thumb Code   128  stm32746g_discovery.o(i.BSP_PB_Init)
    BSP_SD_AbortCallback                     0x08000c19   Thumb Code     2  stm32746g_discovery_sd.o(i.BSP_SD_AbortCallback)
    BSP_SD_Detect_MspInit                    0x08000c1d   Thumb Code    48  stm32746g_discovery_sd.o(i.BSP_SD_Detect_MspInit)
    BSP_SD_Init                              0x08000c55   Thumb Code    78  stm32746g_discovery_sd.o(i.BSP_SD_Init)
    BSP_SD_IsDetected                        0x08000cad   Thumb Code    32  stm32746g_discovery_sd.o(i.BSP_SD_IsDetected)
    BSP_SD_MspInit                           0x08000cd1   Thumb Code   310  stm32746g_discovery_sd.o(i.BSP_SD_MspInit)
    BSP_SD_ReadCpltCallback                  0x08000e1d   Thumb Code     2  stm32746g_discovery_sd.o(i.BSP_SD_ReadCpltCallback)
    BSP_SD_WriteCpltCallback                 0x08000e1f   Thumb Code     2  stm32746g_discovery_sd.o(i.BSP_SD_WriteCpltCallback)
    BusFault_Handler                         0x08000e21   Thumb Code     2  stm32f7xx_it.o(i.BusFault_Handler)
    DMA2_Stream3_IRQHandler                  0x08000e25   Thumb Code     8  stm32f7xx_it.o(i.DMA2_Stream3_IRQHandler)
    DebugMon_Handler                         0x08000e31   Thumb Code     2  stm32f7xx_it.o(i.DebugMon_Handler)
    HAL_DMA2D_ConfigLayer                    0x08000e35   Thumb Code   158  stm32f7xx_hal_dma2d.o(i.HAL_DMA2D_ConfigLayer)
    HAL_DMA2D_Init                           0x08000ed9   Thumb Code    90  stm32f7xx_hal_dma2d.o(i.HAL_DMA2D_Init)
    HAL_DMA2D_MspInit                        0x08000f33   Thumb Code     2  stm32f7xx_hal_dma2d.o(i.HAL_DMA2D_MspInit)
    HAL_DMA2D_PollForTransfer                0x08000f35   Thumb Code   268  stm32f7xx_hal_dma2d.o(i.HAL_DMA2D_PollForTransfer)
    HAL_DMA2D_Start                          0x08001041   Thumb Code    52  stm32f7xx_hal_dma2d.o(i.HAL_DMA2D_Start)
    HAL_DMA_Abort_IT                         0x08001075   Thumb Code    36  stm32f7xx_hal_dma.o(i.HAL_DMA_Abort_IT)
    HAL_DMA_DeInit                           0x08001099   Thumb Code    98  stm32f7xx_hal_dma.o(i.HAL_DMA_DeInit)
    HAL_DMA_IRQHandler                       0x080010fd   Thumb Code   412  stm32f7xx_hal_dma.o(i.HAL_DMA_IRQHandler)
    HAL_DMA_Init                             0x0800129d   Thumb Code   222  stm32f7xx_hal_dma.o(i.HAL_DMA_Init)
    HAL_Delay                                0x08001381   Thumb Code    32  stm32f7xx_hal.o(i.HAL_Delay)
    HAL_GPIO_Init                            0x080013a5   Thumb Code   418  stm32f7xx_hal_gpio.o(i.HAL_GPIO_Init)
    HAL_GPIO_ReadPin                         0x0800157d   Thumb Code    10  stm32f7xx_hal_gpio.o(i.HAL_GPIO_ReadPin)
    HAL_GPIO_WritePin                        0x08001587   Thumb Code    10  stm32f7xx_hal_gpio.o(i.HAL_GPIO_WritePin)
    HAL_GetTick                              0x08001591   Thumb Code     6  stm32f7xx_hal.o(i.HAL_GetTick)
    HAL_IncTick                              0x0800159d   Thumb Code    12  stm32f7xx_hal.o(i.HAL_IncTick)
    HAL_Init                                 0x080015ad   Thumb Code    32  stm32f7xx_hal.o(i.HAL_Init)
    HAL_InitTick                             0x080015d1   Thumb Code    54  stm32f7xx_hal.o(i.HAL_InitTick)
    HAL_LTDC_ConfigLayer                     0x08001611   Thumb Code    82  stm32f7xx_hal_ltdc.o(i.HAL_LTDC_ConfigLayer)
    HAL_LTDC_GetState                        0x08001663   Thumb Code     6  stm32f7xx_hal_ltdc.o(i.HAL_LTDC_GetState)
    HAL_LTDC_Init                            0x08001669   Thumb Code   252  stm32f7xx_hal_ltdc.o(i.HAL_LTDC_Init)
    HAL_LTDC_MspInit                         0x08001769   Thumb Code     2  stm32f7xx_hal_ltdc.o(i.HAL_LTDC_MspInit)
    HAL_LTDC_SetAlpha                        0x0800176b   Thumb Code    68  stm32f7xx_hal_ltdc.o(i.HAL_LTDC_SetAlpha)
    HAL_MspInit                              0x080017af   Thumb Code     2  stm32f7xx_hal.o(i.HAL_MspInit)
    HAL_NVIC_EnableIRQ                       0x080017b1   Thumb Code    26  stm32f7xx_hal_cortex.o(i.HAL_NVIC_EnableIRQ)
    HAL_NVIC_SetPriority                     0x080017cd   Thumb Code    60  stm32f7xx_hal_cortex.o(i.HAL_NVIC_SetPriority)
    HAL_NVIC_SetPriorityGrouping             0x0800180d   Thumb Code    28  stm32f7xx_hal_cortex.o(i.HAL_NVIC_SetPriorityGrouping)
    HAL_PWREx_EnableOverDrive                0x08001831   Thumb Code   100  stm32f7xx_hal_pwr_ex.o(i.HAL_PWREx_EnableOverDrive)
    HAL_RCCEx_PeriphCLKConfig                0x0800189d   Thumb Code  1276  stm32f7xx_hal_rcc_ex.o(i.HAL_RCCEx_PeriphCLKConfig)
    HAL_RCC_ClockConfig                      0x08001d99   Thumb Code   282  stm32f7xx_hal_rcc.o(i.HAL_RCC_ClockConfig)
    HAL_RCC_GetSysClockFreq                  0x08001ec5   Thumb Code    88  stm32f7xx_hal_rcc.o(i.HAL_RCC_GetSysClockFreq)
    HAL_RCC_OscConfig                        0x08001f29   Thumb Code   810  stm32f7xx_hal_rcc.o(i.HAL_RCC_OscConfig)
    HAL_SD_AbortCallback                     0x08002261   Thumb Code     8  stm32746g_discovery_sd.o(i.HAL_SD_AbortCallback)
    HAL_SD_ConfigWideBusOperation            0x08002269   Thumb Code   120  stm32f7xx_hal_sd.o(i.HAL_SD_ConfigWideBusOperation)
    HAL_SD_ErrorCallback                     0x080022e1   Thumb Code     2  stm32f7xx_hal_sd.o(i.HAL_SD_ErrorCallback)
    HAL_SD_GetCardCSD                        0x080022e3   Thumb Code   506  stm32f7xx_hal_sd.o(i.HAL_SD_GetCardCSD)
    HAL_SD_GetCardState                      0x080024dd   Thumb Code    44  stm32f7xx_hal_sd.o(i.HAL_SD_GetCardState)
    HAL_SD_IRQHandler                        0x08002509   Thumb Code   416  stm32f7xx_hal_sd.o(i.HAL_SD_IRQHandler)
    HAL_SD_Init                              0x080026b1   Thumb Code    54  stm32f7xx_hal_sd.o(i.HAL_SD_Init)
    HAL_SD_InitCard                          0x080026e7   Thumb Code    92  stm32f7xx_hal_sd.o(i.HAL_SD_InitCard)
    HAL_SD_MspInit                           0x08002743   Thumb Code     2  stm32f7xx_hal_sd.o(i.HAL_SD_MspInit)
    HAL_SD_RxCpltCallback                    0x08002745   Thumb Code     8  stm32746g_discovery_sd.o(i.HAL_SD_RxCpltCallback)
    HAL_SD_TxCpltCallback                    0x0800274d   Thumb Code     8  stm32746g_discovery_sd.o(i.HAL_SD_TxCpltCallback)
    HAL_SYSTICK_Config                       0x08002755   Thumb Code    38  stm32f7xx_hal_cortex.o(i.HAL_SYSTICK_Config)
    HardFault_Handler                        0x0800277b   Thumb Code     2  stm32f7xx_it.o(i.HardFault_Handler)
    MemManage_Handler                        0x0800277d   Thumb Code     2  stm32f7xx_it.o(i.MemManage_Handler)
    NMI_Handler                              0x0800277f   Thumb Code     2  stm32f7xx_it.o(i.NMI_Handler)
    PendSV_Handler                           0x08002781   Thumb Code     2  stm32f7xx_it.o(i.PendSV_Handler)
    SDMMC1_IRQHandler                        0x08002785   Thumb Code     6  stm32f7xx_it.o(i.SDMMC1_IRQHandler)
    SDMMC_CmdAppCommand                      0x08002791   Thumb Code    50  stm32f7xx_ll_sdmmc.o(i.SDMMC_CmdAppCommand)
    SDMMC_CmdAppOperCommand                  0x080027c5   Thumb Code    48  stm32f7xx_ll_sdmmc.o(i.SDMMC_CmdAppOperCommand)
    SDMMC_CmdBlockLength                     0x080027f9   Thumb Code    50  stm32f7xx_ll_sdmmc.o(i.SDMMC_CmdBlockLength)
    SDMMC_CmdBusWidth                        0x0800282b   Thumb Code    50  stm32f7xx_ll_sdmmc.o(i.SDMMC_CmdBusWidth)
    SDMMC_CmdGoIdleState                     0x0800285d   Thumb Code    76  stm32f7xx_ll_sdmmc.o(i.SDMMC_CmdGoIdleState)
    SDMMC_CmdOperCond                        0x080028ad   Thumb Code    94  stm32f7xx_ll_sdmmc.o(i.SDMMC_CmdOperCond)
    SDMMC_CmdSelDesel                        0x08002911   Thumb Code    48  stm32f7xx_ll_sdmmc.o(i.SDMMC_CmdSelDesel)
    SDMMC_CmdSendCID                         0x08002941   Thumb Code    42  stm32f7xx_ll_sdmmc.o(i.SDMMC_CmdSendCID)
    SDMMC_CmdSendCSD                         0x0800296b   Thumb Code    46  stm32f7xx_ll_sdmmc.o(i.SDMMC_CmdSendCSD)
    SDMMC_CmdSendSCR                         0x08002999   Thumb Code    48  stm32f7xx_ll_sdmmc.o(i.SDMMC_CmdSendSCR)
    SDMMC_CmdSendStatus                      0x080029c9   Thumb Code    50  stm32f7xx_ll_sdmmc.o(i.SDMMC_CmdSendStatus)
    SDMMC_CmdSetRelAdd                       0x080029fb   Thumb Code    48  stm32f7xx_ll_sdmmc.o(i.SDMMC_CmdSetRelAdd)
    SDMMC_CmdStopTransfer                    0x08002a2d   Thumb Code    46  stm32f7xx_ll_sdmmc.o(i.SDMMC_CmdStopTransfer)
    SDMMC_ConfigData                         0x08002a61   Thumb Code    38  stm32f7xx_ll_sdmmc.o(i.SDMMC_ConfigData)
    SDMMC_GetPowerState                      0x08002a87   Thumb Code     8  stm32f7xx_ll_sdmmc.o(i.SDMMC_GetPowerState)
    SDMMC_GetResponse                        0x08002a8f   Thumb Code    12  stm32f7xx_ll_sdmmc.o(i.SDMMC_GetResponse)
    SDMMC_Init                               0x08002a9b   Thumb Code    34  stm32f7xx_ll_sdmmc.o(i.SDMMC_Init)
    SDMMC_PowerState_ON                      0x08002abd   Thumb Code     8  stm32f7xx_ll_sdmmc.o(i.SDMMC_PowerState_ON)
    SDMMC_ReadFIFO                           0x08002ac5   Thumb Code     6  stm32f7xx_ll_sdmmc.o(i.SDMMC_ReadFIFO)
    SDMMC_SendCommand                        0x08002acb   Thumb Code    34  stm32f7xx_ll_sdmmc.o(i.SDMMC_SendCommand)
    SDMMC_WriteFIFO                          0x08002aed   Thumb Code    10  stm32f7xx_ll_sdmmc.o(i.SDMMC_WriteFIFO)
    SVC_Handler                              0x08002af7   Thumb Code     2  stm32f7xx_it.o(i.SVC_Handler)
    SysTick_Handler                          0x08002af9   Thumb Code     4  stm32f7xx_it.o(i.SysTick_Handler)
    SystemInit                               0x08002afd   Thumb Code    72  system_stm32f7xx.o(i.SystemInit)
    UsageFault_Handler                       0x08002b55   Thumb Code     2  stm32f7xx_it.o(i.UsageFault_Handler)
    BMP::init()                              0x08003761   Thumb Code   122  bmp.o(i._ZN3BMP4initEv)
    BMP::getImage()                          0x080037db   Thumb Code     4  bmp.o(i._ZN3BMP8getImageEv)
    BMP::BMP(unsigned short, unsigned short) 0x080037df   Thumb Code     6  bmp.o(i._ZN3BMPC1Ett)
    BMP::BMP__sub_object(unsigned short, unsigned short) 0x080037df   Thumb Code     0  bmp.o(i._ZN3BMPC1Ett)
    main                                     0x080037e5   Thumb Code   234  main.o(i.main)
    _fp_init                                 0x080038d5   Thumb Code    10  fpinit.o(x$fpl$fpinit)
    __fplib_config_fpu_vfp                   0x080038dd   Thumb Code     0  fpinit.o(x$fpl$fpinit)
    __fplib_config_pureend_doubles           0x080038dd   Thumb Code     0  fpinit.o(x$fpl$fpinit)
    AHBPrescTable                            0x080053b8   Data          16  system_stm32f7xx.o(.constdata)
    Region$$Table$$Base                      0x080053c8   Number         0  anon$$obj.o(Region$$Table)
    Region$$Table$$Limit                     0x080053f8   Number         0  anon$$obj.o(Region$$Table)
    COM_USART                                0x20000000   Data           4  stm32746g_discovery.o(.data)
    COM_TX_PORT                              0x20000004   Data           4  stm32746g_discovery.o(.data)
    COM_RX_PORT                              0x20000008   Data           4  stm32746g_discovery.o(.data)
    BUTTON_PORT                              0x2000000c   Data          12  stm32746g_discovery.o(.data)
    Font24                                   0x2000001c   Data           8  stm32746g_discovery_lcd.o(.data)
    uwTickFreq                               0x20000024   Data           1  stm32f7xx_hal.o(.data)
    uwTickPrio                               0x20000028   Data           4  stm32f7xx_hal.o(.data)
    uwTick                                   0x2000002c   Data           4  stm32f7xx_hal.o(.data)
    uwInternelBuffer                         0x20000030   Data           4  main.o(.data)
    SystemCoreClock                          0x20000034   Data           4  system_stm32f7xx.o(.data)
    hLtdcHandler                             0x200000bc   Data         168  stm32746g_discovery_lcd.o(.bss)
    uSdHandle                                0x2000033c   Data         132  stm32746g_discovery_sd.o(.bss)
    __libspace_start                         0x200003c0   Data          96  libspace.o(.bss)
    __temporary_stack_top$libspace           0x20000420   Data           0  libspace.o(.bss)



==============================================================================

Memory Map of the image

  Image Entry point : 0x080001c9

  Load Region LR_IROM1 (Base: 0x08000000, Size: 0x00005430, Max: 0x00100000, ABSOLUTE)

    Execution Region ER_IROM1 (Exec base: 0x08000000, Load base: 0x08000000, Size: 0x000053f8, Max: 0x00100000, ABSOLUTE)

    Exec Addr    Load Addr    Size         Type   Attr      Idx    E Section Name        Object

    0x08000000   0x08000000   0x000001c8   Data   RO         5559    RESET               startup_stm32f746xx.o
    0x080001c8   0x080001c8   0x00000008   Code   RO         5706  * !!!main             c_w.l(__main.o)
    0x080001d0   0x080001d0   0x00000034   Code   RO         5936    !!!scatter          c_w.l(__scatter.o)
    0x08000204   0x08000204   0x0000001a   Code   RO         5938    !!handler_copy      c_w.l(__scatter_copy.o)
    0x0800021e   0x0800021e   0x00000002   PAD
    0x08000220   0x08000220   0x0000001c   Code   RO         5940    !!handler_zi        c_w.l(__scatter_zi.o)
    0x0800023c   0x0800023c   0x00000002   Code   RO         5866    .ARM.Collect$$libinit$$00000000  c_w.l(libinit.o)
    0x0800023e   0x0800023e   0x00000004   Code   RO         5794    .ARM.Collect$$libinit$$00000001  c_w.l(libinit2.o)
    0x08000242   0x08000242   0x00000000   Code   RO         5797    .ARM.Collect$$libinit$$00000004  c_w.l(libinit2.o)
    0x08000242   0x08000242   0x00000008   Code   RO         5798    .ARM.Collect$$libinit$$00000005  c_w.l(libinit2.o)
    0x0800024a   0x0800024a   0x00000000   Code   RO         5800    .ARM.Collect$$libinit$$0000000A  c_w.l(libinit2.o)
    0x0800024a   0x0800024a   0x00000000   Code   RO         5802    .ARM.Collect$$libinit$$0000000C  c_w.l(libinit2.o)
    0x0800024a   0x0800024a   0x00000000   Code   RO         5804    .ARM.Collect$$libinit$$0000000E  c_w.l(libinit2.o)
    0x0800024a   0x0800024a   0x00000000   Code   RO         5807    .ARM.Collect$$libinit$$00000011  c_w.l(libinit2.o)
    0x0800024a   0x0800024a   0x00000000   Code   RO         5809    .ARM.Collect$$libinit$$00000013  c_w.l(libinit2.o)
    0x0800024a   0x0800024a   0x00000000   Code   RO         5811    .ARM.Collect$$libinit$$00000015  c_w.l(libinit2.o)
    0x0800024a   0x0800024a   0x00000000   Code   RO         5813    .ARM.Collect$$libinit$$00000017  c_w.l(libinit2.o)
    0x0800024a   0x0800024a   0x00000000   Code   RO         5815    .ARM.Collect$$libinit$$00000019  c_w.l(libinit2.o)
    0x0800024a   0x0800024a   0x00000000   Code   RO         5817    .ARM.Collect$$libinit$$0000001B  c_w.l(libinit2.o)
    0x0800024a   0x0800024a   0x00000000   Code   RO         5819    .ARM.Collect$$libinit$$0000001D  c_w.l(libinit2.o)
    0x0800024a   0x0800024a   0x00000000   Code   RO         5821    .ARM.Collect$$libinit$$0000001F  c_w.l(libinit2.o)
    0x0800024a   0x0800024a   0x00000000   Code   RO         5823    .ARM.Collect$$libinit$$00000021  c_w.l(libinit2.o)
    0x0800024a   0x0800024a   0x00000000   Code   RO         5825    .ARM.Collect$$libinit$$00000023  c_w.l(libinit2.o)
    0x0800024a   0x0800024a   0x00000000   Code   RO         5827    .ARM.Collect$$libinit$$00000025  c_w.l(libinit2.o)
    0x0800024a   0x0800024a   0x00000000   Code   RO         5831    .ARM.Collect$$libinit$$0000002C  c_w.l(libinit2.o)
    0x0800024a   0x0800024a   0x00000000   Code   RO         5833    .ARM.Collect$$libinit$$0000002E  c_w.l(libinit2.o)
    0x0800024a   0x0800024a   0x00000000   Code   RO         5835    .ARM.Collect$$libinit$$00000030  c_w.l(libinit2.o)
    0x0800024a   0x0800024a   0x00000000   Code   RO         5837    .ARM.Collect$$libinit$$00000032  c_w.l(libinit2.o)
    0x0800024a   0x0800024a   0x00000002   Code   RO         5838    .ARM.Collect$$libinit$$00000033  c_w.l(libinit2.o)
    0x0800024c   0x0800024c   0x00000002   Code   RO         5933    .ARM.Collect$$libshutdown$$00000000  c_w.l(libshutdown.o)
    0x0800024e   0x0800024e   0x00000000   Code   RO         5891    .ARM.Collect$$libshutdown$$00000002  c_w.l(libshutdown2.o)
    0x0800024e   0x0800024e   0x00000000   Code   RO         5893    .ARM.Collect$$libshutdown$$00000004  c_w.l(libshutdown2.o)
    0x0800024e   0x0800024e   0x00000000   Code   RO         5896    .ARM.Collect$$libshutdown$$00000007  c_w.l(libshutdown2.o)
    0x0800024e   0x0800024e   0x00000000   Code   RO         5899    .ARM.Collect$$libshutdown$$0000000A  c_w.l(libshutdown2.o)
    0x0800024e   0x0800024e   0x00000000   Code   RO         5901    .ARM.Collect$$libshutdown$$0000000C  c_w.l(libshutdown2.o)
    0x0800024e   0x0800024e   0x00000000   Code   RO         5904    .ARM.Collect$$libshutdown$$0000000F  c_w.l(libshutdown2.o)
    0x0800024e   0x0800024e   0x00000002   Code   RO         5905    .ARM.Collect$$libshutdown$$00000010  c_w.l(libshutdown2.o)
    0x08000250   0x08000250   0x00000000   Code   RO         5710    .ARM.Collect$$rtentry$$00000000  c_w.l(__rtentry.o)
    0x08000250   0x08000250   0x00000000   Code   RO         5755    .ARM.Collect$$rtentry$$00000002  c_w.l(__rtentry2.o)
    0x08000250   0x08000250   0x00000006   Code   RO         5767    .ARM.Collect$$rtentry$$00000004  c_w.l(__rtentry4.o)
    0x08000256   0x08000256   0x00000000   Code   RO         5757    .ARM.Collect$$rtentry$$00000009  c_w.l(__rtentry2.o)
    0x08000256   0x08000256   0x00000004   Code   RO         5758    .ARM.Collect$$rtentry$$0000000A  c_w.l(__rtentry2.o)
    0x0800025a   0x0800025a   0x00000000   Code   RO         5760    .ARM.Collect$$rtentry$$0000000C  c_w.l(__rtentry2.o)
    0x0800025a   0x0800025a   0x00000008   Code   RO         5761    .ARM.Collect$$rtentry$$0000000D  c_w.l(__rtentry2.o)
    0x08000262   0x08000262   0x00000002   Code   RO         5874    .ARM.Collect$$rtexit$$00000000  c_w.l(rtexit.o)
    0x08000264   0x08000264   0x00000000   Code   RO         5909    .ARM.Collect$$rtexit$$00000002  c_w.l(rtexit2.o)
    0x08000264   0x08000264   0x00000004   Code   RO         5910    .ARM.Collect$$rtexit$$00000003  c_w.l(rtexit2.o)
    0x08000268   0x08000268   0x00000006   Code   RO         5911    .ARM.Collect$$rtexit$$00000004  c_w.l(rtexit2.o)
    0x0800026e   0x0800026e   0x00000002   PAD
    0x08000270   0x08000270   0x00000000   Code   RO         5771    .emb_text           c_w.l(maybetermalloc1.o)
    0x08000270   0x08000270   0x00000040   Code   RO         5560    .text               startup_stm32f746xx.o
    0x080002b0   0x080002b0   0x00000028   Code   RO         5614    .text               c_w.l(calloc.o)
    0x080002d8   0x080002d8   0x0000004e   Code   RO         5616    .text               c_w.l(h1_free.o)
    0x08000326   0x08000326   0x000000ee   Code   RO         5670    .text               c_w.l(lludivv7m.o)
    0x08000414   0x08000414   0x00000064   Code   RO         5702    .text               c_w.l(rt_memcpy_w.o)
    0x08000478   0x08000478   0x00000006   Code   RO         5704    .text               c_w.l(heapauxi.o)
    0x0800047e   0x0800047e   0x00000002   PAD
    0x08000480   0x08000480   0x00000008   Code   RO         5718    .text               c_w.l(rt_heap_descriptor_intlibspace.o)
    0x08000488   0x08000488   0x00000004   Code   RO         5720    .text               c_w.l(hguard.o)
    0x0800048c   0x0800048c   0x0000008a   Code   RO         5722    .text               c_w.l(init_alloc.o)
    0x08000516   0x08000516   0x0000005e   Code   RO         5728    .text               c_w.l(h1_alloc.o)
    0x08000574   0x08000574   0x00000044   Code   RO         5749    .text               c_w.l(rt_memclr.o)
    0x080005b8   0x080005b8   0x00000008   Code   RO         5751    .text               c_w.l(libspace.o)
    0x080005c0   0x080005c0   0x0000000e   Code   RO         5773    .text               c_w.l(h1_init.o)
    0x080005ce   0x080005ce   0x00000034   Code   RO         5775    .text               c_w.l(h1_extend.o)
    0x08000602   0x08000602   0x0000000e   Code   RO         5783    .text               c_w.l(defsig_rtmem_outer.o)
    0x08000610   0x08000610   0x0000004e   Code   RO         5787    .text               c_w.l(rt_memclr_w.o)
    0x0800065e   0x0800065e   0x0000004a   Code   RO         5841    .text               c_w.l(sys_stackheap_outer.o)
    0x080006a8   0x080006a8   0x00000012   Code   RO         5849    .text               c_w.l(exit.o)
    0x080006ba   0x080006ba   0x0000000a   Code   RO         5851    .text               c_w.l(defsig_exit.o)
    0x080006c4   0x080006c4   0x00000050   Code   RO         5857    .text               c_w.l(defsig_rtmem_inner.o)
    0x08000714   0x08000714   0x0000000c   Code   RO         5869    .text               c_w.l(sys_exit.o)
    0x08000720   0x08000720   0x00000002   Code   RO         5871    .text               c_w.l(use_no_semi.o)
    0x08000722   0x08000722   0x00000000   Code   RO         5873    .text               c_w.l(indicate_semi.o)
    0x08000722   0x08000722   0x00000032   Code   RO         5882    .text               c_w.l(defsig_general.o)
    0x08000754   0x08000754   0x0000000e   Code   RO         5906    .text               c_w.l(sys_wrch.o)
    0x08000762   0x08000762   0x00000002   PAD
    0x08000764   0x08000764   0x00000038   Code   RO          366    i.BSP_LCD_Clear     stm32746g_discovery_lcd.o
    0x0800079c   0x0800079c   0x00000020   Code   RO          368    i.BSP_LCD_ClockConfig  stm32746g_discovery_lcd.o
    0x080007bc   0x080007bc   0x00000034   Code   RO          372    i.BSP_LCD_DisplayOn  stm32746g_discovery_lcd.o
    0x080007f0   0x080007f0   0x000000d0   Code   RO          375    i.BSP_LCD_DrawBitmap  stm32746g_discovery_lcd.o
    0x080008c0   0x080008c0   0x00000020   Code   RO          391    i.BSP_LCD_GetXSize  stm32746g_discovery_lcd.o
    0x080008e0   0x080008e0   0x00000020   Code   RO          392    i.BSP_LCD_GetYSize  stm32746g_discovery_lcd.o
    0x08000900   0x08000900   0x000000a0   Code   RO          393    i.BSP_LCD_Init      stm32746g_discovery_lcd.o
    0x080009a0   0x080009a0   0x00000078   Code   RO          394    i.BSP_LCD_LayerDefaultInit  stm32746g_discovery_lcd.o
    0x08000a18   0x08000a18   0x00000138   Code   RO          397    i.BSP_LCD_MspInit   stm32746g_discovery_lcd.o
    0x08000b50   0x08000b50   0x0000000c   Code   RO          402    i.BSP_LCD_SelectLayer  stm32746g_discovery_lcd.o
    0x08000b5c   0x08000b5c   0x0000001c   Code   RO          406    i.BSP_LCD_SetFont   stm32746g_discovery_lcd.o
    0x08000b78   0x08000b78   0x0000000c   Code   RO          414    i.BSP_LCD_SetTransparency  stm32746g_discovery_lcd.o
    0x08000b84   0x08000b84   0x00000094   Code   RO           14    i.BSP_PB_Init       stm32746g_discovery.o
    0x08000c18   0x08000c18   0x00000002   Code   RO          876    i.BSP_SD_AbortCallback  stm32746g_discovery_sd.o
    0x08000c1a   0x08000c1a   0x00000002   PAD
    0x08000c1c   0x08000c1c   0x00000038   Code   RO          878    i.BSP_SD_Detect_MspInit  stm32746g_discovery_sd.o
    0x08000c54   0x08000c54   0x00000058   Code   RO          883    i.BSP_SD_Init       stm32746g_discovery_sd.o
    0x08000cac   0x08000cac   0x00000024   Code   RO          884    i.BSP_SD_IsDetected  stm32746g_discovery_sd.o
    0x08000cd0   0x08000cd0   0x0000014c   Code   RO          886    i.BSP_SD_MspInit    stm32746g_discovery_sd.o
    0x08000e1c   0x08000e1c   0x00000002   Code   RO          889    i.BSP_SD_ReadCpltCallback  stm32746g_discovery_sd.o
    0x08000e1e   0x08000e1e   0x00000002   Code   RO          892    i.BSP_SD_WriteCpltCallback  stm32746g_discovery_sd.o
    0x08000e20   0x08000e20   0x00000002   Code   RO         5122    i.BusFault_Handler  stm32f7xx_it.o
    0x08000e22   0x08000e22   0x00000002   PAD
    0x08000e24   0x08000e24   0x0000000c   Code   RO         5123    i.DMA2_Stream3_IRQHandler  stm32f7xx_it.o
    0x08000e30   0x08000e30   0x00000002   Code   RO         5124    i.DebugMon_Handler  stm32f7xx_it.o
    0x08000e32   0x08000e32   0x00000002   PAD
    0x08000e34   0x08000e34   0x000000a4   Code   RO         1384    i.HAL_DMA2D_ConfigLayer  stm32f7xx_hal_dma2d.o
    0x08000ed8   0x08000ed8   0x0000005a   Code   RO         1392    i.HAL_DMA2D_Init    stm32f7xx_hal_dma2d.o
    0x08000f32   0x08000f32   0x00000002   Code   RO         1395    i.HAL_DMA2D_MspInit  stm32f7xx_hal_dma2d.o
    0x08000f34   0x08000f34   0x0000010c   Code   RO         1396    i.HAL_DMA2D_PollForTransfer  stm32f7xx_hal_dma2d.o
    0x08001040   0x08001040   0x00000034   Code   RO         1399    i.HAL_DMA2D_Start   stm32f7xx_hal_dma2d.o
    0x08001074   0x08001074   0x00000024   Code   RO         2973    i.HAL_DMA_Abort_IT  stm32f7xx_hal_dma.o
    0x08001098   0x08001098   0x00000062   Code   RO         2974    i.HAL_DMA_DeInit    stm32f7xx_hal_dma.o
    0x080010fa   0x080010fa   0x00000002   PAD
    0x080010fc   0x080010fc   0x000001a0   Code   RO         2977    i.HAL_DMA_IRQHandler  stm32f7xx_hal_dma.o
    0x0800129c   0x0800129c   0x000000e4   Code   RO         2978    i.HAL_DMA_Init      stm32f7xx_hal_dma.o
    0x08001380   0x08001380   0x00000024   Code   RO         3406    i.HAL_Delay         stm32f7xx_hal.o
    0x080013a4   0x080013a4   0x000001d8   Code   RO         1270    i.HAL_GPIO_Init     stm32f7xx_hal_gpio.o
    0x0800157c   0x0800157c   0x0000000a   Code   RO         1272    i.HAL_GPIO_ReadPin  stm32f7xx_hal_gpio.o
    0x08001586   0x08001586   0x0000000a   Code   RO         1274    i.HAL_GPIO_WritePin  stm32f7xx_hal_gpio.o
    0x08001590   0x08001590   0x0000000c   Code   RO         3414    i.HAL_GetTick       stm32f7xx_hal.o
    0x0800159c   0x0800159c   0x00000010   Code   RO         3420    i.HAL_IncTick       stm32f7xx_hal.o
    0x080015ac   0x080015ac   0x00000024   Code   RO         3421    i.HAL_Init          stm32f7xx_hal.o
    0x080015d0   0x080015d0   0x00000040   Code   RO         3422    i.HAL_InitTick      stm32f7xx_hal.o
    0x08001610   0x08001610   0x00000052   Code   RO         2499    i.HAL_LTDC_ConfigLayer  stm32f7xx_hal_ltdc.o
    0x08001662   0x08001662   0x00000006   Code   RO         2514    i.HAL_LTDC_GetState  stm32f7xx_hal_ltdc.o
    0x08001668   0x08001668   0x00000100   Code   RO         2516    i.HAL_LTDC_Init     stm32f7xx_hal_ltdc.o
    0x08001768   0x08001768   0x00000002   Code   RO         2519    i.HAL_LTDC_MspInit  stm32f7xx_hal_ltdc.o
    0x0800176a   0x0800176a   0x00000044   Code   RO         2525    i.HAL_LTDC_SetAlpha  stm32f7xx_hal_ltdc.o
    0x080017ae   0x080017ae   0x00000002   Code   RO         3424    i.HAL_MspInit       stm32f7xx_hal.o
    0x080017b0   0x080017b0   0x0000001a   Code   RO         2002    i.HAL_NVIC_EnableIRQ  stm32f7xx_hal_cortex.o
    0x080017ca   0x080017ca   0x00000002   PAD
    0x080017cc   0x080017cc   0x00000040   Code   RO         2008    i.HAL_NVIC_SetPriority  stm32f7xx_hal_cortex.o
    0x0800180c   0x0800180c   0x00000024   Code   RO         2009    i.HAL_NVIC_SetPriorityGrouping  stm32f7xx_hal_cortex.o
    0x08001830   0x08001830   0x0000006c   Code   RO         1610    i.HAL_PWREx_EnableOverDrive  stm32f7xx_hal_pwr_ex.o
    0x0800189c   0x0800189c   0x000004fc   Code   RO         3766    i.HAL_RCCEx_PeriphCLKConfig  stm32f7xx_hal_rcc_ex.o
    0x08001d98   0x08001d98   0x0000012c   Code   RO         1710    i.HAL_RCC_ClockConfig  stm32f7xx_hal_rcc.o
    0x08001ec4   0x08001ec4   0x00000064   Code   RO         1719    i.HAL_RCC_GetSysClockFreq  stm32f7xx_hal_rcc.o
    0x08001f28   0x08001f28   0x00000338   Code   RO         1722    i.HAL_RCC_OscConfig  stm32f7xx_hal_rcc.o
    0x08002260   0x08002260   0x00000008   Code   RO          893    i.HAL_SD_AbortCallback  stm32746g_discovery_sd.o
    0x08002268   0x08002268   0x00000078   Code   RO         2226    i.HAL_SD_ConfigWideBusOperation  stm32f7xx_hal_sd.o
    0x080022e0   0x080022e0   0x00000002   Code   RO         2229    i.HAL_SD_ErrorCallback  stm32f7xx_hal_sd.o
    0x080022e2   0x080022e2   0x000001fa   Code   RO         2231    i.HAL_SD_GetCardCSD  stm32f7xx_hal_sd.o
    0x080024dc   0x080024dc   0x0000002c   Code   RO         2233    i.HAL_SD_GetCardState  stm32f7xx_hal_sd.o
    0x08002508   0x08002508   0x000001a8   Code   RO         2237    i.HAL_SD_IRQHandler  stm32f7xx_hal_sd.o
    0x080026b0   0x080026b0   0x00000036   Code   RO         2238    i.HAL_SD_Init       stm32f7xx_hal_sd.o
    0x080026e6   0x080026e6   0x0000005c   Code   RO         2239    i.HAL_SD_InitCard   stm32f7xx_hal_sd.o
    0x08002742   0x08002742   0x00000002   Code   RO         2241    i.HAL_SD_MspInit    stm32f7xx_hal_sd.o
    0x08002744   0x08002744   0x00000008   Code   RO          894    i.HAL_SD_RxCpltCallback  stm32746g_discovery_sd.o
    0x0800274c   0x0800274c   0x00000008   Code   RO          895    i.HAL_SD_TxCpltCallback  stm32746g_discovery_sd.o
    0x08002754   0x08002754   0x00000026   Code   RO         2013    i.HAL_SYSTICK_Config  stm32f7xx_hal_cortex.o
    0x0800277a   0x0800277a   0x00000002   Code   RO         5125    i.HardFault_Handler  stm32f7xx_it.o
    0x0800277c   0x0800277c   0x00000002   Code   RO         5126    i.MemManage_Handler  stm32f7xx_it.o
    0x0800277e   0x0800277e   0x00000002   Code   RO         5127    i.NMI_Handler       stm32f7xx_it.o
    0x08002780   0x08002780   0x00000002   Code   RO         5128    i.PendSV_Handler    stm32f7xx_it.o
    0x08002782   0x08002782   0x00000002   PAD
    0x08002784   0x08002784   0x0000000c   Code   RO         5129    i.SDMMC1_IRQHandler  stm32f7xx_it.o
    0x08002790   0x08002790   0x00000032   Code   RO         3093    i.SDMMC_CmdAppCommand  stm32f7xx_ll_sdmmc.o
    0x080027c2   0x080027c2   0x00000002   PAD
    0x080027c4   0x080027c4   0x00000034   Code   RO         3094    i.SDMMC_CmdAppOperCommand  stm32f7xx_ll_sdmmc.o
    0x080027f8   0x080027f8   0x00000032   Code   RO         3095    i.SDMMC_CmdBlockLength  stm32f7xx_ll_sdmmc.o
    0x0800282a   0x0800282a   0x00000032   Code   RO         3096    i.SDMMC_CmdBusWidth  stm32f7xx_ll_sdmmc.o
    0x0800285c   0x0800285c   0x00000050   Code   RO         3100    i.SDMMC_CmdGoIdleState  stm32f7xx_ll_sdmmc.o
    0x080028ac   0x080028ac   0x00000064   Code   RO         3102    i.SDMMC_CmdOperCond  stm32f7xx_ll_sdmmc.o
    0x08002910   0x08002910   0x00000030   Code   RO         3107    i.SDMMC_CmdSelDesel  stm32f7xx_ll_sdmmc.o
    0x08002940   0x08002940   0x0000002a   Code   RO         3108    i.SDMMC_CmdSendCID  stm32f7xx_ll_sdmmc.o
    0x0800296a   0x0800296a   0x0000002e   Code   RO         3109    i.SDMMC_CmdSendCSD  stm32f7xx_ll_sdmmc.o
    0x08002998   0x08002998   0x00000030   Code   RO         3110    i.SDMMC_CmdSendSCR  stm32f7xx_ll_sdmmc.o
    0x080029c8   0x080029c8   0x00000032   Code   RO         3111    i.SDMMC_CmdSendStatus  stm32f7xx_ll_sdmmc.o
    0x080029fa   0x080029fa   0x00000030   Code   RO         3112    i.SDMMC_CmdSetRelAdd  stm32f7xx_ll_sdmmc.o
    0x08002a2a   0x08002a2a   0x00000002   PAD
    0x08002a2c   0x08002a2c   0x00000034   Code   RO         3114    i.SDMMC_CmdStopTransfer  stm32f7xx_ll_sdmmc.o
    0x08002a60   0x08002a60   0x00000026   Code   RO         3118    i.SDMMC_ConfigData  stm32f7xx_ll_sdmmc.o
    0x08002a86   0x08002a86   0x00000008   Code   RO         3122    i.SDMMC_GetPowerState  stm32f7xx_ll_sdmmc.o
    0x08002a8e   0x08002a8e   0x0000000c   Code   RO         3123    i.SDMMC_GetResponse  stm32f7xx_ll_sdmmc.o
    0x08002a9a   0x08002a9a   0x00000022   Code   RO         3124    i.SDMMC_Init        stm32f7xx_ll_sdmmc.o
    0x08002abc   0x08002abc   0x00000008   Code   RO         3126    i.SDMMC_PowerState_ON  stm32f7xx_ll_sdmmc.o
    0x08002ac4   0x08002ac4   0x00000006   Code   RO         3127    i.SDMMC_ReadFIFO    stm32f7xx_ll_sdmmc.o
    0x08002aca   0x08002aca   0x00000022   Code   RO         3128    i.SDMMC_SendCommand  stm32f7xx_ll_sdmmc.o
    0x08002aec   0x08002aec   0x0000000a   Code   RO         3130    i.SDMMC_WriteFIFO   stm32f7xx_ll_sdmmc.o
    0x08002af6   0x08002af6   0x00000002   Code   RO         5130    i.SVC_Handler       stm32f7xx_it.o
    0x08002af8   0x08002af8   0x00000004   Code   RO         5131    i.SysTick_Handler   stm32f7xx_it.o
    0x08002afc   0x08002afc   0x00000058   Code   RO         5568    i.SystemInit        system_stm32f7xx.o
    0x08002b54   0x08002b54   0x00000002   Code   RO         5132    i.UsageFault_Handler  stm32f7xx_it.o
    0x08002b56   0x08002b56   0x000000d6   Code   RO         2250    i._Z10SD_FindSCRP16SD_HandleTypeDefPj  stm32f7xx_hal_sd.o
    0x08002c2c   0x08002c2c   0x000000a6   Code   RO         2251    i._Z10SD_PowerONP16SD_HandleTypeDef  stm32f7xx_hal_sd.o
    0x08002cd2   0x08002cd2   0x000000e6   Code   RO         2253    i._Z11SD_InitCardP16SD_HandleTypeDef  stm32f7xx_hal_sd.o
    0x08002db8   0x08002db8   0x00000080   Code   RO          419    i._Z13LL_FillBufferjPvjjjj  stm32746g_discovery_lcd.o
    0x08002e38   0x08002e38   0x00000048   Code   RO         2254    i._Z13SD_DMARxAbortP19__DMA_HandleTypeDef  stm32f7xx_hal_sd.o
    0x08002e80   0x08002e80   0x00000048   Code   RO         2255    i._Z13SD_DMATxAbortP19__DMA_HandleTypeDef  stm32f7xx_hal_sd.o
    0x08002ec8   0x08002ec8   0x000001d0   Code   RO         2535    i._Z14LTDC_SetConfigP18LTDC_HandleTypeDefP20LTDC_LayerCfgTypeDefj  stm32f7xx_hal_ltdc.o
    0x08003098   0x08003098   0x00000092   Code   RO         1402    i._Z15DMA2D_SetConfigP21__DMA2D_HandleTypeDefjjjj  stm32f7xx_hal_dma2d.o
    0x0800312a   0x0800312a   0x00000002   PAD
    0x0800312c   0x0800312c   0x0000007c   Code   RO         5322    i._Z16CPU_CACHE_Enablev  main.o
    0x080031a8   0x080031a8   0x0000011c   Code   RO         3131    i._Z17SDMMC_GetCmdResp1P13SDMMC_TypeDefhj  stm32f7xx_ll_sdmmc.o
    0x080032c4   0x080032c4   0x00000050   Code   RO         3132    i._Z17SDMMC_GetCmdResp2P13SDMMC_TypeDef  stm32f7xx_ll_sdmmc.o
    0x08003314   0x08003314   0x00000040   Code   RO         3133    i._Z17SDMMC_GetCmdResp3P13SDMMC_TypeDef  stm32f7xx_ll_sdmmc.o
    0x08003354   0x08003354   0x00000084   Code   RO         3134    i._Z17SDMMC_GetCmdResp6P13SDMMC_TypeDefhPt  stm32f7xx_ll_sdmmc.o
    0x080033d8   0x080033d8   0x0000004e   Code   RO         2258    i._Z17SD_WideBus_EnableP16SD_HandleTypeDef  stm32f7xx_hal_sd.o
    0x08003426   0x08003426   0x00000054   Code   RO         2984    i._Z18DMA_CheckFifoParamP19__DMA_HandleTypeDef  stm32f7xx_hal_dma.o
    0x0800347a   0x0800347a   0x0000004e   Code   RO         2260    i._Z18SD_WideBus_DisableP16SD_HandleTypeDef  stm32f7xx_hal_sd.o
    0x080034c8   0x080034c8   0x00000022   Code   RO         2015    i._Z18__NVIC_SetPriority9IRQn_Typej  stm32f7xx_hal_cortex.o
    0x080034ea   0x080034ea   0x00000002   PAD
    0x080034ec   0x080034ec   0x000001e4   Code   RO         5569    i._Z20SystemInit_ExtMemCtlv  system_stm32f7xx.o
    0x080036d0   0x080036d0   0x00000028   Code   RO         2985    i._Z23DMA_CalcBaseAndBitshiftP19__DMA_HandleTypeDef  stm32f7xx_hal_dma.o
    0x080036f8   0x080036f8   0x00000068   Code   RO          420    i._Z24LL_ConvertLineToARGB8888PvS_jj  stm32746g_discovery_lcd.o
    0x08003760   0x08003760   0x0000007a   Code   RO         5362    i._ZN3BMP4initEv    bmp.o
    0x080037da   0x080037da   0x00000004   Code   RO         5363    i._ZN3BMP8getImageEv  bmp.o
    0x080037de   0x080037de   0x00000006   Code   RO         5364    i._ZN3BMPC1Ett      bmp.o
    0x080037e4   0x080037e4   0x000000f0   Code   RO         5323    i.main              main.o
    0x080038d4   0x080038d4   0x0000000a   Code   RO         5867    x$fpl$fpinit        fz_wm.l(fpinit.o)
    0x080038de   0x080038de   0x00000002   PAD
    0x080038e0   0x080038e0   0x00000018   Data   RO           71    .constdata          stm32746g_discovery.o
    0x080038f8   0x080038f8   0x00001ab8   Data   RO          479    .constdata          stm32746g_discovery_lcd.o
    0x080053b0   0x080053b0   0x00000008   Data   RO         3002    .constdata          stm32f7xx_hal_dma.o
    0x080053b8   0x080053b8   0x00000010   Data   RO         5573    .constdata          system_stm32f7xx.o
    0x080053c8   0x080053c8   0x00000030   Data   RO         5934    Region$$Table       anon$$obj.o


    Execution Region RW_IRAM1 (Exec base: 0x20000000, Load base: 0x080053f8, Size: 0x00001420, Max: 0x00050000, ABSOLUTE)

    Exec Addr    Load Addr    Size         Type   Attr      Idx    E Section Name        Object

    0x20000000   0x080053f8   0x00000018   Data   RW           72    .data               stm32746g_discovery.o
    0x20000018   0x08005410   0x0000000c   Data   RW          484    .data               stm32746g_discovery_lcd.o
    0x20000024   0x0800541c   0x0000000c   Data   RW         3457    .data               stm32f7xx_hal.o
    0x20000030   0x08005428   0x00000004   Data   RW         5331    .data               main.o
    0x20000034   0x0800542c   0x00000004   Data   RW         5575    .data               system_stm32f7xx.o
    0x20000038        -       0x00000184   Zero   RW          478    .bss                stm32746g_discovery_lcd.o
    0x200001bc        -       0x00000204   Zero   RW          916    .bss                stm32746g_discovery_sd.o
    0x200003c0        -       0x00000060   Zero   RW         5752    .bss                c_w.l(libspace.o)
    0x20000420        -       0x00001000   Zero   RW         5557    STACK               startup_stm32f746xx.o


    Execution Region RW_RAM1 (Exec base: 0xc0000000, Load base: 0x08005430, Size: 0x00400000, Max: 0x00400000, ABSOLUTE)

    Exec Addr    Load Addr    Size         Type   Attr      Idx    E Section Name        Object

    0xc0000000        -       0x00400000   Zero   RW         5558    HEAP                startup_stm32f746xx.o


==============================================================================

Image component sizes


      Code (inc. data)   RO Data    RW Data    ZI Data      Debug   Object Name

       132          0          0          0          0       3348   bmp.o
         0          0          0          0          0        552   ff_gen_drv.o
       364         14          0          4          0      37227   main.o
        64         26        456          0    4198400        828   startup_stm32f746xx.o
       148         20         24         24          0     821546   stm32746g_discovery.o
      1288        156       6840         12        388     762285   stm32746g_discovery_lcd.o
       542         44          0          0        516       8205   stm32746g_discovery_sd.o
       166         28          0         12          0       4759   stm32f7xx_hal.o
       198         12          0          0          0      38947   stm32f7xx_hal_cortex.o
       902         16          8          0          0       5808   stm32f7xx_hal_dma.o
       722          6          0          0          0       5939   stm32f7xx_hal_dma2d.o
       492         54          0          0          0       3399   stm32f7xx_hal_gpio.o
       878          4          0          0          0       5350   stm32f7xx_hal_ltdc.o
       108          8          0          0          0       1360   stm32f7xx_hal_pwr_ex.o
      1224         44          0          0          0       4078   stm32f7xx_hal_rcc.o
      1276         16          0          0          0       2376   stm32f7xx_hal_rcc_ex.o
      2154          8          0          0          0      13554   stm32f7xx_hal_sd.o
        44         10          0          0          0       7972   stm32f7xx_it.o
      1426         42          0          0          0      20692   stm32f7xx_ll_sdmmc.o
       572         82         16          4          0       2283   system_stm32f7xx.o

    ----------------------------------------------------------------------
     12720        590       7392         56    4199304    1750508   Object Totals
         0          0         48          0          0          0   (incl. Generated)
        20          0          0          0          0          0   (incl. Padding)

    ----------------------------------------------------------------------

      Code (inc. data)   RO Data    RW Data    ZI Data      Debug   Library Member Name

         8          0          0          0          0         68   __main.o
         0          0          0          0          0          0   __rtentry.o
        12          0          0          0          0          0   __rtentry2.o
         6          0          0          0          0          0   __rtentry4.o
        52          8          0          0          0          0   __scatter.o
        26          0          0          0          0          0   __scatter_copy.o
        28          0          0          0          0          0   __scatter_zi.o
        40          0          0          0          0         80   calloc.o
        10          0          0          0          0         68   defsig_exit.o
        50          0          0          0          0         88   defsig_general.o
        80         58          0          0          0         76   defsig_rtmem_inner.o
        14          0          0          0          0         80   defsig_rtmem_outer.o
        18          0          0          0          0         80   exit.o
        94          0          0          0          0         80   h1_alloc.o
        52          0          0          0          0         68   h1_extend.o
        78          0          0          0          0         80   h1_free.o
        14          0          0          0          0         84   h1_init.o
         6          0          0          0          0        152   heapauxi.o
         4          0          0          0          0        136   hguard.o
         0          0          0          0          0          0   indicate_semi.o
       138          0          0          0          0        168   init_alloc.o
         2          0          0          0          0          0   libinit.o
        14          0          0          0          0          0   libinit2.o
         2          0          0          0          0          0   libshutdown.o
         2          0          0          0          0          0   libshutdown2.o
         8          4          0          0         96         68   libspace.o
       238          0          0          0          0        100   lludivv7m.o
         0          0          0          0          0          0   maybetermalloc1.o
         8          4          0          0          0         68   rt_heap_descriptor_intlibspace.o
        68          0          0          0          0         68   rt_memclr.o
        78          0          0          0          0         80   rt_memclr_w.o
       100          0          0          0          0         80   rt_memcpy_w.o
         2          0          0          0          0          0   rtexit.o
        10          0          0          0          0          0   rtexit2.o
        12          4          0          0          0         68   sys_exit.o
        74          0          0          0          0         80   sys_stackheap_outer.o
        14          0          0          0          0         76   sys_wrch.o
         2          0          0          0          0         68   use_no_semi.o
        10          0          0          0          0        116   fpinit.o

    ----------------------------------------------------------------------
      1384         78          0          0         96       2180   Library Totals
        10          0          0          0          0          0   (incl. Padding)

    ----------------------------------------------------------------------

      Code (inc. data)   RO Data    RW Data    ZI Data      Debug   Library Name

      1364         78          0          0         96       2064   c_w.l
        10          0          0          0          0        116   fz_wm.l

    ----------------------------------------------------------------------
      1384         78          0          0         96       2180   Library Totals

    ----------------------------------------------------------------------

==============================================================================


      Code (inc. data)   RO Data    RW Data    ZI Data      Debug   

     14104        668       7392         56    4199400    1740396   Grand Totals
     14104        668       7392         56    4199400    1740396   ELF Image Totals
     14104        668       7392         56          0          0   ROM Totals

==============================================================================

    Total RO  Size (Code + RO Data)                21496 (  20.99kB)
    Total RW  Size (RW Data + ZI Data)           4199456 (4101.03kB)
    Total ROM Size (Code + RO Data + RW Data)      21552 (  21.05kB)

==============================================================================

