Component: ARM Compiler 5.06 update 6 (build 750) Tool: armlink [4d35ed]

==============================================================================

Section Cross References

    stm32746g_discovery.o(i.AUDIO_IO_Delay) refers to stm32f7xx_hal.o(i.HAL_Delay) for HAL_Delay
    stm32746g_discovery.o(i.AUDIO_IO_Init) refers to stm32746g_discovery.o(i.I2Cx_Init) for I2Cx_Init
    stm32746g_discovery.o(i.AUDIO_IO_Init) refers to stm32746g_discovery.o(.bss) for .bss
    stm32746g_discovery.o(i.AUDIO_IO_Read) refers to stm32746g_discovery.o(i.I2Cx_ReadMultiple) for I2Cx_ReadMultiple
    stm32746g_discovery.o(i.AUDIO_IO_Read) refers to stm32746g_discovery.o(.bss) for .bss
    stm32746g_discovery.o(i.AUDIO_IO_Write) refers to stm32746g_discovery.o(i.I2Cx_WriteMultiple) for I2Cx_WriteMultiple
    stm32746g_discovery.o(i.AUDIO_IO_Write) refers to stm32746g_discovery.o(.bss) for .bss
    stm32746g_discovery.o(i.BSP_COM_DeInit) refers to stm32f7xx_hal_uart.o(i.HAL_UART_DeInit) for HAL_UART_DeInit
    stm32746g_discovery.o(i.BSP_COM_DeInit) refers to stm32746g_discovery.o(.data) for .data
    stm32746g_discovery.o(i.BSP_COM_Init) refers to stm32f7xx_hal_gpio.o(i.HAL_GPIO_Init) for HAL_GPIO_Init
    stm32746g_discovery.o(i.BSP_COM_Init) refers to stm32f7xx_hal_uart.o(i.HAL_UART_Init) for HAL_UART_Init
    stm32746g_discovery.o(i.BSP_COM_Init) refers to stm32746g_discovery.o(.constdata) for .constdata
    stm32746g_discovery.o(i.BSP_COM_Init) refers to stm32746g_discovery.o(.data) for .data
    stm32746g_discovery.o(i.BSP_LED_DeInit) refers to stm32f7xx_hal_gpio.o(i.HAL_GPIO_WritePin) for HAL_GPIO_WritePin
    stm32746g_discovery.o(i.BSP_LED_DeInit) refers to stm32f7xx_hal_gpio.o(i.HAL_GPIO_DeInit) for HAL_GPIO_DeInit
    stm32746g_discovery.o(i.BSP_LED_DeInit) refers to stm32746g_discovery.o(.constdata) for .constdata
    stm32746g_discovery.o(i.BSP_LED_Init) refers to stm32f7xx_hal_gpio.o(i.HAL_GPIO_Init) for HAL_GPIO_Init
    stm32746g_discovery.o(i.BSP_LED_Init) refers to stm32f7xx_hal_gpio.o(i.HAL_GPIO_WritePin) for HAL_GPIO_WritePin
    stm32746g_discovery.o(i.BSP_LED_Init) refers to stm32746g_discovery.o(.constdata) for .constdata
    stm32746g_discovery.o(i.BSP_LED_Off) refers to stm32f7xx_hal_gpio.o(i.HAL_GPIO_WritePin) for HAL_GPIO_WritePin
    stm32746g_discovery.o(i.BSP_LED_Off) refers to stm32746g_discovery.o(.constdata) for .constdata
    stm32746g_discovery.o(i.BSP_LED_On) refers to stm32f7xx_hal_gpio.o(i.HAL_GPIO_WritePin) for HAL_GPIO_WritePin
    stm32746g_discovery.o(i.BSP_LED_On) refers to stm32746g_discovery.o(.constdata) for .constdata
    stm32746g_discovery.o(i.BSP_LED_Toggle) refers to stm32f7xx_hal_gpio.o(i.HAL_GPIO_TogglePin) for HAL_GPIO_TogglePin
    stm32746g_discovery.o(i.BSP_LED_Toggle) refers to stm32746g_discovery.o(.constdata) for .constdata
    stm32746g_discovery.o(i.BSP_PB_DeInit) refers to stm32f7xx_hal_cortex.o(i.HAL_NVIC_DisableIRQ) for HAL_NVIC_DisableIRQ
    stm32746g_discovery.o(i.BSP_PB_DeInit) refers to stm32f7xx_hal_gpio.o(i.HAL_GPIO_DeInit) for HAL_GPIO_DeInit
    stm32746g_discovery.o(i.BSP_PB_DeInit) refers to stm32746g_discovery.o(.constdata) for .constdata
    stm32746g_discovery.o(i.BSP_PB_DeInit) refers to stm32746g_discovery.o(.data) for .data
    stm32746g_discovery.o(i.BSP_PB_GetState) refers to stm32f7xx_hal_gpio.o(i.HAL_GPIO_ReadPin) for HAL_GPIO_ReadPin
    stm32746g_discovery.o(i.BSP_PB_GetState) refers to stm32746g_discovery.o(.constdata) for .constdata
    stm32746g_discovery.o(i.BSP_PB_GetState) refers to stm32746g_discovery.o(.data) for .data
    stm32746g_discovery.o(i.BSP_PB_Init) refers to stm32f7xx_hal_gpio.o(i.HAL_GPIO_Init) for HAL_GPIO_Init
    stm32746g_discovery.o(i.BSP_PB_Init) refers to stm32f7xx_hal_cortex.o(i.HAL_NVIC_SetPriority) for HAL_NVIC_SetPriority
    stm32746g_discovery.o(i.BSP_PB_Init) refers to stm32f7xx_hal_cortex.o(i.HAL_NVIC_EnableIRQ) for HAL_NVIC_EnableIRQ
    stm32746g_discovery.o(i.BSP_PB_Init) refers to stm32746g_discovery.o(.constdata) for .constdata
    stm32746g_discovery.o(i.BSP_PB_Init) refers to stm32746g_discovery.o(.data) for .data
    stm32746g_discovery.o(i.CAMERA_Delay) refers to stm32f7xx_hal.o(i.HAL_Delay) for HAL_Delay
    stm32746g_discovery.o(i.CAMERA_IO_Init) refers to stm32746g_discovery.o(i.I2Cx_Init) for I2Cx_Init
    stm32746g_discovery.o(i.CAMERA_IO_Init) refers to stm32746g_discovery.o(.bss) for .bss
    stm32746g_discovery.o(i.CAMERA_IO_Read) refers to stm32746g_discovery.o(i.I2Cx_ReadMultiple) for I2Cx_ReadMultiple
    stm32746g_discovery.o(i.CAMERA_IO_Read) refers to stm32746g_discovery.o(.bss) for .bss
    stm32746g_discovery.o(i.CAMERA_IO_Write) refers to stm32746g_discovery.o(i.I2Cx_WriteMultiple) for I2Cx_WriteMultiple
    stm32746g_discovery.o(i.CAMERA_IO_Write) refers to stm32746g_discovery.o(.bss) for .bss
    stm32746g_discovery.o(i.EEPROM_IO_Init) refers to stm32746g_discovery.o(i.I2Cx_Init) for I2Cx_Init
[...]
    i.SDMMC_Init                             0x08003878   Section        0  stm32f7xx_ll_sdmmc.o(i.SDMMC_Init)
    i.SDMMC_PowerState_ON                    0x0800389a   Section        0  stm32f7xx_ll_sdmmc.o(i.SDMMC_PowerState_ON)
    i.SDMMC_ReadFIFO                         0x080038a2   Section        0  stm32f7xx_ll_sdmmc.o(i.SDMMC_ReadFIFO)
    i.SDMMC_SendCommand                      0x080038a8   Section        0  stm32f7xx_ll_sdmmc.o(i.SDMMC_SendCommand)
    i.SDMMC_WriteFIFO                        0x080038ca   Section        0  stm32f7xx_ll_sdmmc.o(i.SDMMC_WriteFIFO)
    i.SD_CheckStatus                         0x080038d4   Section        0  sd_diskio.o(i.SD_CheckStatus)
    SD_CheckStatus                           0x080038d5   Thumb Code    26  sd_diskio.o(i.SD_CheckStatus)
    i.SD_DMARxAbort                          0x080038f4   Section        0  stm32f7xx_hal_sd.o(i.SD_DMARxAbort)
    SD_DMARxAbort                            0x080038f5   Thumb Code    72  stm32f7xx_hal_sd.o(i.SD_DMARxAbort)
    i.SD_DMATxAbort                          0x0800393c   Section        0  stm32f7xx_hal_sd.o(i.SD_DMATxAbort)
    SD_DMATxAbort                            0x0800393d   Thumb Code    72  stm32f7xx_hal_sd.o(i.SD_DMATxAbort)
    i.SD_FindSCR                             0x08003984   Section        0  stm32f7xx_hal_sd.o(i.SD_FindSCR)
    SD_FindSCR                               0x08003985   Thumb Code   214  stm32f7xx_hal_sd.o(i.SD_FindSCR)
    i.SD_InitCard                            0x08003a5a   Section        0  stm32f7xx_hal_sd.o(i.SD_InitCard)
    SD_InitCard                              0x08003a5b   Thumb Code   230  stm32f7xx_hal_sd.o(i.SD_InitCard)
    i.SD_PowerON                             0x08003b40   Section        0  stm32f7xx_hal_sd.o(i.SD_PowerON)
    SD_PowerON                               0x08003b41   Thumb Code   166  stm32f7xx_hal_sd.o(i.SD_PowerON)
    i.SD_WideBus_Disable                     0x08003be6   Section        0  stm32f7xx_hal_sd.o(i.SD_WideBus_Disable)
    SD_WideBus_Disable                       0x08003be7   Thumb Code    78  stm32f7xx_hal_sd.o(i.SD_WideBus_Disable)
    i.SD_WideBus_Enable                      0x08003c34   Section        0  stm32f7xx_hal_sd.o(i.SD_WideBus_Enable)
    SD_WideBus_Enable                        0x08003c35   Thumb Code    78  stm32f7xx_hal_sd.o(i.SD_WideBus_Enable)
    i.SD_initialize                          0x08003c84   Section        0  sd_diskio.o(i.SD_initialize)
    i.SD_ioctl                               0x08003ca4   Section        0  sd_diskio.o(i.SD_ioctl)
    i.SD_read                                0x08003cfc   Section        0  sd_diskio.o(i.SD_read)
    i.SD_status                              0x08003d22   Section        0  sd_diskio.o(i.SD_status)
    i.SD_write                               0x08003d28   Section        0  sd_diskio.o(i.SD_write)
    i.SVC_Handler                            0x08003d4e   Section        0  stm32f7xx_it.o(i.SVC_Handler)
    i.Storage_CheckBitmapFile                0x08003d50   Section        0  fatfs_storage.o(i.Storage_CheckBitmapFile)
    i.Storage_GetDirectoryBitmapFiles        0x08003dac   Section        0  fatfs_storage.o(i.Storage_GetDirectoryBitmapFiles)
    i.Storage_OpenReadFile                   0x08003e2c   Section        0  fatfs_storage.o(i.Storage_OpenReadFile)
    i.SysTick_Handler                        0x08003eb8   Section        0  stm32f7xx_it.o(i.SysTick_Handler)
    i.SystemInit                             0x08003ebc   Section        0  system_stm32f7xx.o(i.SystemInit)
    i.UsageFault_Handler                     0x08003f10   Section        0  stm32f7xx_it.o(i.UsageFault_Handler)
    i.__0sprintf$6                           0x08003f14   Section        0  printf6.o(i.__0sprintf$6)
    i.__NVIC_SetPriority                     0x08003f3c   Section        0  stm32f7xx_hal_cortex.o(i.__NVIC_SetPriority)
    __NVIC_SetPriority                       0x08003f3d   Thumb Code    34  stm32f7xx_hal_cortex.o(i.__NVIC_SetPriority)
    i.__scatterload_copy                     0x08003f5e   Section       14  handlers.o(i.__scatterload_copy)
    i.__scatterload_null                     0x08003f6c   Section        2  handlers.o(i.__scatterload_null)
    i.__scatterload_zeroinit                 0x08003f6e   Section       14  handlers.o(i.__scatterload_zeroinit)
    i._printf_core                           0x08003f7c   Section        0  printf6.o(i._printf_core)
    _printf_core                             0x08003f7d   Thumb Code   748  printf6.o(i._printf_core)
    i._printf_post_padding                   0x0800426c   Section        0  printf6.o(i._printf_post_padding)
    _printf_post_padding                     0x0800426d   Thumb Code    36  printf6.o(i._printf_post_padding)
    i._printf_pre_padding                    0x08004290   Section        0  printf6.o(i._printf_pre_padding)
    _printf_pre_padding                      0x08004291   Thumb Code    46  printf6.o(i._printf_pre_padding)
    i._sputc                                 0x080042be   Section        0  printf6.o(i._sputc)
    _sputc                                   0x080042bf   Thumb Code    10  printf6.o(i._sputc)
    i.check_fs                               0x080042c8   Section        0  ff.o(i.check_fs)
    check_fs                                 0x080042c9   Thumb Code   102  ff.o(i.check_fs)
    i.chk_lock                               0x08004338   Section        0  ff.o(i.chk_lock)
    chk_lock                                 0x08004339   Thumb Code    86  ff.o(i.chk_lock)
    i.clear_lock                             0x08004394   Section        0  ff.o(i.clear_lock)
    clear_lock                               0x08004395   Thumb Code    28  ff.o(i.clear_lock)
    i.clmt_clust                             0x080043b4   Section        0  ff.o(i.clmt_clust)
    clmt_clust                               0x080043b5   Thumb Code    36  ff.o(i.clmt_clust)
    i.clust2sect                             0x080043d8   Section        0  ff.o(i.clust2sect)
    clust2sect                               0x080043d9   Thumb Code    24  ff.o(i.clust2sect)
    i.create_chain                           0x080043f0   Section        0  ff.o(i.create_chain)
    create_chain                             0x080043f1   Thumb Code   166  ff.o(i.create_chain)
    i.create_name                            0x08004498   Section        0  ff.o(i.create_name)
    create_name                              0x08004499   Thumb Code   168  ff.o(i.create_name)
    i.dec_lock                               0x08004554   Section        0  ff.o(i.dec_lock)
    dec_lock                                 0x08004555   Thumb Code    48  ff.o(i.dec_lock)
    i.dir_find                               0x08004588   Section        0  ff.o(i.dir_find)
    dir_find                                 0x08004589   Thumb Code   102  ff.o(i.dir_find)
    i.dir_next                               0x080045f0   Section        0  ff.o(i.dir_next)
    dir_next                                 0x080045f1   Thumb Code   244  ff.o(i.dir_next)
    i.dir_read                               0x080046e4   Section        0  ff.o(i.dir_read)
    dir_read                                 0x080046e5   Thumb Code    96  ff.o(i.dir_read)
    i.dir_register                           0x08004744   Section        0  ff.o(i.dir_register)
    dir_register                             0x08004745   Thumb Code   102  ff.o(i.dir_register)
    i.dir_sdi                                0x080047aa   Section        0  ff.o(i.dir_sdi)
    dir_sdi                                  0x080047ab   Thumb Code   130  ff.o(i.dir_sdi)
    i.disk_initialize                        0x0800482c   Section        0  diskio.o(i.disk_initialize)
    i.disk_ioctl                             0x08004854   Section        0  diskio.o(i.disk_ioctl)
    i.disk_read                              0x0800486c   Section        0  diskio.o(i.disk_read)
    i.disk_status                            0x08004888   Section        0  diskio.o(i.disk_status)
    i.disk_write                             0x0800489c   Section        0  diskio.o(i.disk_write)
    i.f_close                                0x080048b8   Section        0  ff.o(i.f_close)
    i.f_closedir                             0x080048e0   Section        0  ff.o(i.f_closedir)
    i.f_findfirst                            0x08004902   Section        0  ff.o(i.f_findfirst)
    i.f_findnext                             0x08004922   Section        0  ff.o(i.f_findnext)
    i.f_mount                                0x08004958   Section        0  ff.o(i.f_mount)
    i.f_open                                 0x080049b0   Section        0  ff.o(i.f_open)
    i.f_opendir                              0x08004bc0   Section        0  ff.o(i.f_opendir)
    i.f_read                                 0x08004c42   Section        0  ff.o(i.f_read)
    i.f_readdir                              0x08004d96   Section        0  ff.o(i.f_readdir)
    i.f_sync                                 0x08004dd6   Section        0  ff.o(i.f_sync)
    i.find_volume                            0x08004e64   Section        0  ff.o(i.find_volume)
    find_volume                              0x08004e65   Thumb Code   586  ff.o(i.find_volume)
    i.follow_path                            0x080050bc   Section        0  ff.o(i.follow_path)
    follow_path                              0x080050bd   Thumb Code   116  ff.o(i.follow_path)
    i.free                                   0x08005130   Section        0  malloc.o(i.free)
    i.get_achar                              0x08005180   Section        0  ff.o(i.get_achar)
    get_achar                                0x08005181   Thumb Code    34  ff.o(i.get_achar)
    i.get_fat                                0x080051a8   Section        0  ff.o(i.get_fat)
    get_fat                                  0x080051a9   Thumb Code   190  ff.o(i.get_fat)
    i.get_fattime                            0x08005266   Section        0  diskio.o(i.get_fattime)
    i.get_fileinfo                           0x0800526a   Section        0  ff.o(i.get_fileinfo)
    get_fileinfo                             0x0800526b   Thumb Code    98  ff.o(i.get_fileinfo)
    i.get_ldnumber                           0x080052cc   Section        0  ff.o(i.get_ldnumber)
    get_ldnumber                             0x080052cd   Thumb Code    60  ff.o(i.get_ldnumber)
    i.inc_lock                               0x08005308   Section        0  ff.o(i.inc_lock)
    inc_lock                                 0x08005309   Thumb Code   124  ff.o(i.inc_lock)
    i.ld_clust                               0x08005388   Section        0  ff.o(i.ld_clust)
    ld_clust                                 0x08005389   Thumb Code    38  ff.o(i.ld_clust)
    i.ld_dword                               0x080053ae   Section        0  ff.o(i.ld_dword)
    ld_dword                                 0x080053af   Thumb Code    22  ff.o(i.ld_dword)
    i.ld_word                                0x080053c4   Section        0  ff.o(i.ld_word)
    ld_word                                  0x080053c5   Thumb Code    10  ff.o(i.ld_word)
    i.main                                   0x080053d0   Section        0  main.o(i.main)
    i.malloc                                 0x080056f8   Section        0  malloc.o(i.malloc)
    i.mem_cpy                                0x08005764   Section        0  ff.o(i.mem_cpy)
    mem_cpy                                  0x08005765   Thumb Code    18  ff.o(i.mem_cpy)
    i.mem_set                                0x08005778   Section        0  ff.o(i.mem_set)
    mem_set                                  0x08005779   Thumb Code    14  ff.o(i.mem_set)
    i.move_window                            0x08005786   Section        0  ff.o(i.move_window)
    move_window                              0x08005787   Thumb Code    50  ff.o(i.move_window)
    i.pattern_matching                       0x080057b8   Section        0  ff.o(i.pattern_matching)
    pattern_matching                         0x080057b9   Thumb Code   144  ff.o(i.pattern_matching)
    i.put_fat                                0x08005848   Section        0  ff.o(i.put_fat)
    put_fat                                  0x08005849   Thumb Code   240  ff.o(i.put_fat)
    i.remove_chain                           0x08005938   Section        0  ff.o(i.remove_chain)
    remove_chain                             0x08005939   Thumb Code   116  ff.o(i.remove_chain)
    i.st_clust                               0x080059ac   Section        0  ff.o(i.st_clust)
    st_clust                                 0x080059ad   Thumb Code    40  ff.o(i.st_clust)
    i.st_dword                               0x080059d4   Section        0  ff.o(i.st_dword)
    st_dword                                 0x080059d5   Thumb Code    16  ff.o(i.st_dword)
    i.st_word                                0x080059e4   Section        0  ff.o(i.st_word)
    st_word                                  0x080059e5   Thumb Code     8  ff.o(i.st_word)
    i.sync_fs                                0x080059ec   Section        0  ff.o(i.sync_fs)
    sync_fs                                  0x080059ed   Thumb Code   126  ff.o(i.sync_fs)
    i.sync_window                            0x08005a74   Section        0  ff.o(i.sync_window)
    sync_window                              0x08005a75   Thumb Code    82  ff.o(i.sync_window)
    i.validate                               0x08005ac6   Section        0  ff.o(i.validate)
    validate                                 0x08005ac7   Thumb Code    48  ff.o(i.validate)
    .constdata                               0x08005af8   Section       24  stm32746g_discovery.o(.constdata)
    .constdata                               0x08005b10   Section     6840  stm32746g_discovery_lcd.o(.constdata)
    .constdata                               0x080075c8   Section        8  stm32f7xx_hal_dma.o(.constdata)
    flagBitshiftOffset                       0x080075c8   Data           8  stm32f7xx_hal_dma.o(.constdata)
    .constdata                               0x080075d0   Section      156  ff.o(.constdata)
    ExCvt                                    0x080075d0   Data         128  ff.o(.constdata)
    cst                                      0x08007650   Data          14  ff.o(.constdata)
    cst32                                    0x0800765e   Data          14  ff.o(.constdata)
    .constdata                               0x0800766c   Section        2  fatfs_storage.o(.constdata)
    .constdata                               0x08007670   Section       20  sd_diskio.o(.constdata)
    .constdata                               0x08007684   Section       16  system_stm32f7xx.o(.constdata)
    .data                                    0x20000000   Section       24  stm32746g_discovery.o(.data)
    .data                                    0x20000018   Section       12  stm32746g_discovery_lcd.o(.data)
    ActiveLayer                              0x20000018   Data           4  stm32746g_discovery_lcd.o(.data)
    .data                                    0x20000024   Section        2  stm32746g_discovery_sdram.o(.data)
    sdramstatus                              0x20000024   Data           1  stm32746g_discovery_sdram.o(.data)
    sdramstatus                              0x20000025   Data           1  stm32746g_discovery_sdram.o(.data)
    .data                                    0x20000028   Section       12  stm32f7xx_hal.o(.data)
    .data                                    0x20000034   Section       12  ff.o(.data)
    Fsid                                     0x20000034   Data           2  ff.o(.data)
    FatFs                                    0x20000038   Data           8  ff.o(.data)
    .data                                    0x20000040   Section        4  fatfs_storage.o(.data)
    .data                                    0x20000044   Section       16  main.o(.data)
    .data                                    0x20000054   Section        1  sd_diskio.o(.data)
    Stat                                     0x20000054   Data           1  sd_diskio.o(.data)
    .data                                    0x20000058   Section        4  system_stm32f7xx.o(.data)
    .data                                    0x2000005c   Section        4  mvars.o(.data)
    .data                                    0x20000060   Section        4  mvars.o(.data)
    .bss                                     0x20000064   Section      388  stm32746g_discovery_lcd.o(.bss)
    periph_clk_init_struct                   0x20000064   Data         132  stm32746g_discovery_lcd.o(.bss)
    hDma2dHandler                            0x20000190   Data          64  stm32746g_discovery_lcd.o(.bss)
    DrawProp                                 0x200001d0   Data          24  stm32746g_discovery_lcd.o(.bss)
    .bss                                     0x200001e8   Section      516  stm32746g_discovery_sd.o(.bss)
    dma_rx_handle                            0x200001e8   Data          96  stm32746g_discovery_sd.o(.bss)
    dma_tx_handle                            0x20000248   Data          96  stm32746g_discovery_sd.o(.bss)
    dma_rx_handle                            0x200002a8   Data          96  stm32746g_discovery_sd.o(.bss)
    dma_tx_handle                            0x20000308   Data          96  stm32746g_discovery_sd.o(.bss)
    .bss                                     0x200003ec   Section      288  stm32746g_discovery_sdram.o(.bss)
    dma_handle                               0x200003ec   Data          96  stm32746g_discovery_sdram.o(.bss)
    dma_handle                               0x2000044c   Data          96  stm32746g_discovery_sdram.o(.bss)
    Timing                                   0x200004e0   Data          28  stm32746g_discovery_sdram.o(.bss)
    Command                                  0x200004fc   Data          16  stm32746g_discovery_sdram.o(.bss)
    .bss                                     0x2000050c   Section       16  ff_gen_drv.o(.bss)
    .bss                                     0x2000051c   Section       32  ff.o(.bss)
    Files                                    0x2000051c   Data          32  ff.o(.bss)
    .bss                                     0x2000053c   Section     1708  fatfs_storage.o(.bss)
    .bss                                     0x20000be8   Section      100  main.o(.bss)
    HEAP                                     0x20000c50   Section     1536  startup_stm32f746xx.o(HEAP)
    STACK                                    0x20001250   Section     4096  startup_stm32f746xx.o(STACK)

    Global Symbols

    Symbol Name                              Value     Ov Type        Size  Object(Section)

    BuildAttributes$$THM_ISAv4$E$P$D$K$B$S$7EM$VFPi5$EXTD16$VFPS$VFMA$PE$PLD8$A:L22UL41UL21$X:L11$S22US41US21$IEEE1$IW$USESV6$~STKCKD$USESV7$~SHL$OSPACE$ROPI$EBA8$MICROLIB$REQ8$PRES8$EABIv2 0x00000000   Number         0  anon$$obj.o ABSOLUTE
    __ARM_use_no_argv                        0x00000000   Number         0  main.o ABSOLUTE
    _printf_a                                0x00000000   Number         0  stubs.o ABSOLUTE
    _printf_c                                0x00000000   Number         0  stubs.o ABSOLUTE
    _printf_charcount                        0x00000000   Number         0  stubs.o ABSOLUTE
    _printf_d                                0x00000000   Number         0  stubs.o ABSOLUTE
    _printf_e                                0x00000000   Number         0  stubs.o ABSOLUTE
    _printf_f                                0x00000000   Number         0  stubs.o ABSOLUTE
    _printf_flags                            0x00000000   Number         0  stubs.o ABSOLUTE
    _printf_fp_dec                           0x00000000   Number         0  stubs.o ABSOLUTE
    _printf_fp_hex                           0x00000000   Number         0  stubs.o ABSOLUTE
    _printf_g                                0x00000000   Number         0  stubs.o ABSOLUTE
    _printf_i                                0x00000000   Number         0  stubs.o ABSOLUTE
    _printf_int_dec                          0x00000000   Number         0  stubs.o ABSOLUTE
    _printf_l                                0x00000000   Number         0  stubs.o ABSOLUTE
    _printf_lc                               0x00000000   Number         0  stubs.o ABSOLUTE
    _printf_ll                               0x00000000   Number         0  stubs.o ABSOLUTE
    _printf_lld                              0x00000000   Number         0  stubs.o ABSOLUTE
    _printf_lli                              0x00000000   Number         0  stubs.o ABSOLUTE
    _printf_llo                              0x00000000   Number         0  stubs.o ABSOLUTE
    _printf_llu                              0x00000000   Number         0  stubs.o ABSOLUTE
    _printf_llx                              0x00000000   Number         0  stubs.o ABSOLUTE
    _printf_longlong_dec                     0x00000000   Number         0  stubs.o ABSOLUTE
    _printf_longlong_hex                     0x00000000   Number         0  stubs.o ABSOLUTE
    _printf_longlong_oct                     0x00000000   Number         0  stubs.o ABSOLUTE
    _printf_ls                               0x00000000   Number         0  stubs.o ABSOLUTE
    _printf_mbtowc                           0x00000000   Number         0  stubs.o ABSOLUTE
    _printf_n                                0x00000000   Number         0  stubs.o ABSOLUTE
    _printf_o                                0x00000000   Number         0  stubs.o ABSOLUTE
    _printf_p                                0x00000000   Number         0  stubs.o ABSOLUTE
    _printf_percent                          0x00000000   Number         0  stubs.o ABSOLUTE
    _printf_pre_padding                      0x00000000   Number         0  stubs.o ABSOLUTE
    _printf_return_value                     0x00000000   Number         0  stubs.o ABSOLUTE
    _printf_s                                0x00000000   Number         0  stubs.o ABSOLUTE
    _printf_sizespec                         0x00000000   Number         0  stubs.o ABSOLUTE
    _printf_str                              0x00000000   Number         0  stubs.o ABSOLUTE
    _printf_truncate_signed                  0x00000000   Number         0  stubs.o ABSOLUTE
    _printf_truncate_unsigned                0x00000000   Number         0  stubs.o ABSOLUTE
    _printf_u                                0x00000000   Number         0  stubs.o ABSOLUTE
    _printf_wc                               0x00000000   Number         0  stubs.o ABSOLUTE
    _printf_wctomb                           0x00000000   Number         0  stubs.o ABSOLUTE
    _printf_widthprec                        0x00000000   Number         0  stubs.o ABSOLUTE
    _printf_x                                0x00000000   Number         0  stubs.o ABSOLUTE
    __cpp_initialize__aeabi_                  - Undefined Weak Reference
    __cxa_finalize                            - Undefined Weak Reference
    __decompress                              - Undefined Weak Reference
    _clock_init                               - Undefined Weak Reference
    _microlib_exit                            - Undefined Weak Reference
    __Vectors_Size                           0x000001c8   Number         0  startup_stm32f746xx.o ABSOLUTE
    __Vectors                                0x08000000   Data           4  startup_stm32f746xx.o(RESET)
    __Vectors_End                            0x080001c8   Data           0  startup_stm32f746xx.o(RESET)
    __main                                   0x080001c9   Thumb Code     0  entry.o(.ARM.Collect$$$$00000000)
    _main_stk                                0x080001c9   Thumb Code     0  entry2.o(.ARM.Collect$$$$00000001)
    _main_scatterload                        0x080001cd   Thumb Code     0  entry5.o(.ARM.Collect$$$$00000004)
    __main_after_scatterload                 0x080001d1   Thumb Code     0  entry5.o(.ARM.Collect$$$$00000004)
    _main_clock                              0x080001d1   Thumb Code     0  entry7b.o(.ARM.Collect$$$$00000008)
    _main_cpp_init                           0x080001d1   Thumb Code     0  entry8b.o(.ARM.Collect$$$$0000000A)
    _main_init                               0x080001d1   Thumb Code     0  entry9a.o(.ARM.Collect$$$$0000000B)
    __rt_final_cpp                           0x080001d9   Thumb Code     0  entry10a.o(.ARM.Collect$$$$0000000D)
    __rt_final_exit                          0x080001d9   Thumb Code     0  entry11a.o(.ARM.Collect$$$$0000000F)
    Reset_Handler                            0x080001dd   Thumb Code     8  startup_stm32f746xx.o(.text)
    ADC_IRQHandler                           0x080001f7   Thumb Code     0  startup_stm32f746xx.o(.text)
    CAN1_RX0_IRQHandler                      0x080001f7   Thumb Code     0  startup_stm32f746xx.o(.text)
    CAN1_RX1_IRQHandler                      0x080001f7   Thumb Code     0  startup_stm32f746xx.o(.text)
    CAN1_SCE_IRQHandler                      0x080001f7   Thumb Code     0  startup_stm32f746xx.o(.text)
    CAN1_TX_IRQHandler                       0x080001f7   Thumb Code     0  startup_stm32f746xx.o(.text)
    CAN2_RX0_IRQHandler                      0x080001f7   Thumb Code     0  startup_stm32f746xx.o(.text)
    CAN2_RX1_IRQHandler                      0x080001f7   Thumb Code     0  startup_stm32f746xx.o(.text)
    CAN2_SCE_IRQHandler                      0x080001f7   Thumb Code     0  startup_stm32f746xx.o(.text)
    CAN2_TX_IRQHandler                       0x080001f7   Thumb Code     0  startup_stm32f746xx.o(.text)
    CEC_IRQHandler                           0x080001f7   Thumb Code     0  startup_stm32f746xx.o(.text)
    DCMI_IRQHandler                          0x080001f7   Thumb Code     0  startup_stm32f746xx.o(.text)
    DMA1_Stream0_IRQHandler                  0x080001f7   Thumb Code     0  startup_stm32f746xx.o(.text)
    DMA1_Stream1_IRQHandler                  0x080001f7   Thumb Code     0  startup_stm32f746xx.o(.text)
    DMA1_Stream2_IRQHandler                  0x080001f7   Thumb Code     0  startup_stm32f746xx.o(.text)
    DMA1_Stream3_IRQHandler                  0x080001f7   Thumb Code     0  startup_stm32f746xx.o(.text)
    DMA1_Stream4_IRQHandler                  0x080001f7   Thumb Code     0  startup_stm32f746xx.o(.text)
    DMA1_Stream5_IRQHandler                  0x080001f7   Thumb Code     0  startup_stm32f746xx.o(.text)
    DMA1_Stream6_IRQHandler                  0x080001f7   Thumb Code     0  startup_stm32f746xx.o(.text)
    DMA1_Stream7_IRQHandler                  0x080001f7   Thumb Code     0  startup_stm32f746xx.o(.text)
    DMA2D_IRQHandler                         0x080001f7   Thumb Code     0  startup_stm32f746xx.o(.text)
    DMA2_Stream0_IRQHandler                  0x080001f7   Thumb Code     0  startup_stm32f746xx.o(.text)
    DMA2_Stream1_IRQHandler                  0x080001f7   Thumb Code     0  startup_stm32f746xx.o(.text)
    DMA2_Stream2_IRQHandler                  0x080001f7   Thumb Code     0  startup_stm32f746xx.o(.text)
    DMA2_Stream4_IRQHandler                  0x080001f7   Thumb Code     0  startup_stm32f746xx.o(.text)
    DMA2_Stream5_IRQHandler                  0x080001f7   Thumb Code     0  startup_stm32f746xx.o(.text)
    DMA2_Stream6_IRQHandler                  0x080001f7   Thumb Code     0  startup_stm32f746xx.o(.text)
    DMA2_Stream7_IRQHandler                  0x080001f7   Thumb Code     0  startup_stm32f746xx.o(.text)
    ETH_IRQHandler                           0x080001f7   Thumb Code     0  startup_stm32f746xx.o(.text)
    ETH_WKUP_IRQHandler                      0x080001f7   Thumb Code     0  startup_stm32f746xx.o(.text)
    EXTI0_IRQHandler                         0x080001f7   Thumb Code     0  startup_stm32f746xx.o(.text)
    EXTI15_10_IRQHandler                     0x080001f7   Thumb Code     0  startup_stm32f746xx.o(.text)
    EXTI1_IRQHandler                         0x080001f7   Thumb Code     0  startup_stm32f746xx.o(.text)
    EXTI2_IRQHandler                         0x080001f7   Thumb Code     0  startup_stm32f746xx.o(.text)
    EXTI3_IRQHandler                         0x080001f7   Thumb Code     0  startup_stm32f746xx.o(.text)
    EXTI4_IRQHandler                         0x080001f7   Thumb Code     0  startup_stm32f746xx.o(.text)
    EXTI9_5_IRQHandler                       0x080001f7   Thumb Code     0  startup_stm32f746xx.o(.text)
    FLASH_IRQHandler                         0x080001f7   Thumb Code     0  startup_stm32f746xx.o(.text)
    FMC_IRQHandler                           0x080001f7   Thumb Code     0  startup_stm32f746xx.o(.text)
    FPU_IRQHandler                           0x080001f7   Thumb Code     0  startup_stm32f746xx.o(.text)
    I2C1_ER_IRQHandler                       0x080001f7   Thumb Code     0  startup_stm32f746xx.o(.text)
    I2C1_EV_IRQHandler                       0x080001f7   Thumb Code     0  startup_stm32f746xx.o(.text)
    I2C2_ER_IRQHandler                       0x080001f7   Thumb Code     0  startup_stm32f746xx.o(.text)
    I2C2_EV_IRQHandler                       0x080001f7   Thumb Code     0  startup_stm32f746xx.o(.text)
    I2C3_ER_IRQHandler                       0x080001f7   Thumb Code     0  startup_stm32f746xx.o(.text)
    I2C3_EV_IRQHandler                       0x080001f7   Thumb Code     0  startup_stm32f746xx.o(.text)
    I2C4_ER_IRQHandler                       0x080001f7   Thumb Code     0  startup_stm32f746xx.o(.text)
    I2C4_EV_IRQHandler                       0x080001f7   Thumb Code     0  startup_stm32f746xx.o(.text)
    LPTIM1_IRQHandler                        0x080001f7   Thumb Code     0  startup_stm32f746xx.o(.text)
    LTDC_ER_IRQHandler                       0x080001f7   Thumb Code     0  startup_stm32f746xx.o(.text)
    LTDC_IRQHandler                          0x080001f7   Thumb Code     0  startup_stm32f746xx.o(.text)
    OTG_FS_IRQHandler                        0x080001f7   Thumb Code     0  startup_stm32f746xx.o(.text)
    OTG_FS_WKUP_IRQHandler                   0x080001f7   Thumb Code     0  startup_stm32f746xx.o(.text)
    OTG_HS_EP1_IN_IRQHandler                 0x080001f7   Thumb Code     0  startup_stm32f746xx.o(.text)
    OTG_HS_EP1_OUT_IRQHandler                0x080001f7   Thumb Code     0  startup_stm32f746xx.o(.text)
    OTG_HS_IRQHandler                        0x080001f7   Thumb Code     0  startup_stm32f746xx.o(.text)
    OTG_HS_WKUP_IRQHandler                   0x080001f7   Thumb Code     0  startup_stm32f746xx.o(.text)
    PVD_IRQHandler                           0x080001f7   Thumb Code     0  startup_stm32f746xx.o(.text)
    QUADSPI_IRQHandler                       0x080001f7   Thumb Code     0  startup_stm32f746xx.o(.text)
    RCC_IRQHandler                           0x080001f7   Thumb Code     0  startup_stm32f746xx.o(.text)
    RNG_IRQHandler                           0x080001f7   Thumb Code     0  startup_stm32f746xx.o(.text)
    RTC_Alarm_IRQHandler                     0x080001f7   Thumb Code     0  startup_stm32f746xx.o(.text)
    RTC_WKUP_IRQHandler                      0x080001f7   Thumb Code     0  startup_stm32f746xx.o(.text)
    SAI1_IRQHandler                          0x080001f7   Thumb Code     0  startup_stm32f746xx.o(.text)
    SAI2_IRQHandler                          0x080001f7   Thumb Code     0  startup_stm32f746xx.o(.text)
    SPDIF_RX_IRQHandler                      0x080001f7   Thumb Code     0  startup_stm32f746xx.o(.text)
    SPI1_IRQHandler                          0x080001f7   Thumb Code     0  startup_stm32f746xx.o(.text)
    SPI2_IRQHandler                          0x080001f7   Thumb Code     0  startup_stm32f746xx.o(.text)
    SPI3_IRQHandler                          0x080001f7   Thumb Code     0  startup_stm32f746xx.o(.text)
    SPI4_IRQHandler                          0x080001f7   Thumb Code     0  startup_stm32f746xx.o(.text)
    SPI5_IRQHandler                          0x080001f7   Thumb Code     0  startup_stm32f746xx.o(.text)
    SPI6_IRQHandler                          0x080001f7   Thumb Code     0  startup_stm32f746xx.o(.text)
    TAMP_STAMP_IRQHandler                    0x080001f7   Thumb Code     0  startup_stm32f746xx.o(.text)
    TIM1_BRK_TIM9_IRQHandler                 0x080001f7   Thumb Code     0  startup_stm32f746xx.o(.text)
    TIM1_CC_IRQHandler                       0x080001f7   Thumb Code     0  startup_stm32f746xx.o(.text)
    TIM1_TRG_COM_TIM11_IRQHandler            0x080001f7   Thumb Code     0  startup_stm32f746xx.o(.text)
    TIM1_UP_TIM10_IRQHandler                 0x080001f7   Thumb Code     0  startup_stm32f746xx.o(.text)
    TIM2_IRQHandler                          0x080001f7   Thumb Code     0  startup_stm32f746xx.o(.text)
    TIM3_IRQHandler                          0x080001f7   Thumb Code     0  startup_stm32f746xx.o(.text)
    TIM4_IRQHandler                          0x080001f7   Thumb Code     0  startup_stm32f746xx.o(.text)
    TIM5_IRQHandler                          0x080001f7   Thumb Code     0  startup_stm32f746xx.o(.text)
    TIM6_DAC_IRQHandler                      0x080001f7   Thumb Code     0  startup_stm32f746xx.o(.text)
    TIM7_IRQHandler                          0x080001f7   Thumb Code     0  startup_stm32f746xx.o(.text)
    TIM8_BRK_TIM12_IRQHandler                0x080001f7   Thumb Code     0  startup_stm32f746xx.o(.text)
    TIM8_CC_IRQHandler                       0x080001f7   Thumb Code     0  startup_stm32f746xx.o(.text)
    TIM8_TRG_COM_TIM14_IRQHandler            0x080001f7   Thumb Code     0  startup_stm32f746xx.o(.text)
    TIM8_UP_TIM13_IRQHandler                 0x080001f7   Thumb Code     0  startup_stm32f746xx.o(.text)
    UART4_IRQHandler                         0x080001f7   Thumb Code     0  startup_stm32f746xx.o(.text)
    UART5_IRQHandler                         0x080001f7   Thumb Code     0  startup_stm32f746xx.o(.text)
    UART7_IRQHandler                         0x080001f7   Thumb Code     0  startup_stm32f746xx.o(.text)
    UART8_IRQHandler                         0x080001f7   Thumb Code     0  startup_stm32f746xx.o(.text)
    USART1_IRQHandler                        0x080001f7   Thumb Code     0  startup_stm32f746xx.o(.text)
    USART2_IRQHandler                        0x080001f7   Thumb Code     0  startup_stm32f746xx.o(.text)
    USART3_IRQHandler                        0x080001f7   Thumb Code     0  startup_stm32f746xx.o(.text)
    USART6_IRQHandler                        0x080001f7   Thumb Code     0  startup_stm32f746xx.o(.text)
    WWDG_IRQHandler                          0x080001f7   Thumb Code     0  startup_stm32f746xx.o(.text)
    __aeabi_uldivmod                         0x08000201   Thumb Code    98  uldiv.o(.text)
    __aeabi_memcpy                           0x08000263   Thumb Code    36  memcpya.o(.text)
    __aeabi_memcpy4                          0x08000263   Thumb Code     0  memcpya.o(.text)
    __aeabi_memcpy8                          0x08000263   Thumb Code     0  memcpya.o(.text)
    __aeabi_uidiv                            0x08000287   Thumb Code     0  uidiv.o(.text)
    __aeabi_uidivmod                         0x08000287   Thumb Code    44  uidiv.o(.text)
    __aeabi_llsl                             0x080002b3   Thumb Code    30  llshl.o(.text)
    _ll_shift_l                              0x080002b3   Thumb Code     0  llshl.o(.text)
    __aeabi_llsr                             0x080002d1   Thumb Code    32  llushr.o(.text)
    _ll_ushift_r                             0x080002d1   Thumb Code     0  llushr.o(.text)
    __scatterload                            0x080002f1   Thumb Code    28  init.o(.text)
    __scatterload_rt2                        0x080002f1   Thumb Code     0  init.o(.text)
    BSP_LCD_Clear                            0x08000315   Thumb Code    48  stm32746g_discovery_lcd.o(i.BSP_LCD_Clear)
    BSP_LCD_ClockConfig                      0x0800034d   Thumb Code    26  stm32746g_discovery_lcd.o(i.BSP_LCD_ClockConfig)
    BSP_LCD_DisplayChar                      0x0800036d   Thumb Code    44  stm32746g_discovery_lcd.o(i.BSP_LCD_DisplayChar)
    BSP_LCD_DisplayOn                        0x080003a1   Thumb Code    38  stm32746g_discovery_lcd.o(i.BSP_LCD_DisplayOn)
    BSP_LCD_DisplayStringAt                  0x080003d5   Thumb Code   192  stm32746g_discovery_lcd.o(i.BSP_LCD_DisplayStringAt)
    BSP_LCD_DisplayStringAtLine              0x0800049d   Thumb Code    28  stm32746g_discovery_lcd.o(i.BSP_LCD_DisplayStringAtLine)
    BSP_LCD_DrawBitmap                       0x080004b9   Thumb Code   198  stm32746g_discovery_lcd.o(i.BSP_LCD_DrawBitmap)
    BSP_LCD_DrawPixel                        0x08000589   Thumb Code    90  stm32746g_discovery_lcd.o(i.BSP_LCD_DrawPixel)
    BSP_LCD_GetFont                          0x080005ed   Thumb Code    18  stm32746g_discovery_lcd.o(i.BSP_LCD_GetFont)
    BSP_LCD_GetXSize                         0x08000609   Thumb Code    22  stm32746g_discovery_lcd.o(i.BSP_LCD_GetXSize)
    BSP_LCD_GetYSize                         0x08000629   Thumb Code    22  stm32746g_discovery_lcd.o(i.BSP_LCD_GetYSize)
    BSP_LCD_Init                             0x08000649   Thumb Code   142  stm32746g_discovery_lcd.o(i.BSP_LCD_Init)
    BSP_LCD_LayerDefaultInit                 0x080006ed   Thumb Code   112  stm32746g_discovery_lcd.o(i.BSP_LCD_LayerDefaultInit)
    BSP_LCD_MspInit                          0x08000765   Thumb Code   286  stm32746g_discovery_lcd.o(i.BSP_LCD_MspInit)
    BSP_LCD_SelectLayer                      0x0800089d   Thumb Code     6  stm32746g_discovery_lcd.o(i.BSP_LCD_SelectLayer)
    BSP_LCD_SetFont                          0x080008a9   Thumb Code    18  stm32746g_discovery_lcd.o(i.BSP_LCD_SetFont)
    BSP_LCD_SetTextColor                     0x080008c5   Thumb Code    16  stm32746g_discovery_lcd.o(i.BSP_LCD_SetTextColor)
    BSP_LCD_SetTransparency                  0x080008dd   Thumb Code     8  stm32746g_discovery_lcd.o(i.BSP_LCD_SetTransparency)
    BSP_LED_On                               0x080008e9   Thumb Code    20  stm32746g_discovery.o(i.BSP_LED_On)
    BSP_PB_GetState                          0x08000905   Thumb Code    16  stm32746g_discovery.o(i.BSP_PB_GetState)
    BSP_PB_Init                              0x0800091d   Thumb Code   128  stm32746g_discovery.o(i.BSP_PB_Init)
    BSP_SDRAM_Init                           0x080009b1   Thumb Code   108  stm32746g_discovery_sdram.o(i.BSP_SDRAM_Init)
    BSP_SDRAM_Initialization_sequence        0x08000a29   Thumb Code   134  stm32746g_discovery_sdram.o(i.BSP_SDRAM_Initialization_sequence)
    BSP_SDRAM_MspInit                        0x08000ab5   Thumb Code   322  stm32746g_discovery_sdram.o(i.BSP_SDRAM_MspInit)
    BSP_SD_AbortCallback                     0x08000c1d   Thumb Code     2  stm32746g_discovery_sd.o(i.BSP_SD_AbortCallback)
    BSP_SD_Detect_MspInit                    0x08000c21   Thumb Code    48  stm32746g_discovery_sd.o(i.BSP_SD_Detect_MspInit)
    BSP_SD_GetCardInfo                       0x08000c59   Thumb Code     8  stm32746g_discovery_sd.o(i.BSP_SD_GetCardInfo)
    BSP_SD_GetCardState                      0x08000c65   Thumb Code    20  stm32746g_discovery_sd.o(i.BSP_SD_GetCardState)
    BSP_SD_Init                              0x08000c7d   Thumb Code    78  stm32746g_discovery_sd.o(i.BSP_SD_Init)
    BSP_SD_IsDetected                        0x08000cd5   Thumb Code    32  stm32746g_discovery_sd.o(i.BSP_SD_IsDetected)
    BSP_SD_MspInit                           0x08000cf9   Thumb Code   310  stm32746g_discovery_sd.o(i.BSP_SD_MspInit)
    BSP_SD_ReadBlocks                        0x08000e45   Thumb Code    24  stm32746g_discovery_sd.o(i.BSP_SD_ReadBlocks)
    BSP_SD_ReadCpltCallback                  0x08000e61   Thumb Code     2  stm32746g_discovery_sd.o(i.BSP_SD_ReadCpltCallback)
    BSP_SD_WriteBlocks                       0x08000e65   Thumb Code    24  stm32746g_discovery_sd.o(i.BSP_SD_WriteBlocks)
    BSP_SD_WriteCpltCallback                 0x08000e81   Thumb Code     2  stm32746g_discovery_sd.o(i.BSP_SD_WriteCpltCallback)
    Buffercmp                                0x08000e83   Thumb Code    30  fatfs_storage.o(i.Buffercmp)
    BusFault_Handler                         0x08000ea1   Thumb Code     2  stm32f7xx_it.o(i.BusFault_Handler)
    DMA2_Stream3_IRQHandler                  0x08000fb5   Thumb Code     8  stm32f7xx_it.o(i.DMA2_Stream3_IRQHandler)
    DebugMon_Handler                         0x0800103d   Thumb Code     2  stm32f7xx_it.o(i.DebugMon_Handler)
    FATFS_LinkDriver                         0x080010f1   Thumb Code     6  ff_gen_drv.o(i.FATFS_LinkDriver)
    FATFS_LinkDriverEx                       0x080010f9   Thumb Code    60  ff_gen_drv.o(i.FATFS_LinkDriverEx)
    FMC_SDRAM_Init                           0x08001139   Thumb Code    94  stm32f7xx_ll_fmc.o(i.FMC_SDRAM_Init)
    FMC_SDRAM_ProgramRefreshRate             0x08001197   Thumb Code    12  stm32f7xx_ll_fmc.o(i.FMC_SDRAM_ProgramRefreshRate)
    FMC_SDRAM_SendCommand                    0x080011a3   Thumb Code    32  stm32f7xx_ll_fmc.o(i.FMC_SDRAM_SendCommand)
    FMC_SDRAM_Timing_Init                    0x080011c5   Thumb Code   134  stm32f7xx_ll_fmc.o(i.FMC_SDRAM_Timing_Init)
    HAL_DMA2D_ConfigLayer                    0x08001251   Thumb Code   158  stm32f7xx_hal_dma2d.o(i.HAL_DMA2D_ConfigLayer)
    HAL_DMA2D_Init                           0x080012f5   Thumb Code    90  stm32f7xx_hal_dma2d.o(i.HAL_DMA2D_Init)
    HAL_DMA2D_MspInit                        0x0800134f   Thumb Code     2  stm32f7xx_hal_dma2d.o(i.HAL_DMA2D_MspInit)
    HAL_DMA2D_PollForTransfer                0x08001351   Thumb Code   268  stm32f7xx_hal_dma2d.o(i.HAL_DMA2D_PollForTransfer)
    HAL_DMA2D_Start                          0x0800145d   Thumb Code    52  stm32f7xx_hal_dma2d.o(i.HAL_DMA2D_Start)
    HAL_DMA_Abort_IT                         0x08001491   Thumb Code    36  stm32f7xx_hal_dma.o(i.HAL_DMA_Abort_IT)
    HAL_DMA_DeInit                           0x080014b5   Thumb Code    98  stm32f7xx_hal_dma.o(i.HAL_DMA_DeInit)
    HAL_DMA_IRQHandler                       0x08001519   Thumb Code   412  stm32f7xx_hal_dma.o(i.HAL_DMA_IRQHandler)
    HAL_DMA_Init                             0x080016b9   Thumb Code   222  stm32f7xx_hal_dma.o(i.HAL_DMA_Init)
    HAL_Delay                                0x0800179d   Thumb Code    32  stm32f7xx_hal.o(i.HAL_Delay)
    HAL_GPIO_Init                            0x080017c1   Thumb Code   418  stm32f7xx_hal_gpio.o(i.HAL_GPIO_Init)
    HAL_GPIO_ReadPin                         0x08001999   Thumb Code    10  stm32f7xx_hal_gpio.o(i.HAL_GPIO_ReadPin)
    HAL_GPIO_WritePin                        0x080019a3   Thumb Code    10  stm32f7xx_hal_gpio.o(i.HAL_GPIO_WritePin)
    HAL_GetTick                              0x080019ad   Thumb Code     6  stm32f7xx_hal.o(i.HAL_GetTick)
    HAL_IncTick                              0x080019b9   Thumb Code    12  stm32f7xx_hal.o(i.HAL_IncTick)
    HAL_Init                                 0x080019c9   Thumb Code    32  stm32f7xx_hal.o(i.HAL_Init)
    HAL_InitTick                             0x080019ed   Thumb Code    54  stm32f7xx_hal.o(i.HAL_InitTick)
    HAL_LTDC_ConfigLayer                     0x08001a2d   Thumb Code    82  stm32f7xx_hal_ltdc.o(i.HAL_LTDC_ConfigLayer)
    HAL_LTDC_GetState                        0x08001a7f   Thumb Code     6  stm32f7xx_hal_ltdc.o(i.HAL_LTDC_GetState)
    HAL_LTDC_Init                            0x08001a85   Thumb Code   252  stm32f7xx_hal_ltdc.o(i.HAL_LTDC_Init)
    HAL_LTDC_MspInit                         0x08001b85   Thumb Code     2  stm32f7xx_hal_ltdc.o(i.HAL_LTDC_MspInit)
    HAL_LTDC_SetAlpha                        0x08001b87   Thumb Code    68  stm32f7xx_hal_ltdc.o(i.HAL_LTDC_SetAlpha)
    HAL_MspInit                              0x08001bcb   Thumb Code     2  stm32f7xx_hal.o(i.HAL_MspInit)
    HAL_NVIC_EnableIRQ                       0x08001bcd   Thumb Code    26  stm32f7xx_hal_cortex.o(i.HAL_NVIC_EnableIRQ)
    HAL_NVIC_SetPriority                     0x08001be9   Thumb Code    60  stm32f7xx_hal_cortex.o(i.HAL_NVIC_SetPriority)
    HAL_NVIC_SetPriorityGrouping             0x08001c29   Thumb Code    28  stm32f7xx_hal_cortex.o(i.HAL_NVIC_SetPriorityGrouping)
    HAL_PWREx_EnableOverDrive                0x08001c4d   Thumb Code   100  stm32f7xx_hal_pwr_ex.o(i.HAL_PWREx_EnableOverDrive)
    HAL_RCCEx_PeriphCLKConfig                0x08001cb9   Thumb Code  1276  stm32f7xx_hal_rcc_ex.o(i.HAL_RCCEx_PeriphCLKConfig)
    HAL_RCC_ClockConfig                      0x080021b5   Thumb Code   282  stm32f7xx_hal_rcc.o(i.HAL_RCC_ClockConfig)
    HAL_RCC_GetSysClockFreq                  0x080022e1   Thumb Code    88  stm32f7xx_hal_rcc.o(i.HAL_RCC_GetSysClockFreq)
    HAL_RCC_OscConfig                        0x08002345   Thumb Code   810  stm32f7xx_hal_rcc.o(i.HAL_RCC_OscConfig)
    HAL_SDRAM_Init                           0x0800267d   Thumb Code    66  stm32f7xx_hal_sdram.o(i.HAL_SDRAM_Init)
    HAL_SDRAM_MspInit                        0x080026bf   Thumb Code     2  stm32f7xx_hal_sdram.o(i.HAL_SDRAM_MspInit)
    HAL_SDRAM_ProgramRefreshRate             0x080026c1   Thumb Code    34  stm32f7xx_hal_sdram.o(i.HAL_SDRAM_ProgramRefreshRate)
    HAL_SDRAM_SendCommand                    0x080026e5   Thumb Code    48  stm32f7xx_hal_sdram.o(i.HAL_SDRAM_SendCommand)
    HAL_SD_AbortCallback                     0x08002715   Thumb Code     8  stm32746g_discovery_sd.o(i.HAL_SD_AbortCallback)
    HAL_SD_ConfigWideBusOperation            0x0800271d   Thumb Code   120  stm32f7xx_hal_sd.o(i.HAL_SD_ConfigWideBusOperation)
    HAL_SD_ErrorCallback                     0x08002795   Thumb Code     2  stm32f7xx_hal_sd.o(i.HAL_SD_ErrorCallback)
    HAL_SD_GetCardCSD                        0x08002797   Thumb Code   506  stm32f7xx_hal_sd.o(i.HAL_SD_GetCardCSD)
    HAL_SD_GetCardInfo                       0x08002991   Thumb Code    36  stm32f7xx_hal_sd.o(i.HAL_SD_GetCardInfo)
    HAL_SD_GetCardState                      0x080029b5   Thumb Code    44  stm32f7xx_hal_sd.o(i.HAL_SD_GetCardState)
    HAL_SD_IRQHandler                        0x080029e1   Thumb Code   416  stm32f7xx_hal_sd.o(i.HAL_SD_IRQHandler)
    HAL_SD_Init                              0x08002b89   Thumb Code    54  stm32f7xx_hal_sd.o(i.HAL_SD_Init)
    HAL_SD_InitCard                          0x08002bbf   Thumb Code    92  stm32f7xx_hal_sd.o(i.HAL_SD_InitCard)
    HAL_SD_MspInit                           0x08002c1b   Thumb Code     2  stm32f7xx_hal_sd.o(i.HAL_SD_MspInit)
    HAL_SD_ReadBlocks                        0x08002c1d   Thumb Code   432  stm32f7xx_hal_sd.o(i.HAL_SD_ReadBlocks)
    HAL_SD_RxCpltCallback                    0x08002dcd   Thumb Code     8  stm32746g_discovery_sd.o(i.HAL_SD_RxCpltCallback)
    HAL_SD_TxCpltCallback                    0x08002dd5   Thumb Code     8  stm32746g_discovery_sd.o(i.HAL_SD_TxCpltCallback)
    HAL_SD_WriteBlocks                       0x08002ddd   Thumb Code   418  stm32f7xx_hal_sd.o(i.HAL_SD_WriteBlocks)
    HAL_SYSTICK_Config                       0x08002f7f   Thumb Code    38  stm32f7xx_hal_cortex.o(i.HAL_SYSTICK_Config)
    HardFault_Handler                        0x08002fa5   Thumb Code     2  stm32f7xx_it.o(i.HardFault_Handler)
    MemManage_Handler                        0x08003261   Thumb Code     2  stm32f7xx_it.o(i.MemManage_Handler)
    NMI_Handler                              0x08003263   Thumb Code     2  stm32f7xx_it.o(i.NMI_Handler)
    PendSV_Handler                           0x08003265   Thumb Code     2  stm32f7xx_it.o(i.PendSV_Handler)
    SDMMC1_IRQHandler                        0x08003269   Thumb Code     6  stm32f7xx_it.o(i.SDMMC1_IRQHandler)
    SDMMC_CmdAppCommand                      0x08003275   Thumb Code    50  stm32f7xx_ll_sdmmc.o(i.SDMMC_CmdAppCommand)
    SDMMC_CmdAppOperCommand                  0x080032a9   Thumb Code    48  stm32f7xx_ll_sdmmc.o(i.SDMMC_CmdAppOperCommand)
    SDMMC_CmdBlockLength                     0x080032dd   Thumb Code    50  stm32f7xx_ll_sdmmc.o(i.SDMMC_CmdBlockLength)
    SDMMC_CmdBusWidth                        0x0800330f   Thumb Code    50  stm32f7xx_ll_sdmmc.o(i.SDMMC_CmdBusWidth)
    SDMMC_CmdGoIdleState                     0x08003341   Thumb Code    76  stm32f7xx_ll_sdmmc.o(i.SDMMC_CmdGoIdleState)
    SDMMC_CmdOperCond                        0x08003391   Thumb Code    94  stm32f7xx_ll_sdmmc.o(i.SDMMC_CmdOperCond)
    SDMMC_CmdReadMultiBlock                  0x080033f5   Thumb Code    50  stm32f7xx_ll_sdmmc.o(i.SDMMC_CmdReadMultiBlock)
    SDMMC_CmdReadSingleBlock                 0x08003427   Thumb Code    50  stm32f7xx_ll_sdmmc.o(i.SDMMC_CmdReadSingleBlock)
    SDMMC_CmdSelDesel                        0x08003459   Thumb Code    48  stm32f7xx_ll_sdmmc.o(i.SDMMC_CmdSelDesel)
    SDMMC_CmdSendCID                         0x08003489   Thumb Code    42  stm32f7xx_ll_sdmmc.o(i.SDMMC_CmdSendCID)
    SDMMC_CmdSendCSD                         0x080034b3   Thumb Code    46  stm32f7xx_ll_sdmmc.o(i.SDMMC_CmdSendCSD)
    SDMMC_CmdSendSCR                         0x080034e1   Thumb Code    48  stm32f7xx_ll_sdmmc.o(i.SDMMC_CmdSendSCR)
    SDMMC_CmdSendStatus                      0x08003511   Thumb Code    50  stm32f7xx_ll_sdmmc.o(i.SDMMC_CmdSendStatus)
    SDMMC_CmdSetRelAdd                       0x08003543   Thumb Code    48  stm32f7xx_ll_sdmmc.o(i.SDMMC_CmdSetRelAdd)
    SDMMC_CmdStopTransfer                    0x08003575   Thumb Code    46  stm32f7xx_ll_sdmmc.o(i.SDMMC_CmdStopTransfer)
    SDMMC_CmdWriteMultiBlock                 0x080035a9   Thumb Code    50  stm32f7xx_ll_sdmmc.o(i.SDMMC_CmdWriteMultiBlock)
    SDMMC_CmdWriteSingleBlock                0x080035db   Thumb Code    50  stm32f7xx_ll_sdmmc.o(i.SDMMC_CmdWriteSingleBlock)
    SDMMC_ConfigData                         0x0800360d   Thumb Code    38  stm32f7xx_ll_sdmmc.o(i.SDMMC_ConfigData)
    SDMMC_GetPowerState                      0x08003865   Thumb Code     8  stm32f7xx_ll_sdmmc.o(i.SDMMC_GetPowerState)
    SDMMC_GetResponse                        0x0800386d   Thumb Code    12  stm32f7xx_ll_sdmmc.o(i.SDMMC_GetResponse)
    SDMMC_Init                               0x08003879   Thumb Code    34  stm32f7xx_ll_sdmmc.o(i.SDMMC_Init)
    SDMMC_PowerState_ON                      0x0800389b   Thumb Code     8  stm32f7xx_ll_sdmmc.o(i.SDMMC_PowerState_ON)
    SDMMC_ReadFIFO                           0x080038a3   Thumb Code     6  stm32f7xx_ll_sdmmc.o(i.SDMMC_ReadFIFO)
    SDMMC_SendCommand                        0x080038a9   Thumb Code    34  stm32f7xx_ll_sdmmc.o(i.SDMMC_SendCommand)
    SDMMC_WriteFIFO                          0x080038cb   Thumb Code    10  stm32f7xx_ll_sdmmc.o(i.SDMMC_WriteFIFO)
    SD_initialize                            0x08003c85   Thumb Code    28  sd_diskio.o(i.SD_initialize)
    SD_ioctl                                 0x08003ca5   Thumb Code    84  sd_diskio.o(i.SD_ioctl)
    SD_read                                  0x08003cfd   Thumb Code    38  sd_diskio.o(i.SD_read)
    SD_status                                0x08003d23   Thumb Code     4  sd_diskio.o(i.SD_status)
    SD_write                                 0x08003d29   Thumb Code    38  sd_diskio.o(i.SD_write)
    SVC_Handler                              0x08003d4f   Thumb Code     2  stm32f7xx_it.o(i.SVC_Handler)
    Storage_CheckBitmapFile                  0x08003d51   Thumb Code    66  fatfs_storage.o(i.Storage_CheckBitmapFile)
    Storage_GetDirectoryBitmapFiles          0x08003dad   Thumb Code   102  fatfs_storage.o(i.Storage_GetDirectoryBitmapFiles)
    Storage_OpenReadFile                     0x08003e2d   Thumb Code   130  fatfs_storage.o(i.Storage_OpenReadFile)
    SysTick_Handler                          0x08003eb9   Thumb Code     4  stm32f7xx_it.o(i.SysTick_Handler)
    SystemInit                               0x08003ebd   Thumb Code    68  system_stm32f7xx.o(i.SystemInit)
    UsageFault_Handler                       0x08003f11   Thumb Code     2  stm32f7xx_it.o(i.UsageFault_Handler)
    __0sprintf$6                             0x08003f15   Thumb Code    34  printf6.o(i.__0sprintf$6)
    __1sprintf$6                             0x08003f15   Thumb Code     0  printf6.o(i.__0sprintf$6)
    __2sprintf                               0x08003f15   Thumb Code     0  printf6.o(i.__0sprintf$6)
    __scatterload_copy                       0x08003f5f   Thumb Code    14  handlers.o(i.__scatterload_copy)
    __scatterload_null                       0x08003f6d   Thumb Code     2  handlers.o(i.__scatterload_null)
    __scatterload_zeroinit                   0x08003f6f   Thumb Code    14  handlers.o(i.__scatterload_zeroinit)
    disk_initialize                          0x0800482d   Thumb Code    34  diskio.o(i.disk_initialize)
    disk_ioctl                               0x08004855   Thumb Code    20  diskio.o(i.disk_ioctl)
    disk_read                                0x0800486d   Thumb Code    22  diskio.o(i.disk_read)
    disk_status                              0x08004889   Thumb Code    16  diskio.o(i.disk_status)
    disk_write                               0x0800489d   Thumb Code    22  diskio.o(i.disk_write)
    f_close                                  0x080048b9   Thumb Code    40  ff.o(i.f_close)
    f_closedir                               0x080048e1   Thumb Code    34  ff.o(i.f_closedir)
    f_findfirst                              0x08004903   Thumb Code    32  ff.o(i.f_findfirst)
    f_findnext                               0x08004923   Thumb Code    52  ff.o(i.f_findnext)
    f_mount                                  0x08004959   Thumb Code    84  ff.o(i.f_mount)
    f_open                                   0x080049b1   Thumb Code   522  ff.o(i.f_open)
    f_opendir                                0x08004bc1   Thumb Code   130  ff.o(i.f_opendir)
    f_read                                   0x08004c43   Thumb Code   340  ff.o(i.f_read)
    f_readdir                                0x08004d97   Thumb Code    64  ff.o(i.f_readdir)
    f_sync                                   0x08004dd7   Thumb Code   142  ff.o(i.f_sync)
    free                                     0x08005131   Thumb Code    76  malloc.o(i.free)
    get_fattime                              0x08005267   Thumb Code     4  diskio.o(i.get_fattime)
    main                                     0x080053d1   Thumb Code   638  main.o(i.main)
    malloc                                   0x080056f9   Thumb Code    92  malloc.o(i.malloc)
    COM_TX_PIN                               0x08005af8   Data           2  stm32746g_discovery.o(.constdata)
    COM_RX_PIN                               0x08005afa   Data           2  stm32746g_discovery.o(.constdata)
    COM_TX_AF                                0x08005afc   Data           2  stm32746g_discovery.o(.constdata)
    COM_RX_AF                                0x08005afe   Data           2  stm32746g_discovery.o(.constdata)
    GPIO_PIN                                 0x08005b00   Data           4  stm32746g_discovery.o(.constdata)
    BUTTON_PIN                               0x08005b04   Data           6  stm32746g_discovery.o(.constdata)
    BUTTON_IRQn                              0x08005b0a   Data           6  stm32746g_discovery.o(.constdata)
    Font24_Table                             0x08005b10   Data        6840  stm32746g_discovery_lcd.o(.constdata)
    SlidesCheck                              0x0800766c   Data           2  fatfs_storage.o(.constdata)
    SD_Driver                                0x08007670   Data          20  sd_diskio.o(.constdata)
    AHBPrescTable                            0x08007684   Data          16  system_stm32f7xx.o(.constdata)
    Region$$Table$$Base                      0x08007694   Number         0  anon$$obj.o(Region$$Table)
    Region$$Table$$Limit                     0x080076b4   Number         0  anon$$obj.o(Region$$Table)
    COM_USART                                0x20000000   Data           4  stm32746g_discovery.o(.data)
    COM_TX_PORT                              0x20000004   Data           4  stm32746g_discovery.o(.data)
    COM_RX_PORT                              0x20000008   Data           4  stm32746g_discovery.o(.data)
    BUTTON_PORT                              0x2000000c   Data          12  stm32746g_discovery.o(.data)
    Font24                                   0x2000001c   Data           8  stm32746g_discovery_lcd.o(.data)
    uwTickFreq                               0x20000028   Data           1  stm32f7xx_hal.o(.data)
    uwTickPrio                               0x2000002c   Data           4  stm32f7xx_hal.o(.data)
    uwTick                                   0x20000030   Data           4  stm32f7xx_hal.o(.data)
    BytesRead                                0x20000040   Data           4  fatfs_storage.o(.data)
    ubNumberOfFiles                          0x20000044   Data           1  main.o(.data)
    uwBmplen                                 0x20000048   Data           4  main.o(.data)
    SD_Path                                  0x2000004c   Data           4  main.o(.data)
    uwInternelBuffer                         0x20000050   Data           4  main.o(.data)
    SystemCoreClock                          0x20000058   Data           4  system_stm32f7xx.o(.data)
    __microlib_freelist                      0x2000005c   Data           4  mvars.o(.data)
    __microlib_freelist_initialised          0x20000060   Data           4  mvars.o(.data)
    hLtdcHandler                             0x200000e8   Data         168  stm32746g_discovery_lcd.o(.bss)
    uSdHandle                                0x20000368   Data         132  stm32746g_discovery_sd.o(.bss)
    sdramHandle                              0x200004ac   Data          52  stm32746g_discovery_sdram.o(.bss)
    disk                                     0x2000050c   Data          16  ff_gen_drv.o(.bss)
    sector                                   0x2000053c   Data         512  fatfs_storage.o(.bss)
    fs                                       0x2000073c   Data         560  fatfs_storage.o(.bss)
    fno                                      0x2000096c   Data          24  fatfs_storage.o(.bss)
    dir                                      0x20000984   Data          52  fatfs_storage.o(.bss)
    F                                        0x200009b8   Data         560  fatfs_storage.o(.bss)
    pDirectoryFiles                          0x20000be8   Data         100  main.o(.bss)
    __heap_base                              0x20000c50   Data           0  startup_stm32f746xx.o(HEAP)
    __heap_limit                             0x20001250   Data           0  startup_stm32f746xx.o(HEAP)
    __initial_sp                             0x20002250   Data           0  startup_stm32f746xx.o(STACK)



==============================================================================

Memory Map of the image

  Image Entry point : 0x080001c9

  Load Region LR_IROM1 (Base: 0x08000000, Size: 0x00007718, Max: 0x00100000, ABSOLUTE)

    Execution Region ER_IROM1 (Exec base: 0x08000000, Load base: 0x08000000, Size: 0x000076b4, Max: 0x00100000, ABSOLUTE)

    Exec Addr    Load Addr    Size         Type   Attr      Idx    E Section Name        Object

    0x08000000   0x08000000   0x000001c8   Data   RO         4697    RESET               startup_stm32f746xx.o
    0x080001c8   0x080001c8   0x00000000   Code   RO         4740  * .ARM.Collect$$$$00000000  mc_w.l(entry.o)
    0x080001c8   0x080001c8   0x00000004   Code   RO         5038    .ARM.Collect$$$$00000001  mc_w.l(entry2.o)
    0x080001cc   0x080001cc   0x00000004   Code   RO         5041    .ARM.Collect$$$$00000004  mc_w.l(entry5.o)
    0x080001d0   0x080001d0   0x00000000   Code   RO         5043    .ARM.Collect$$$$00000008  mc_w.l(entry7b.o)
    0x080001d0   0x080001d0   0x00000000   Code   RO         5045    .ARM.Collect$$$$0000000A  mc_w.l(entry8b.o)
    0x080001d0   0x080001d0   0x00000008   Code   RO         5046    .ARM.Collect$$$$0000000B  mc_w.l(entry9a.o)
    0x080001d8   0x080001d8   0x00000000   Code   RO         5048    .ARM.Collect$$$$0000000D  mc_w.l(entry10a.o)
    0x080001d8   0x080001d8   0x00000000   Code   RO         5050    .ARM.Collect$$$$0000000F  mc_w.l(entry11a.o)
    0x080001d8   0x080001d8   0x00000004   Code   RO         5039    .ARM.Collect$$$$00002712  mc_w.l(entry2.o)
    0x080001dc   0x080001dc   0x00000024   Code   RO         4698    .text               startup_stm32f746xx.o
    0x08000200   0x08000200   0x00000062   Code   RO         4743    .text               mc_w.l(uldiv.o)
    0x08000262   0x08000262   0x00000024   Code   RO         4745    .text               mc_w.l(memcpya.o)
    0x08000286   0x08000286   0x0000002c   Code   RO         5055    .text               mc_w.l(uidiv.o)
    0x080002b2   0x080002b2   0x0000001e   Code   RO         5057    .text               mc_w.l(llshl.o)
    0x080002d0   0x080002d0   0x00000020   Code   RO         5059    .text               mc_w.l(llushr.o)
    0x080002f0   0x080002f0   0x00000024   Code   RO         5074    .text               mc_w.l(init.o)
    0x08000314   0x08000314   0x00000038   Code   RO          334    i.BSP_LCD_Clear     stm32746g_discovery_lcd.o
    0x0800034c   0x0800034c   0x00000020   Code   RO          336    i.BSP_LCD_ClockConfig  stm32746g_discovery_lcd.o
    0x0800036c   0x0800036c   0x00000034   Code   RO          338    i.BSP_LCD_DisplayChar  stm32746g_discovery_lcd.o
    0x080003a0   0x080003a0   0x00000034   Code   RO          340    i.BSP_LCD_DisplayOn  stm32746g_discovery_lcd.o
    0x080003d4   0x080003d4   0x000000c8   Code   RO          341    i.BSP_LCD_DisplayStringAt  stm32746g_discovery_lcd.o
    0x0800049c   0x0800049c   0x0000001c   Code   RO          342    i.BSP_LCD_DisplayStringAtLine  stm32746g_discovery_lcd.o
    0x080004b8   0x080004b8   0x000000d0   Code   RO          343    i.BSP_LCD_DrawBitmap  stm32746g_discovery_lcd.o
    0x08000588   0x08000588   0x00000064   Code   RO          348    i.BSP_LCD_DrawPixel  stm32746g_discovery_lcd.o
    0x080005ec   0x080005ec   0x0000001c   Code   RO          357    i.BSP_LCD_GetFont   stm32746g_discovery_lcd.o
    0x08000608   0x08000608   0x00000020   Code   RO          359    i.BSP_LCD_GetXSize  stm32746g_discovery_lcd.o
    0x08000628   0x08000628   0x00000020   Code   RO          360    i.BSP_LCD_GetYSize  stm32746g_discovery_lcd.o
    0x08000648   0x08000648   0x000000a4   Code   RO          361    i.BSP_LCD_Init      stm32746g_discovery_lcd.o
    0x080006ec   0x080006ec   0x00000078   Code   RO          362    i.BSP_LCD_LayerDefaultInit  stm32746g_discovery_lcd.o
    0x08000764   0x08000764   0x00000138   Code   RO          365    i.BSP_LCD_MspInit   stm32746g_discovery_lcd.o
    0x0800089c   0x0800089c   0x0000000c   Code   RO          370    i.BSP_LCD_SelectLayer  stm32746g_discovery_lcd.o
    0x080008a8   0x080008a8   0x0000001c   Code   RO          374    i.BSP_LCD_SetFont   stm32746g_discovery_lcd.o
    0x080008c4   0x080008c4   0x00000018   Code   RO          381    i.BSP_LCD_SetTextColor  stm32746g_discovery_lcd.o
    0x080008dc   0x080008dc   0x0000000c   Code   RO          382    i.BSP_LCD_SetTransparency  stm32746g_discovery_lcd.o
    0x080008e8   0x080008e8   0x0000001c   Code   RO           15    i.BSP_LED_On        stm32746g_discovery.o
    0x08000904   0x08000904   0x00000018   Code   RO           18    i.BSP_PB_GetState   stm32746g_discovery.o
    0x0800091c   0x0800091c   0x00000094   Code   RO           19    i.BSP_PB_Init       stm32746g_discovery.o
    0x080009b0   0x080009b0   0x00000078   Code   RO          865    i.BSP_SDRAM_Init    stm32746g_discovery_sdram.o
    0x08000a28   0x08000a28   0x0000008c   Code   RO          866    i.BSP_SDRAM_Initialization_sequence  stm32746g_discovery_sdram.o
    0x08000ab4   0x08000ab4   0x00000168   Code   RO          868    i.BSP_SDRAM_MspInit  stm32746g_discovery_sdram.o
    0x08000c1c   0x08000c1c   0x00000002   Code   RO          720    i.BSP_SD_AbortCallback  stm32746g_discovery_sd.o
    0x08000c1e   0x08000c1e   0x00000002   PAD
    0x08000c20   0x08000c20   0x00000038   Code   RO          722    i.BSP_SD_Detect_MspInit  stm32746g_discovery_sd.o
    0x08000c58   0x08000c58   0x0000000c   Code   RO          724    i.BSP_SD_GetCardInfo  stm32746g_discovery_sd.o
    0x08000c64   0x08000c64   0x00000018   Code   RO          725    i.BSP_SD_GetCardState  stm32746g_discovery_sd.o
    0x08000c7c   0x08000c7c   0x00000058   Code   RO          727    i.BSP_SD_Init       stm32746g_discovery_sd.o
    0x08000cd4   0x08000cd4   0x00000024   Code   RO          728    i.BSP_SD_IsDetected  stm32746g_discovery_sd.o
    0x08000cf8   0x08000cf8   0x0000014c   Code   RO          730    i.BSP_SD_MspInit    stm32746g_discovery_sd.o
    0x08000e44   0x08000e44   0x0000001c   Code   RO          731    i.BSP_SD_ReadBlocks  stm32746g_discovery_sd.o
    0x08000e60   0x08000e60   0x00000002   Code   RO          733    i.BSP_SD_ReadCpltCallback  stm32746g_discovery_sd.o
    0x08000e62   0x08000e62   0x00000002   PAD
    0x08000e64   0x08000e64   0x0000001c   Code   RO          734    i.BSP_SD_WriteBlocks  stm32746g_discovery_sd.o
    0x08000e80   0x08000e80   0x00000002   Code   RO          736    i.BSP_SD_WriteCpltCallback  stm32746g_discovery_sd.o
    0x08000e82   0x08000e82   0x0000001e   Code   RO         4519    i.Buffercmp         fatfs_storage.o
    0x08000ea0   0x08000ea0   0x00000002   Code   RO         4405    i.BusFault_Handler  stm32f7xx_it.o
    0x08000ea2   0x08000ea2   0x00000002   PAD
    0x08000ea4   0x08000ea4   0x0000007c   Code   RO         4582    i.CPU_CACHE_Enable  main.o
    0x08000f20   0x08000f20   0x00000092   Code   RO         1160    i.DMA2D_SetConfig   stm32f7xx_hal_dma2d.o
    0x08000fb2   0x08000fb2   0x00000002   PAD
    0x08000fb4   0x08000fb4   0x0000000c   Code   RO         4406    i.DMA2_Stream3_IRQHandler  stm32f7xx_it.o
    0x08000fc0   0x08000fc0   0x00000028   Code   RO         2552    i.DMA_CalcBaseAndBitshift  stm32f7xx_hal_dma.o
    0x08000fe8   0x08000fe8   0x00000054   Code   RO         2553    i.DMA_CheckFifoParam  stm32f7xx_hal_dma.o
    0x0800103c   0x0800103c   0x00000002   Code   RO         4407    i.DebugMon_Handler  stm32f7xx_it.o
    0x0800103e   0x0800103e   0x00000002   PAD
    0x08001040   0x08001040   0x000000b0   Code   RO          386    i.DrawChar          stm32746g_discovery_lcd.o
    0x080010f0   0x080010f0   0x00000006   Code   RO         4002    i.FATFS_LinkDriver  ff_gen_drv.o
    0x080010f6   0x080010f6   0x00000002   PAD
    0x080010f8   0x080010f8   0x00000040   Code   RO         4003    i.FATFS_LinkDriverEx  ff_gen_drv.o
    0x08001138   0x08001138   0x0000005e   Code   RO         1570    i.FMC_SDRAM_Init    stm32f7xx_ll_fmc.o
    0x08001196   0x08001196   0x0000000c   Code   RO         1571    i.FMC_SDRAM_ProgramRefreshRate  stm32f7xx_ll_fmc.o
    0x080011a2   0x080011a2   0x00000020   Code   RO         1572    i.FMC_SDRAM_SendCommand  stm32f7xx_ll_fmc.o
    0x080011c2   0x080011c2   0x00000002   PAD
    0x080011c4   0x080011c4   0x0000008c   Code   RO         1574    i.FMC_SDRAM_Timing_Init  stm32f7xx_ll_fmc.o
    0x08001250   0x08001250   0x000000a4   Code   RO         1172    i.HAL_DMA2D_ConfigLayer  stm32f7xx_hal_dma2d.o
    0x080012f4   0x080012f4   0x0000005a   Code   RO         1180    i.HAL_DMA2D_Init    stm32f7xx_hal_dma2d.o
    0x0800134e   0x0800134e   0x00000002   Code   RO         1183    i.HAL_DMA2D_MspInit  stm32f7xx_hal_dma2d.o
    0x08001350   0x08001350   0x0000010c   Code   RO         1184    i.HAL_DMA2D_PollForTransfer  stm32f7xx_hal_dma2d.o
    0x0800145c   0x0800145c   0x00000034   Code   RO         1187    i.HAL_DMA2D_Start   stm32f7xx_hal_dma2d.o
    0x08001490   0x08001490   0x00000024   Code   RO         2556    i.HAL_DMA_Abort_IT  stm32f7xx_hal_dma.o
    0x080014b4   0x080014b4   0x00000062   Code   RO         2557    i.HAL_DMA_DeInit    stm32f7xx_hal_dma.o
    0x08001516   0x08001516   0x00000002   PAD
    0x08001518   0x08001518   0x000001a0   Code   RO         2560    i.HAL_DMA_IRQHandler  stm32f7xx_hal_dma.o
    0x080016b8   0x080016b8   0x000000e4   Code   RO         2561    i.HAL_DMA_Init      stm32f7xx_hal_dma.o
    0x0800179c   0x0800179c   0x00000024   Code   RO         2929    i.HAL_Delay         stm32f7xx_hal.o
    0x080017c0   0x080017c0   0x000001d8   Code   RO         1067    i.HAL_GPIO_Init     stm32f7xx_hal_gpio.o
    0x08001998   0x08001998   0x0000000a   Code   RO         1069    i.HAL_GPIO_ReadPin  stm32f7xx_hal_gpio.o
    0x080019a2   0x080019a2   0x0000000a   Code   RO         1071    i.HAL_GPIO_WritePin  stm32f7xx_hal_gpio.o
    0x080019ac   0x080019ac   0x0000000c   Code   RO         2937    i.HAL_GetTick       stm32f7xx_hal.o
    0x080019b8   0x080019b8   0x00000010   Code   RO         2943    i.HAL_IncTick       stm32f7xx_hal.o
    0x080019c8   0x080019c8   0x00000024   Code   RO         2944    i.HAL_Init          stm32f7xx_hal.o
    0x080019ec   0x080019ec   0x00000040   Code   RO         2945    i.HAL_InitTick      stm32f7xx_hal.o
    0x08001a2c   0x08001a2c   0x00000052   Code   RO         2142    i.HAL_LTDC_ConfigLayer  stm32f7xx_hal_ltdc.o
    0x08001a7e   0x08001a7e   0x00000006   Code   RO         2157    i.HAL_LTDC_GetState  stm32f7xx_hal_ltdc.o
    0x08001a84   0x08001a84   0x00000100   Code   RO         2159    i.HAL_LTDC_Init     stm32f7xx_hal_ltdc.o
    0x08001b84   0x08001b84   0x00000002   Code   RO         2162    i.HAL_LTDC_MspInit  stm32f7xx_hal_ltdc.o
    0x08001b86   0x08001b86   0x00000044   Code   RO         2168    i.HAL_LTDC_SetAlpha  stm32f7xx_hal_ltdc.o
    0x08001bca   0x08001bca   0x00000002   Code   RO         2947    i.HAL_MspInit       stm32f7xx_hal.o
    0x08001bcc   0x08001bcc   0x0000001a   Code   RO         1710    i.HAL_NVIC_EnableIRQ  stm32f7xx_hal_cortex.o
    0x08001be6   0x08001be6   0x00000002   PAD
    0x08001be8   0x08001be8   0x00000040   Code   RO         1716    i.HAL_NVIC_SetPriority  stm32f7xx_hal_cortex.o
    0x08001c28   0x08001c28   0x00000024   Code   RO         1717    i.HAL_NVIC_SetPriorityGrouping  stm32f7xx_hal_cortex.o
    0x08001c4c   0x08001c4c   0x0000006c   Code   RO         1367    i.HAL_PWREx_EnableOverDrive  stm32f7xx_hal_pwr_ex.o
    0x08001cb8   0x08001cb8   0x000004fc   Code   RO         3243    i.HAL_RCCEx_PeriphCLKConfig  stm32f7xx_hal_rcc_ex.o
    0x080021b4   0x080021b4   0x0000012c   Code   RO         1454    i.HAL_RCC_ClockConfig  stm32f7xx_hal_rcc.o
    0x080022e0   0x080022e0   0x00000064   Code   RO         1463    i.HAL_RCC_GetSysClockFreq  stm32f7xx_hal_rcc.o
    0x08002344   0x08002344   0x00000338   Code   RO         1466    i.HAL_RCC_OscConfig  stm32f7xx_hal_rcc.o
    0x0800267c   0x0800267c   0x00000042   Code   RO         2402    i.HAL_SDRAM_Init    stm32f7xx_hal_sdram.o
    0x080026be   0x080026be   0x00000002   Code   RO         2404    i.HAL_SDRAM_MspInit  stm32f7xx_hal_sdram.o
    0x080026c0   0x080026c0   0x00000022   Code   RO         2405    i.HAL_SDRAM_ProgramRefreshRate  stm32f7xx_hal_sdram.o
    0x080026e2   0x080026e2   0x00000002   PAD
    0x080026e4   0x080026e4   0x00000030   Code   RO         2411    i.HAL_SDRAM_SendCommand  stm32f7xx_hal_sdram.o
    0x08002714   0x08002714   0x00000008   Code   RO          737    i.HAL_SD_AbortCallback  stm32746g_discovery_sd.o
    0x0800271c   0x0800271c   0x00000078   Code   RO         1907    i.HAL_SD_ConfigWideBusOperation  stm32f7xx_hal_sd.o
    0x08002794   0x08002794   0x00000002   Code   RO         1910    i.HAL_SD_ErrorCallback  stm32f7xx_hal_sd.o
    0x08002796   0x08002796   0x000001fa   Code   RO         1912    i.HAL_SD_GetCardCSD  stm32f7xx_hal_sd.o
    0x08002990   0x08002990   0x00000024   Code   RO         1913    i.HAL_SD_GetCardInfo  stm32f7xx_hal_sd.o
    0x080029b4   0x080029b4   0x0000002c   Code   RO         1914    i.HAL_SD_GetCardState  stm32f7xx_hal_sd.o
    0x080029e0   0x080029e0   0x000001a8   Code   RO         1918    i.HAL_SD_IRQHandler  stm32f7xx_hal_sd.o
    0x08002b88   0x08002b88   0x00000036   Code   RO         1919    i.HAL_SD_Init       stm32f7xx_hal_sd.o
    0x08002bbe   0x08002bbe   0x0000005c   Code   RO         1920    i.HAL_SD_InitCard   stm32f7xx_hal_sd.o
    0x08002c1a   0x08002c1a   0x00000002   Code   RO         1922    i.HAL_SD_MspInit    stm32f7xx_hal_sd.o
    0x08002c1c   0x08002c1c   0x000001b0   Code   RO         1923    i.HAL_SD_ReadBlocks  stm32f7xx_hal_sd.o
    0x08002dcc   0x08002dcc   0x00000008   Code   RO          738    i.HAL_SD_RxCpltCallback  stm32746g_discovery_sd.o
    0x08002dd4   0x08002dd4   0x00000008   Code   RO          739    i.HAL_SD_TxCpltCallback  stm32746g_discovery_sd.o
    0x08002ddc   0x08002ddc   0x000001a2   Code   RO         1928    i.HAL_SD_WriteBlocks  stm32f7xx_hal_sd.o
    0x08002f7e   0x08002f7e   0x00000026   Code   RO         1721    i.HAL_SYSTICK_Config  stm32f7xx_hal_cortex.o
    0x08002fa4   0x08002fa4   0x00000002   Code   RO         4408    i.HardFault_Handler  stm32f7xx_it.o
    0x08002fa6   0x08002fa6   0x00000002   PAD
    0x08002fa8   0x08002fa8   0x00000068   Code   RO          388    i.LL_ConvertLineToARGB8888  stm32746g_discovery_lcd.o
    0x08003010   0x08003010   0x00000080   Code   RO          389    i.LL_FillBuffer     stm32746g_discovery_lcd.o
    0x08003090   0x08003090   0x000001d0   Code   RO         2178    i.LTDC_SetConfig    stm32f7xx_hal_ltdc.o
    0x08003260   0x08003260   0x00000002   Code   RO         4409    i.MemManage_Handler  stm32f7xx_it.o
    0x08003262   0x08003262   0x00000002   Code   RO         4410    i.NMI_Handler       stm32f7xx_it.o
    0x08003264   0x08003264   0x00000002   Code   RO         4411    i.PendSV_Handler    stm32f7xx_it.o
    0x08003266   0x08003266   0x00000002   PAD
    0x08003268   0x08003268   0x0000000c   Code   RO         4412    i.SDMMC1_IRQHandler  stm32f7xx_it.o
    0x08003274   0x08003274   0x00000032   Code   RO         2658    i.SDMMC_CmdAppCommand  stm32f7xx_ll_sdmmc.o
    0x080032a6   0x080032a6   0x00000002   PAD
    0x080032a8   0x080032a8   0x00000034   Code   RO         2659    i.SDMMC_CmdAppOperCommand  stm32f7xx_ll_sdmmc.o
    0x080032dc   0x080032dc   0x00000032   Code   RO         2660    i.SDMMC_CmdBlockLength  stm32f7xx_ll_sdmmc.o
    0x0800330e   0x0800330e   0x00000032   Code   RO         2661    i.SDMMC_CmdBusWidth  stm32f7xx_ll_sdmmc.o
    0x08003340   0x08003340   0x00000050   Code   RO         2665    i.SDMMC_CmdGoIdleState  stm32f7xx_ll_sdmmc.o
    0x08003390   0x08003390   0x00000064   Code   RO         2667    i.SDMMC_CmdOperCond  stm32f7xx_ll_sdmmc.o
    0x080033f4   0x080033f4   0x00000032   Code   RO         2668    i.SDMMC_CmdReadMultiBlock  stm32f7xx_ll_sdmmc.o
    0x08003426   0x08003426   0x00000032   Code   RO         2669    i.SDMMC_CmdReadSingleBlock  stm32f7xx_ll_sdmmc.o
    0x08003458   0x08003458   0x00000030   Code   RO         2672    i.SDMMC_CmdSelDesel  stm32f7xx_ll_sdmmc.o
    0x08003488   0x08003488   0x0000002a   Code   RO         2673    i.SDMMC_CmdSendCID  stm32f7xx_ll_sdmmc.o
    0x080034b2   0x080034b2   0x0000002e   Code   RO         2674    i.SDMMC_CmdSendCSD  stm32f7xx_ll_sdmmc.o
    0x080034e0   0x080034e0   0x00000030   Code   RO         2675    i.SDMMC_CmdSendSCR  stm32f7xx_ll_sdmmc.o
    0x08003510   0x08003510   0x00000032   Code   RO         2676    i.SDMMC_CmdSendStatus  stm32f7xx_ll_sdmmc.o
    0x08003542   0x08003542   0x00000030   Code   RO         2677    i.SDMMC_CmdSetRelAdd  stm32f7xx_ll_sdmmc.o
    0x08003572   0x08003572   0x00000002   PAD
    0x08003574   0x08003574   0x00000034   Code   RO         2679    i.SDMMC_CmdStopTransfer  stm32f7xx_ll_sdmmc.o
    0x080035a8   0x080035a8   0x00000032   Code   RO         2681    i.SDMMC_CmdWriteMultiBlock  stm32f7xx_ll_sdmmc.o
    0x080035da   0x080035da   0x00000032   Code   RO         2682    i.SDMMC_CmdWriteSingleBlock  stm32f7xx_ll_sdmmc.o
    0x0800360c   0x0800360c   0x00000026   Code   RO         2683    i.SDMMC_ConfigData  stm32f7xx_ll_sdmmc.o
    0x08003632   0x08003632   0x00000002   PAD
    0x08003634   0x08003634   0x0000011c   Code   RO         2684    i.SDMMC_GetCmdResp1  stm32f7xx_ll_sdmmc.o
    0x08003750   0x08003750   0x00000050   Code   RO         2685    i.SDMMC_GetCmdResp2  stm32f7xx_ll_sdmmc.o
    0x080037a0   0x080037a0   0x00000040   Code   RO         2686    i.SDMMC_GetCmdResp3  stm32f7xx_ll_sdmmc.o
    0x080037e0   0x080037e0   0x00000084   Code   RO         2687    i.SDMMC_GetCmdResp6  stm32f7xx_ll_sdmmc.o
    0x08003864   0x08003864   0x00000008   Code   RO         2691    i.SDMMC_GetPowerState  stm32f7xx_ll_sdmmc.o
    0x0800386c   0x0800386c   0x0000000c   Code   RO         2692    i.SDMMC_GetResponse  stm32f7xx_ll_sdmmc.o
    0x08003878   0x08003878   0x00000022   Code   RO         2693    i.SDMMC_Init        stm32f7xx_ll_sdmmc.o
    0x0800389a   0x0800389a   0x00000008   Code   RO         2695    i.SDMMC_PowerState_ON  stm32f7xx_ll_sdmmc.o
    0x080038a2   0x080038a2   0x00000006   Code   RO         2696    i.SDMMC_ReadFIFO    stm32f7xx_ll_sdmmc.o
    0x080038a8   0x080038a8   0x00000022   Code   RO         2697    i.SDMMC_SendCommand  stm32f7xx_ll_sdmmc.o
    0x080038ca   0x080038ca   0x0000000a   Code   RO         2699    i.SDMMC_WriteFIFO   stm32f7xx_ll_sdmmc.o
    0x080038d4   0x080038d4   0x00000020   Code   RO         4620    i.SD_CheckStatus    sd_diskio.o
    0x080038f4   0x080038f4   0x00000048   Code   RO         1933    i.SD_DMARxAbort     stm32f7xx_hal_sd.o
    0x0800393c   0x0800393c   0x00000048   Code   RO         1935    i.SD_DMATxAbort     stm32f7xx_hal_sd.o
    0x08003984   0x08003984   0x000000d6   Code   RO         1936    i.SD_FindSCR        stm32f7xx_hal_sd.o
    0x08003a5a   0x08003a5a   0x000000e6   Code   RO         1937    i.SD_InitCard       stm32f7xx_hal_sd.o
    0x08003b40   0x08003b40   0x000000a6   Code   RO         1938    i.SD_PowerON        stm32f7xx_hal_sd.o
    0x08003be6   0x08003be6   0x0000004e   Code   RO         1940    i.SD_WideBus_Disable  stm32f7xx_hal_sd.o
    0x08003c34   0x08003c34   0x0000004e   Code   RO         1941    i.SD_WideBus_Enable  stm32f7xx_hal_sd.o
    0x08003c82   0x08003c82   0x00000002   PAD
    0x08003c84   0x08003c84   0x00000020   Code   RO         4621    i.SD_initialize     sd_diskio.o
    0x08003ca4   0x08003ca4   0x00000058   Code   RO         4622    i.SD_ioctl          sd_diskio.o
    0x08003cfc   0x08003cfc   0x00000026   Code   RO         4623    i.SD_read           sd_diskio.o
    0x08003d22   0x08003d22   0x00000004   Code   RO         4624    i.SD_status         sd_diskio.o
    0x08003d26   0x08003d26   0x00000002   PAD
    0x08003d28   0x08003d28   0x00000026   Code   RO         4625    i.SD_write          sd_diskio.o
    0x08003d4e   0x08003d4e   0x00000002   Code   RO         4413    i.SVC_Handler       stm32f7xx_it.o
    0x08003d50   0x08003d50   0x0000005c   Code   RO         4520    i.Storage_CheckBitmapFile  fatfs_storage.o
    0x08003dac   0x08003dac   0x00000080   Code   RO         4521    i.Storage_GetDirectoryBitmapFiles  fatfs_storage.o
    0x08003e2c   0x08003e2c   0x0000008c   Code   RO         4523    i.Storage_OpenReadFile  fatfs_storage.o
    0x08003eb8   0x08003eb8   0x00000004   Code   RO         4414    i.SysTick_Handler   stm32f7xx_it.o
    0x08003ebc   0x08003ebc   0x00000054   Code   RO         4706    i.SystemInit        system_stm32f7xx.o
    0x08003f10   0x08003f10   0x00000002   Code   RO         4415    i.UsageFault_Handler  stm32f7xx_it.o
    0x08003f12   0x08003f12   0x00000002   PAD
    0x08003f14   0x08003f14   0x00000028   Code   RO         4906    i.__0sprintf$6      mc_w.l(printf6.o)
    0x08003f3c   0x08003f3c   0x00000022   Code   RO         1723    i.__NVIC_SetPriority  stm32f7xx_hal_cortex.o
    0x08003f5e   0x08003f5e   0x0000000e   Code   RO         5084    i.__scatterload_copy  mc_w.l(handlers.o)
    0x08003f6c   0x08003f6c   0x00000002   Code   RO         5085    i.__scatterload_null  mc_w.l(handlers.o)
    0x08003f6e   0x08003f6e   0x0000000e   Code   RO         5086    i.__scatterload_zeroinit  mc_w.l(handlers.o)
    0x08003f7c   0x08003f7c   0x000002f0   Code   RO         4911    i._printf_core      mc_w.l(printf6.o)
    0x0800426c   0x0800426c   0x00000024   Code   RO         4912    i._printf_post_padding  mc_w.l(printf6.o)
    0x08004290   0x08004290   0x0000002e   Code   RO         4913    i._printf_pre_padding  mc_w.l(printf6.o)
    0x080042be   0x080042be   0x0000000a   Code   RO         4915    i._sputc            mc_w.l(printf6.o)
    0x080042c8   0x080042c8   0x00000070   Code   RO         4098    i.check_fs          ff.o
    0x08004338   0x08004338   0x0000005c   Code   RO         4099    i.chk_lock          ff.o
    0x08004394   0x08004394   0x00000020   Code   RO         4100    i.clear_lock        ff.o
    0x080043b4   0x080043b4   0x00000024   Code   RO         4101    i.clmt_clust        ff.o
    0x080043d8   0x080043d8   0x00000018   Code   RO         4102    i.clust2sect        ff.o
    0x080043f0   0x080043f0   0x000000a6   Code   RO         4103    i.create_chain      ff.o
    0x08004496   0x08004496   0x00000002   PAD
    0x08004498   0x08004498   0x000000bc   Code   RO         4104    i.create_name       ff.o
    0x08004554   0x08004554   0x00000034   Code   RO         4105    i.dec_lock          ff.o
    0x08004588   0x08004588   0x00000066   Code   RO         4106    i.dir_find          ff.o
    0x080045ee   0x080045ee   0x00000002   PAD
    0x080045f0   0x080045f0   0x000000f4   Code   RO         4107    i.dir_next          ff.o
    0x080046e4   0x080046e4   0x00000060   Code   RO         4108    i.dir_read          ff.o
    0x08004744   0x08004744   0x00000066   Code   RO         4109    i.dir_register      ff.o
    0x080047aa   0x080047aa   0x00000082   Code   RO         4111    i.dir_sdi           ff.o
    0x0800482c   0x0800482c   0x00000028   Code   RO         4055    i.disk_initialize   diskio.o
    0x08004854   0x08004854   0x00000018   Code   RO         4056    i.disk_ioctl        diskio.o
    0x0800486c   0x0800486c   0x0000001c   Code   RO         4057    i.disk_read         diskio.o
    0x08004888   0x08004888   0x00000014   Code   RO         4058    i.disk_status       diskio.o
    0x0800489c   0x0800489c   0x0000001c   Code   RO         4059    i.disk_write        diskio.o
    0x080048b8   0x080048b8   0x00000028   Code   RO         4112    i.f_close           ff.o
    0x080048e0   0x080048e0   0x00000022   Code   RO         4113    i.f_closedir        ff.o
    0x08004902   0x08004902   0x00000020   Code   RO         4114    i.f_findfirst       ff.o
    0x08004922   0x08004922   0x00000034   Code   RO         4115    i.f_findnext        ff.o
    0x08004956   0x08004956   0x00000002   PAD
    0x08004958   0x08004958   0x00000058   Code   RO         4120    i.f_mount           ff.o
    0x080049b0   0x080049b0   0x00000210   Code   RO         4121    i.f_open            ff.o
    0x08004bc0   0x08004bc0   0x00000082   Code   RO         4122    i.f_opendir         ff.o
    0x08004c42   0x08004c42   0x00000154   Code   RO         4123    i.f_read            ff.o
    0x08004d96   0x08004d96   0x00000040   Code   RO         4124    i.f_readdir         ff.o
    0x08004dd6   0x08004dd6   0x0000008e   Code   RO         4127    i.f_sync            ff.o
    0x08004e64   0x08004e64   0x00000258   Code   RO         4131    i.find_volume       ff.o
    0x080050bc   0x080050bc   0x00000074   Code   RO         4132    i.follow_path       ff.o
    0x08005130   0x08005130   0x00000050   Code   RO         5010    i.free              mc_w.l(malloc.o)
    0x08005180   0x08005180   0x00000028   Code   RO         4133    i.get_achar         ff.o
    0x080051a8   0x080051a8   0x000000be   Code   RO         4134    i.get_fat           ff.o
    0x08005266   0x08005266   0x00000004   Code   RO         4060    i.get_fattime       diskio.o
    0x0800526a   0x0800526a   0x00000062   Code   RO         4135    i.get_fileinfo      ff.o
    0x080052cc   0x080052cc   0x0000003c   Code   RO         4136    i.get_ldnumber      ff.o
    0x08005308   0x08005308   0x00000080   Code   RO         4137    i.inc_lock          ff.o
    0x08005388   0x08005388   0x00000026   Code   RO         4138    i.ld_clust          ff.o
    0x080053ae   0x080053ae   0x00000016   Code   RO         4139    i.ld_dword          ff.o
    0x080053c4   0x080053c4   0x0000000a   Code   RO         4140    i.ld_word           ff.o
    0x080053ce   0x080053ce   0x00000002   PAD
    0x080053d0   0x080053d0   0x00000328   Code   RO         4583    i.main              main.o
    0x080056f8   0x080056f8   0x0000006c   Code   RO         5011    i.malloc            mc_w.l(malloc.o)
    0x08005764   0x08005764   0x00000012   Code   RO         4141    i.mem_cpy           ff.o
    0x08005776   0x08005776   0x00000002   PAD
    0x08005778   0x08005778   0x0000000e   Code   RO         4142    i.mem_set           ff.o
    0x08005786   0x08005786   0x00000032   Code   RO         4143    i.move_window       ff.o
    0x080057b8   0x080057b8   0x00000090   Code   RO         4144    i.pattern_matching  ff.o
    0x08005848   0x08005848   0x000000f0   Code   RO         4145    i.put_fat           ff.o
    0x08005938   0x08005938   0x00000074   Code   RO         4146    i.remove_chain      ff.o
    0x080059ac   0x080059ac   0x00000028   Code   RO         4147    i.st_clust          ff.o
    0x080059d4   0x080059d4   0x00000010   Code   RO         4148    i.st_dword          ff.o
    0x080059e4   0x080059e4   0x00000008   Code   RO         4149    i.st_word           ff.o
    0x080059ec   0x080059ec   0x00000088   Code   RO         4150    i.sync_fs           ff.o
    0x08005a74   0x08005a74   0x00000052   Code   RO         4151    i.sync_window       ff.o
    0x08005ac6   0x08005ac6   0x00000030   Code   RO         4152    i.validate          ff.o
    0x08005af6   0x08005af6   0x00000002   PAD
    0x08005af8   0x08005af8   0x00000018   Data   RO           38    .constdata          stm32746g_discovery.o
    0x08005b10   0x08005b10   0x00001ab8   Data   RO          391    .constdata          stm32746g_discovery_lcd.o
    0x080075c8   0x080075c8   0x00000008   Data   RO         2567    .constdata          stm32f7xx_hal_dma.o
    0x080075d0   0x080075d0   0x0000009c   Data   RO         4154    .constdata          ff.o
    0x0800766c   0x0800766c   0x00000002   Data   RO         4525    .constdata          fatfs_storage.o
    0x0800766e   0x0800766e   0x00000002   PAD
    0x08007670   0x08007670   0x00000014   Data   RO         4626    .constdata          sd_diskio.o
    0x08007684   0x08007684   0x00000010   Data   RO         4707    .constdata          system_stm32f7xx.o
    0x08007694   0x08007694   0x00000020   Data   RO         5082    Region$$Table       anon$$obj.o


    Execution Region RW_IRAM1 (Exec base: 0x20000000, Load base: 0x080076b4, Size: 0x00002250, Max: 0x00050000, ABSOLUTE)

    Exec Addr    Load Addr    Size         Type   Attr      Idx    E Section Name        Object

    0x20000000   0x080076b4   0x00000018   Data   RW           39    .data               stm32746g_discovery.o
    0x20000018   0x080076cc   0x0000000c   Data   RW          396    .data               stm32746g_discovery_lcd.o
    0x20000024   0x080076d8   0x00000002   Data   RW          875    .data               stm32746g_discovery_sdram.o
    0x20000026   0x080076da   0x00000002   PAD
    0x20000028   0x080076dc   0x0000000c   Data   RW         2951    .data               stm32f7xx_hal.o
    0x20000034   0x080076e8   0x0000000c   Data   RW         4155    .data               ff.o
    0x20000040   0x080076f4   0x00000004   Data   RW         4526    .data               fatfs_storage.o
    0x20000044   0x080076f8   0x00000010   Data   RW         4586    .data               main.o
    0x20000054   0x08007708   0x00000001   Data   RW         4627    .data               sd_diskio.o
    0x20000055   0x08007709   0x00000003   PAD
    0x20000058   0x0800770c   0x00000004   Data   RW         4709    .data               system_stm32f7xx.o
    0x2000005c   0x08007710   0x00000004   Data   RW         5061    .data               mc_w.l(mvars.o)
    0x20000060   0x08007714   0x00000004   Data   RW         5062    .data               mc_w.l(mvars.o)
    0x20000064        -       0x00000184   Zero   RW          390    .bss                stm32746g_discovery_lcd.o
    0x200001e8        -       0x00000204   Zero   RW          740    .bss                stm32746g_discovery_sd.o
    0x200003ec        -       0x00000120   Zero   RW          874    .bss                stm32746g_discovery_sdram.o
    0x2000050c        -       0x00000010   Zero   RW         4006    .bss                ff_gen_drv.o
    0x2000051c        -       0x00000020   Zero   RW         4153    .bss                ff.o
    0x2000053c        -       0x000006ac   Zero   RW         4524    .bss                fatfs_storage.o
    0x20000be8        -       0x00000064   Zero   RW         4585    .bss                main.o
    0x20000c4c   0x08007718   0x00000004   PAD
    0x20000c50        -       0x00000600   Zero   RW         4696    HEAP                startup_stm32f746xx.o
    0x20001250        -       0x00001000   Zero   RW         4695    STACK               startup_stm32f746xx.o


==============================================================================

Image component sizes


      Code (inc. data)   RO Data    RW Data    ZI Data      Debug   Object Name

       144         26          0          0          0       4831   diskio.o
       390         62          2          4       1708       4271   fatfs_storage.o
      5040         88        156         12         32      48720   ff.o
        70          4          0          0         16       6595   ff_gen_drv.o
       932        178          0         16        100      37739   main.o
       232         14         20          1          0       4988   sd_diskio.o
        36          8        456          0       5632        868   startup_stm32f746xx.o
       200         36         24         24          0     840555   stm32746g_discovery.o
      1900        208       6840         12        388      24459   stm32746g_discovery_lcd.o
       634         60          0          0        516      11825   stm32746g_discovery_sd.o
       620         56          0          2        288       4932   stm32746g_discovery_sdram.o
       166         28          0         12          0       5119   stm32f7xx_hal.o
       198         12          0          0          0      39175   stm32f7xx_hal_cortex.o
       902         16          8          0          0       6116   stm32f7xx_hal_dma.o
       722          6          0          0          0       6231   stm32f7xx_hal_dma2d.o
       492         54          0          0          0       3555   stm32f7xx_hal_gpio.o
       878          4          0          0          0       5650   stm32f7xx_hal_ltdc.o
       108          8          0          0          0       1432   stm32f7xx_hal_pwr_ex.o
      1224         44          0          0          0       4246   stm32f7xx_hal_rcc.o
      1276         16          0          0          0       2448   stm32f7xx_hal_rcc_ex.o
      3040          8          0          0          0      18568   stm32f7xx_hal_sd.o
       150          0          0          0          0       3664   stm32f7xx_hal_sdram.o
        44         10          0          0          0       8064   stm32f7xx_it.o
       278          6          0          0          0       3784   stm32f7xx_ll_fmc.o
      1626         42          0          0          0      25276   stm32f7xx_ll_sdmmc.o
        84         16         16          4          0       1427   system_stm32f7xx.o

    ----------------------------------------------------------------------
     21434       1010       7556         92       8684    1124538   Object Totals
         0          0         32          0          0          0   (incl. Generated)
        48          0          2          5          4          0   (incl. Padding)

    ----------------------------------------------------------------------

      Code (inc. data)   RO Data    RW Data    ZI Data      Debug   Library Member Name

         0          0          0          0          0          0   entry.o
         0          0          0          0          0          0   entry10a.o
         0          0          0          0          0          0   entry11a.o
         8          4          0          0          0          0   entry2.o
         4          0          0          0          0          0   entry5.o
         0          0          0          0          0          0   entry7b.o
         0          0          0          0          0          0   entry8b.o
         8          4          0          0          0          0   entry9a.o
        30          0          0          0          0          0   handlers.o
        36          8          0          0          0         68   init.o
        30          0          0          0          0         68   llshl.o
        32          0          0          0          0         68   llushr.o
       188         20          0          0          0        160   malloc.o
        36          0          0          0          0         68   memcpya.o
         0          0          0          8          0          0   mvars.o
       884         10          0          0          0        420   printf6.o
        44          0          0          0          0         80   uidiv.o
        98          0          0          0          0         92   uldiv.o

    ----------------------------------------------------------------------
      1398         46          0          8          0       1024   Library Totals
         0          0          0          0          0          0   (incl. Padding)

    ----------------------------------------------------------------------

      Code (inc. data)   RO Data    RW Data    ZI Data      Debug   Library Name

      1398         46          0          8          0       1024   mc_w.l

    ----------------------------------------------------------------------
      1398         46          0          8          0       1024   Library Totals

    ----------------------------------------------------------------------

==============================================================================


      Code (inc. data)   RO Data    RW Data    ZI Data      Debug   

     22832       1056       7556        100       8684    1105046   Grand Totals
     22832       1056       7556        100       8684    1105046   ELF Image Totals
     22832       1056       7556        100          0          0   ROM Totals

==============================================================================

    Total RO  Size (Code + RO Data)                30388 (  29.68kB)
    Total RW  Size (RW Data + ZI Data)              8784 (   8.58kB)
    Total ROM Size (Code + RO Data + RW Data)      30488 (  29.77kB)

==============================================================================

